
 [> Подбор параметров двойного блочного размещения...
  > N = 1000, B = [15:150:1], D = [10:40:1]
  > Объем выделенной памяти:   [ 38,15 Мб ]
    ---------------------------------------------------------------
  > B =  15, D =  10, MT = 0,718000 сек, RT = 0,029000 сек, WT = 0,747000 сек
  > B =  15, D =  11, MT = 0,724000 сек, RT = 0,054000 сек, WT = 0,778000 сек
  > B =  15, D =  12, MT = 0,775000 сек, RT = 0,032000 сек, WT = 0,807000 сек
  > B =  15, D =  13, MT = 0,775000 сек, RT = 0,056000 сек, WT = 0,831000 сек
  > B =  15, D =  14, MT = 0,721000 сек, RT = 0,052000 сек, WT = 0,773000 сек
  > B =  16, D =  10, MT = 0,764000 сек, RT = 0,031000 сек, WT = 0,795000 сек
  > B =  16, D =  11, MT = 0,741000 сек, RT = 0,046000 сек, WT = 0,787000 сек
  > B =  16, D =  12, MT = 0,672000 сек, RT = 0,023000 сек, WT = 0,695000 сек
  > B =  16, D =  13, MT = 0,751000 сек, RT = 0,045000 сек, WT = 0,796000 сек
  > B =  16, D =  14, MT = 0,769000 сек, RT = 0,031000 сек, WT = 0,800000 сек
  > B =  16, D =  15, MT = 0,758000 сек, RT = 0,043000 сек, WT = 0,801000 сек
  > B =  17, D =  10, MT = 0,710000 сек, RT = 0,076000 сек, WT = 0,786000 сек
  > B =  17, D =  11, MT = 0,759000 сек, RT = 0,072000 сек, WT = 0,831000 сек
  > B =  17, D =  12, MT = 0,666000 сек, RT = 0,073000 сек, WT = 0,739000 сек
  > B =  17, D =  13, MT = 0,666000 сек, RT = 0,072000 сек, WT = 0,738000 сек
  > B =  17, D =  14, MT = 0,735000 сек, RT = 0,072000 сек, WT = 0,807000 сек
  > B =  17, D =  15, MT = 0,722000 сек, RT = 0,073000 сек, WT = 0,795000 сек
  > B =  17, D =  16, MT = 0,656000 сек, RT = 0,069000 сек, WT = 0,725000 сек
  > B =  18, D =  10, MT = 0,662000 сек, RT = 0,070000 сек, WT = 0,732000 сек
  > B =  18, D =  11, MT = 0,713000 сек, RT = 0,085000 сек, WT = 0,798000 сек
  > B =  18, D =  12, MT = 0,663000 сек, RT = 0,060000 сек, WT = 0,723000 сек
  > B =  18, D =  13, MT = 0,656000 сек, RT = 0,084000 сек, WT = 0,740000 сек
  > B =  18, D =  14, MT = 0,668000 сек, RT = 0,071000 сек, WT = 0,739000 сек
  > B =  18, D =  15, MT = 0,735000 сек, RT = 0,070000 сек, WT = 0,805000 сек
  > B =  18, D =  16, MT = 0,689000 сек, RT = 0,072000 сек, WT = 0,761000 сек
  > B =  18, D =  17, MT = 0,683000 сек, RT = 0,088000 сек, WT = 0,771000 сек
  > B =  19, D =  10, MT = 0,660000 сек, RT = 0,133000 сек, WT = 0,793000 сек
  > B =  19, D =  11, MT = 0,684000 сек, RT = 0,126000 сек, WT = 0,810000 сек
  > B =  19, D =  12, MT = 0,667000 сек, RT = 0,129000 сек, WT = 0,796000 сек
  > B =  19, D =  13, MT = 0,656000 сек, RT = 0,137000 сек, WT = 0,793000 сек
  > B =  19, D =  14, MT = 0,660000 сек, RT = 0,137000 сек, WT = 0,797000 сек
  > B =  19, D =  15, MT = 0,676000 сек, RT = 0,133000 сек, WT = 0,809000 сек
  > B =  19, D =  16, MT = 0,702000 сек, RT = 0,133000 сек, WT = 0,835000 сек
  > B =  19, D =  17, MT = 0,711000 сек, RT = 0,133000 сек, WT = 0,844000 сек
  > B =  19, D =  18, MT = 0,693000 сек, RT = 0,130000 сек, WT = 0,823000 сек
  > B =  20, D =  10, MT = 0,706000 сек, RT = 0,013000 сек, WT = 0,719000 сек
  > B =  20, D =  11, MT = 0,674000 сек, RT = 0,043000 сек, WT = 0,717000 сек
  > B =  20, D =  12, MT = 0,635000 сек, RT = 0,017000 сек, WT = 0,652000 сек
  > B =  20, D =  13, MT = 0,701000 сек, RT = 0,045000 сек, WT = 0,746000 сек
  > B =  20, D =  14, MT = 0,689000 сек, RT = 0,028000 сек, WT = 0,717000 сек
  > B =  20, D =  15, MT = 0,665000 сек, RT = 0,017000 сек, WT = 0,682000 сек
  > B =  20, D =  16, MT = 0,616000 сек, RT = 0,017000 сек, WT = 0,633000 сек
  > B =  20, D =  17, MT = 0,678000 сек, RT = 0,041000 сек, WT = 0,719000 сек
  > B =  20, D =  18, MT = 0,675000 сек, RT = 0,025000 сек, WT = 0,700000 сек
  > B =  20, D =  19, MT = 0,689000 сек, RT = 0,038000 сек, WT = 0,727000 сек
  > B =  21, D =  10, MT = 0,748000 сек, RT = 0,079000 сек, WT = 0,827000 сек
  > B =  21, D =  11, MT = 0,681000 сек, RT = 0,082000 сек, WT = 0,763000 сек
  > B =  21, D =  12, MT = 0,621000 сек, RT = 0,059000 сек, WT = 0,680000 сек
  > B =  21, D =  13, MT = 0,639000 сек, RT = 0,079000 сек, WT = 0,718000 сек
  > B =  21, D =  14, MT = 0,679000 сек, RT = 0,052000 сек, WT = 0,731000 сек
  > B =  21, D =  15, MT = 0,659000 сек, RT = 0,058000 сек, WT = 0,717000 сек
  > B =  21, D =  16, MT = 0,620000 сек, RT = 0,080000 сек, WT = 0,700000 сек
  > B =  21, D =  17, MT = 0,631000 сек, RT = 0,077000 сек, WT = 0,708000 сек
  > B =  21, D =  18, MT = 0,670000 сек, RT = 0,058000 сек, WT = 0,728000 сек
  > B =  21, D =  19, MT = 0,675000 сек, RT = 0,077000 сек, WT = 0,752000 сек
  > B =  21, D =  20, MT = 0,645000 сек, RT = 0,076000 сек, WT = 0,721000 сек
  > B =  22, D =  10, MT = 0,727000 сек, RT = 0,051000 сек, WT = 0,778000 сек
  > B =  22, D =  11, MT = 0,669000 сек, RT = 0,037000 сек, WT = 0,706000 сек
  > B =  22, D =  12, MT = 0,608000 сек, RT = 0,050000 сек, WT = 0,658000 сек
  > B =  22, D =  13, MT = 0,604000 сек, RT = 0,066000 сек, WT = 0,670000 сек
  > B =  22, D =  14, MT = 0,633000 сек, RT = 0,049000 сек, WT = 0,682000 сек
  > B =  22, D =  15, MT = 0,649000 сек, RT = 0,064000 сек, WT = 0,713000 сек
  > B =  22, D =  16, MT = 0,622000 сек, RT = 0,050000 сек, WT = 0,672000 сек
  > B =  22, D =  17, MT = 0,624000 сек, RT = 0,065000 сек, WT = 0,689000 сек
  > B =  22, D =  18, MT = 0,632000 сек, RT = 0,049000 сек, WT = 0,681000 сек
  > B =  22, D =  19, MT = 0,676000 сек, RT = 0,065000 сек, WT = 0,741000 сек
  > B =  22, D =  20, MT = 0,638000 сек, RT = 0,049000 сек, WT = 0,687000 сек
  > B =  22, D =  21, MT = 0,656000 сек, RT = 0,062000 сек, WT = 0,718000 сек
  > B =  23, D =  10, MT = 0,732000 сек, RT = 0,074000 сек, WT = 0,806000 сек
  > B =  23, D =  11, MT = 0,737000 сек, RT = 0,072000 сек, WT = 0,809000 сек
  > B =  23, D =  12, MT = 0,614000 сек, RT = 0,074000 сек, WT = 0,688000 сек
  > B =  23, D =  13, MT = 0,600000 сек, RT = 0,074000 сек, WT = 0,674000 сек
  > B =  23, D =  14, MT = 0,610000 сек, RT = 0,075000 сек, WT = 0,685000 сек
  > B =  23, D =  15, MT = 0,621000 сек, RT = 0,075000 сек, WT = 0,696000 сек
  > B =  23, D =  16, MT = 0,616000 сек, RT = 0,073000 сек, WT = 0,689000 сек
  > B =  23, D =  17, MT = 0,626000 сек, RT = 0,073000 сек, WT = 0,699000 сек
  > B =  23, D =  18, MT = 0,623000 сек, RT = 0,073000 сек, WT = 0,696000 сек
  > B =  23, D =  19, MT = 0,645000 сек, RT = 0,073000 сек, WT = 0,718000 сек
  > B =  23, D =  20, MT = 0,643000 сек, RT = 0,071000 сек, WT = 0,714000 сек
  > B =  23, D =  21, MT = 0,647000 сек, RT = 0,072000 сек, WT = 0,719000 сек
  > B =  23, D =  22, MT = 0,651000 сек, RT = 0,071000 сек, WT = 0,722000 сек
  > B =  24, D =  10, MT = 0,682000 сек, RT = 0,030000 сек, WT = 0,712000 сек
  > B =  24, D =  11, MT = 0,742000 сек, RT = 0,046000 сек, WT = 0,788000 сек
  > B =  24, D =  12, MT = 0,581000 сек, RT = 0,019000 сек, WT = 0,600000 сек
  > B =  24, D =  13, MT = 0,617000 сек, RT = 0,048000 сек, WT = 0,665000 сек
  > B =  24, D =  14, MT = 0,660000 сек, RT = 0,034000 сек, WT = 0,694000 сек
  > B =  24, D =  15, MT = 0,619000 сек, RT = 0,027000 сек, WT = 0,646000 сек
  > B =  24, D =  16, MT = 0,594000 сек, RT = 0,019000 сек, WT = 0,613000 сек
  > B =  24, D =  17, MT = 0,638000 сек, RT = 0,047000 сек, WT = 0,685000 сек
  > B =  24, D =  18, MT = 0,639000 сек, RT = 0,021000 сек, WT = 0,660000 сек
  > B =  24, D =  19, MT = 0,662000 сек, RT = 0,052000 сек, WT = 0,714000 сек
  > B =  24, D =  20, MT = 0,631000 сек, RT = 0,023000 сек, WT = 0,654000 сек
  > B =  24, D =  21, MT = 0,661000 сек, RT = 0,026000 сек, WT = 0,687000 сек
  > B =  24, D =  22, MT = 0,673000 сек, RT = 0,031000 сек, WT = 0,704000 сек
  > B =  24, D =  23, MT = 0,685000 сек, RT = 0,044000 сек, WT = 0,729000 сек
  > B =  25, D =  10, MT = 0,684000 сек, RT = 0,016000 сек, WT = 0,700000 сек
  > B =  25, D =  11, MT = 0,793000 сек, RT = 0,045000 сек, WT = 0,838000 сек
  > B =  25, D =  12, MT = 0,651000 сек, RT = 0,041000 сек, WT = 0,692000 сек
  > B =  25, D =  13, MT = 0,627000 сек, RT = 0,045000 сек, WT = 0,672000 сек
  > B =  25, D =  14, MT = 0,656000 сек, RT = 0,043000 сек, WT = 0,699000 сек
  > B =  25, D =  15, MT = 0,631000 сек, RT = 0,018000 сек, WT = 0,649000 сек
  > B =  25, D =  16, MT = 0,610000 сек, RT = 0,046000 сек, WT = 0,656000 сек
  > B =  25, D =  17, MT = 0,609000 сек, RT = 0,042000 сек, WT = 0,651000 сек
  > B =  25, D =  18, MT = 0,622000 сек, RT = 0,040000 сек, WT = 0,662000 сек
  > B =  25, D =  19, MT = 0,648000 сек, RT = 0,040000 сек, WT = 0,688000 сек
  > B =  25, D =  20, MT = 0,606000 сек, RT = 0,017000 сек, WT = 0,623000 сек
  > B =  25, D =  21, MT = 0,620000 сек, RT = 0,042000 сек, WT = 0,662000 сек
  > B =  25, D =  22, MT = 0,649000 сек, RT = 0,039000 сек, WT = 0,688000 сек
  > B =  25, D =  23, MT = 0,656000 сек, RT = 0,039000 сек, WT = 0,695000 сек
  > B =  25, D =  24, MT = 0,618000 сек, RT = 0,039000 сек, WT = 0,657000 сек
  > B =  26, D =  10, MT = 0,680000 сек, RT = 0,044000 сек, WT = 0,724000 сек
  > B =  26, D =  11, MT = 0,698000 сек, RT = 0,059000 сек, WT = 0,757000 сек
  > B =  26, D =  12, MT = 0,655000 сек, RT = 0,045000 сек, WT = 0,700000 сек
  > B =  26, D =  13, MT = 0,578000 сек, RT = 0,031000 сек, WT = 0,609000 сек
  > B =  26, D =  14, MT = 0,587000 сек, RT = 0,045000 сек, WT = 0,632000 сек
  > B =  26, D =  15, MT = 0,614000 сек, RT = 0,059000 сек, WT = 0,673000 сек
  > B =  26, D =  16, MT = 0,582000 сек, RT = 0,045000 сек, WT = 0,627000 сек
  > B =  26, D =  17, MT = 0,588000 сек, RT = 0,060000 сек, WT = 0,648000 сек
  > B =  26, D =  18, MT = 0,598000 сек, RT = 0,043000 сек, WT = 0,641000 сек
  > B =  26, D =  19, MT = 0,645000 сек, RT = 0,058000 сек, WT = 0,703000 сек
  > B =  26, D =  20, MT = 0,613000 сек, RT = 0,044000 сек, WT = 0,657000 сек
  > B =  26, D =  21, MT = 0,615000 сек, RT = 0,058000 сек, WT = 0,673000 сек
  > B =  26, D =  22, MT = 0,620000 сек, RT = 0,043000 сек, WT = 0,663000 сек
  > B =  26, D =  23, MT = 0,653000 сек, RT = 0,057000 сек, WT = 0,710000 сек
  > B =  26, D =  24, MT = 0,612000 сек, RT = 0,043000 сек, WT = 0,655000 сек
  > B =  26, D =  25, MT = 0,649000 сек, RT = 0,058000 сек, WT = 0,707000 сек
  > B =  27, D =  10, MT = 0,677000 сек, RT = 0,082000 сек, WT = 0,759000 сек
  > B =  27, D =  11, MT = 0,704000 сек, RT = 0,083000 сек, WT = 0,787000 сек
  > B =  27, D =  12, MT = 0,666000 сек, RT = 0,062000 сек, WT = 0,728000 сек
  > B =  27, D =  13, MT = 0,640000 сек, RT = 0,080000 сек, WT = 0,720000 сек
  > B =  27, D =  14, MT = 0,608000 сек, RT = 0,083000 сек, WT = 0,691000 сек
  > B =  27, D =  15, MT = 0,610000 сек, RT = 0,066000 сек, WT = 0,676000 сек
  > B =  27, D =  16, MT = 0,622000 сек, RT = 0,085000 сек, WT = 0,707000 сек
  > B =  27, D =  17, MT = 0,594000 сек, RT = 0,084000 сек, WT = 0,678000 сек
  > B =  27, D =  18, MT = 0,620000 сек, RT = 0,055000 сек, WT = 0,675000 сек
  > B =  27, D =  19, MT = 0,619000 сек, RT = 0,086000 сек, WT = 0,705000 сек
  > B =  27, D =  20, MT = 0,618000 сек, RT = 0,083000 сек, WT = 0,701000 сек
  > B =  27, D =  21, MT = 0,638000 сек, RT = 0,064000 сек, WT = 0,702000 сек
  > B =  27, D =  22, MT = 0,621000 сек, RT = 0,083000 сек, WT = 0,704000 сек
  > B =  27, D =  23, MT = 0,640000 сек, RT = 0,086000 сек, WT = 0,726000 сек
  > B =  27, D =  24, MT = 0,653000 сек, RT = 0,066000 сек, WT = 0,719000 сек
  > B =  27, D =  25, MT = 0,710000 сек, RT = 0,083000 сек, WT = 0,793000 сек
  > B =  27, D =  26, MT = 0,733000 сек, RT = 0,086000 сек, WT = 0,819000 сек
  > B =  28, D =  10, MT = 0,694000 сек, RT = 0,068000 сек, WT = 0,762000 сек
  > B =  28, D =  11, MT = 0,782000 сек, RT = 0,085000 сек, WT = 0,867000 сек
  > B =  28, D =  12, MT = 0,647000 сек, RT = 0,067000 сек, WT = 0,714000 сек
  > B =  28, D =  13, MT = 0,669000 сек, RT = 0,076000 сек, WT = 0,745000 сек
  > B =  28, D =  14, MT = 0,592000 сек, RT = 0,050000 сек, WT = 0,642000 сек
  > B =  28, D =  15, MT = 0,620000 сек, RT = 0,083000 сек, WT = 0,703000 сек
  > B =  28, D =  16, MT = 0,603000 сек, RT = 0,055000 сек, WT = 0,658000 сек
  > B =  28, D =  17, MT = 0,632000 сек, RT = 0,081000 сек, WT = 0,713000 сек
  > B =  28, D =  18, MT = 0,604000 сек, RT = 0,064000 сек, WT = 0,668000 сек
  > B =  28, D =  19, MT = 0,631000 сек, RT = 0,081000 сек, WT = 0,712000 сек
  > B =  28, D =  20, MT = 0,599000 сек, RT = 0,055000 сек, WT = 0,654000 сек
  > B =  28, D =  21, MT = 0,636000 сек, RT = 0,055000 сек, WT = 0,691000 сек
  > B =  28, D =  22, MT = 0,638000 сек, RT = 0,068000 сек, WT = 0,706000 сек
  > B =  28, D =  23, MT = 0,638000 сек, RT = 0,077000 сек, WT = 0,715000 сек
  > B =  28, D =  24, MT = 0,599000 сек, RT = 0,058000 сек, WT = 0,657000 сек
  > B =  28, D =  25, MT = 0,680000 сек, RT = 0,077000 сек, WT = 0,757000 сек
  > B =  28, D =  26, MT = 0,669000 сек, RT = 0,065000 сек, WT = 0,734000 сек
  > B =  28, D =  27, MT = 0,692000 сек, RT = 0,078000 сек, WT = 0,770000 сек
  > B =  29, D =  10, MT = 0,654000 сек, RT = 0,080000 сек, WT = 0,734000 сек
  > B =  29, D =  11, MT = 0,743000 сек, RT = 0,084000 сек, WT = 0,827000 сек
  > B =  29, D =  12, MT = 0,649000 сек, RT = 0,086000 сек, WT = 0,735000 сек
  > B =  29, D =  13, MT = 0,724000 сек, RT = 0,086000 сек, WT = 0,810000 сек
  > B =  29, D =  14, MT = 0,668000 сек, RT = 0,083000 сек, WT = 0,751000 сек
  > B =  29, D =  15, MT = 0,619000 сек, RT = 0,080000 сек, WT = 0,699000 сек
  > B =  29, D =  16, MT = 0,587000 сек, RT = 0,086000 сек, WT = 0,673000 сек
  > B =  29, D =  17, MT = 0,597000 сек, RT = 0,081000 сек, WT = 0,678000 сек
  > B =  29, D =  18, MT = 0,638000 сек, RT = 0,086000 сек, WT = 0,724000 сек
  > B =  29, D =  19, MT = 0,723000 сек, RT = 0,087000 сек, WT = 0,810000 сек
  > B =  29, D =  20, MT = 0,637000 сек, RT = 0,089000 сек, WT = 0,726000 сек
  > B =  29, D =  21, MT = 0,614000 сек, RT = 0,099000 сек, WT = 0,713000 сек
  > B =  29, D =  22, MT = 0,689000 сек, RT = 0,086000 сек, WT = 0,775000 сек
  > B =  29, D =  23, MT = 0,671000 сек, RT = 0,094000 сек, WT = 0,765000 сек
  > B =  29, D =  24, MT = 0,617000 сек, RT = 0,080000 сек, WT = 0,697000 сек
  > B =  29, D =  25, MT = 0,658000 сек, RT = 0,085000 сек, WT = 0,743000 сек
  > B =  29, D =  26, MT = 0,681000 сек, RT = 0,081000 сек, WT = 0,762000 сек
  > B =  29, D =  27, MT = 0,690000 сек, RT = 0,080000 сек, WT = 0,770000 сек
  > B =  29, D =  28, MT = 0,638000 сек, RT = 0,083000 сек, WT = 0,721000 сек
  > B =  30, D =  10, MT = 0,652000 сек, RT = 0,024000 сек, WT = 0,676000 сек
  > B =  30, D =  11, MT = 0,745000 сек, RT = 0,057000 сек, WT = 0,802000 сек
  > B =  30, D =  12, MT = 0,672000 сек, RT = 0,030000 сек, WT = 0,702000 сек
  > B =  30, D =  13, MT = 0,654000 сек, RT = 0,056000 сек, WT = 0,710000 сек
  > B =  30, D =  14, MT = 0,682000 сек, RT = 0,041000 сек, WT = 0,723000 сек
  > B =  30, D =  15, MT = 0,603000 сек, RT = 0,025000 сек, WT = 0,628000 сек
  > B =  30, D =  16, MT = 0,580000 сек, RT = 0,038000 сек, WT = 0,618000 сек
  > B =  30, D =  17, MT = 0,580000 сек, RT = 0,055000 сек, WT = 0,635000 сек
  > B =  30, D =  18, MT = 0,619000 сек, RT = 0,028000 сек, WT = 0,647000 сек
  > B =  30, D =  19, MT = 0,640000 сек, RT = 0,059000 сек, WT = 0,699000 сек
  > B =  30, D =  20, MT = 0,611000 сек, RT = 0,028000 сек, WT = 0,639000 сек
  > B =  30, D =  21, MT = 0,599000 сек, RT = 0,032000 сек, WT = 0,631000 сек
  > B =  30, D =  22, MT = 0,626000 сек, RT = 0,038000 сек, WT = 0,664000 сек
  > B =  30, D =  23, MT = 0,648000 сек, RT = 0,057000 сек, WT = 0,705000 сек
  > B =  30, D =  24, MT = 0,608000 сек, RT = 0,029000 сек, WT = 0,637000 сек
  > B =  30, D =  25, MT = 0,630000 сек, RT = 0,030000 сек, WT = 0,660000 сек
  > B =  30, D =  26, MT = 0,625000 сек, RT = 0,039000 сек, WT = 0,664000 сек
  > B =  30, D =  27, MT = 0,654000 сек, RT = 0,032000 сек, WT = 0,686000 сек
  > B =  30, D =  28, MT = 0,635000 сек, RT = 0,044000 сек, WT = 0,679000 сек
  > B =  30, D =  29, MT = 0,663000 сек, RT = 0,052000 сек, WT = 0,715000 сек
  > B =  31, D =  10, MT = 0,693000 сек, RT = 0,096000 сек, WT = 0,789000 сек
  > B =  31, D =  11, MT = 0,674000 сек, RT = 0,094000 сек, WT = 0,768000 сек
  > B =  31, D =  12, MT = 0,636000 сек, RT = 0,098000 сек, WT = 0,734000 сек
  > B =  31, D =  13, MT = 0,617000 сек, RT = 0,095000 сек, WT = 0,712000 сек
  > B =  31, D =  14, MT = 0,672000 сек, RT = 0,095000 сек, WT = 0,767000 сек
  > B =  31, D =  15, MT = 0,679000 сек, RT = 0,096000 сек, WT = 0,775000 сек
  > B =  31, D =  16, MT = 0,614000 сек, RT = 0,102000 сек, WT = 0,716000 сек
  > B =  31, D =  17, MT = 0,572000 сек, RT = 0,097000 сек, WT = 0,669000 сек
  > B =  31, D =  18, MT = 0,577000 сек, RT = 0,096000 сек, WT = 0,673000 сек
  > B =  31, D =  19, MT = 0,621000 сек, RT = 0,103000 сек, WT = 0,724000 сек
  > B =  31, D =  20, MT = 0,625000 сек, RT = 0,103000 сек, WT = 0,728000 сек
  > B =  31, D =  21, MT = 0,618000 сек, RT = 0,101000 сек, WT = 0,719000 сек
  > B =  31, D =  22, MT = 0,607000 сек, RT = 0,101000 сек, WT = 0,708000 сек
  > B =  31, D =  23, MT = 0,606000 сек, RT = 0,093000 сек, WT = 0,699000 сек
  > B =  31, D =  24, MT = 0,618000 сек, RT = 0,097000 сек, WT = 0,715000 сек
  > B =  31, D =  25, MT = 0,638000 сек, RT = 0,100000 сек, WT = 0,738000 сек
  > B =  31, D =  26, MT = 0,621000 сек, RT = 0,095000 сек, WT = 0,716000 сек
  > B =  31, D =  27, MT = 0,630000 сек, RT = 0,094000 сек, WT = 0,724000 сек
  > B =  31, D =  28, MT = 0,628000 сек, RT = 0,094000 сек, WT = 0,722000 сек
  > B =  31, D =  29, MT = 0,650000 сек, RT = 0,094000 сек, WT = 0,744000 сек
  > B =  31, D =  30, MT = 0,649000 сек, RT = 0,093000 сек, WT = 0,742000 сек
  > B =  32, D =  10, MT = 0,715000 сек, RT = 0,031000 сек, WT = 0,746000 сек
  > B =  32, D =  11, MT = 0,666000 сек, RT = 0,049000 сек, WT = 0,715000 сек
  > B =  32, D =  12, MT = 0,618000 сек, RT = 0,023000 сек, WT = 0,641000 сек
  > B =  32, D =  13, MT = 0,637000 сек, RT = 0,047000 сек, WT = 0,684000 сек
  > B =  32, D =  14, MT = 0,636000 сек, RT = 0,032000 сек, WT = 0,668000 сек
  > B =  32, D =  15, MT = 0,684000 сек, RT = 0,046000 сек, WT = 0,730000 сек
  > B =  32, D =  16, MT = 0,576000 сек, RT = 0,018000 сек, WT = 0,594000 сек
  > B =  32, D =  17, MT = 0,620000 сек, RT = 0,050000 сек, WT = 0,670000 сек
  > B =  32, D =  18, MT = 0,617000 сек, RT = 0,032000 сек, WT = 0,649000 сек
  > B =  32, D =  19, MT = 0,638000 сек, RT = 0,046000 сек, WT = 0,684000 сек
  > B =  32, D =  20, MT = 0,625000 сек, RT = 0,024000 сек, WT = 0,649000 сек
  > B =  32, D =  21, MT = 0,669000 сек, RT = 0,048000 сек, WT = 0,717000 сек
  > B =  32, D =  22, MT = 0,671000 сек, RT = 0,032000 сек, WT = 0,703000 сек
  > B =  32, D =  23, MT = 0,687000 сек, RT = 0,047000 сек, WT = 0,734000 сек
  > B =  32, D =  24, MT = 0,668000 сек, RT = 0,020000 сек, WT = 0,688000 сек
  > B =  32, D =  25, MT = 0,724000 сек, RT = 0,047000 сек, WT = 0,771000 сек
  > B =  32, D =  26, MT = 0,738000 сек, RT = 0,032000 сек, WT = 0,770000 сек
  > B =  32, D =  27, MT = 0,765000 сек, RT = 0,048000 сек, WT = 0,813000 сек
  > B =  32, D =  28, MT = 0,734000 сек, RT = 0,025000 сек, WT = 0,759000 сек
  > B =  32, D =  29, MT = 0,761000 сек, RT = 0,046000 сек, WT = 0,807000 сек
  > B =  32, D =  30, MT = 0,762000 сек, RT = 0,030000 сек, WT = 0,792000 сек
  > B =  32, D =  31, MT = 0,768000 сек, RT = 0,046000 сек, WT = 0,814000 сек
  > B =  33, D =  10, MT = 0,695000 сек, RT = 0,089000 сек, WT = 0,784000 сек
  > B =  33, D =  11, MT = 0,675000 сек, RT = 0,064000 сек, WT = 0,739000 сек
  > B =  33, D =  12, MT = 0,591000 сек, RT = 0,068000 сек, WT = 0,659000 сек
  > B =  33, D =  13, MT = 0,616000 сек, RT = 0,088000 сек, WT = 0,704000 сек
  > B =  33, D =  14, MT = 0,617000 сек, RT = 0,090000 сек, WT = 0,707000 сек
  > B =  33, D =  15, MT = 0,685000 сек, RT = 0,073000 сек, WT = 0,758000 сек
  > B =  33, D =  16, MT = 0,632000 сек, RT = 0,093000 сек, WT = 0,725000 сек
  > B =  33, D =  17, MT = 0,699000 сек, RT = 0,094000 сек, WT = 0,793000 сек
  > B =  33, D =  18, MT = 0,637000 сек, RT = 0,076000 сек, WT = 0,713000 сек
  > B =  33, D =  19, MT = 0,627000 сек, RT = 0,096000 сек, WT = 0,723000 сек
  > B =  33, D =  20, MT = 0,596000 сек, RT = 0,096000 сек, WT = 0,692000 сек
  > B =  33, D =  21, MT = 0,607000 сек, RT = 0,073000 сек, WT = 0,680000 сек
  > B =  33, D =  22, MT = 0,633000 сек, RT = 0,065000 сек, WT = 0,698000 сек
  > B =  33, D =  23, MT = 0,631000 сек, RT = 0,096000 сек, WT = 0,727000 сек
  > B =  33, D =  24, MT = 0,605000 сек, RT = 0,072000 сек, WT = 0,677000 сек
  > B =  33, D =  25, MT = 0,642000 сек, RT = 0,096000 сек, WT = 0,738000 сек
  > B =  33, D =  26, MT = 0,671000 сек, RT = 0,093000 сек, WT = 0,764000 сек
  > B =  33, D =  27, MT = 0,661000 сек, RT = 0,073000 сек, WT = 0,734000 сек
  > B =  33, D =  28, MT = 0,613000 сек, RT = 0,090000 сек, WT = 0,703000 сек
  > B =  33, D =  29, MT = 0,638000 сек, RT = 0,089000 сек, WT = 0,727000 сек
  > B =  33, D =  30, MT = 0,657000 сек, RT = 0,068000 сек, WT = 0,725000 сек
  > B =  33, D =  31, MT = 0,684000 сек, RT = 0,090000 сек, WT = 0,774000 сек
  > B =  33, D =  32, MT = 0,660000 сек, RT = 0,091000 сек, WT = 0,751000 сек
  > B =  34, D =  10, MT = 0,662000 сек, RT = 0,049000 сек, WT = 0,711000 сек
  > B =  34, D =  11, MT = 0,710000 сек, RT = 0,064000 сек, WT = 0,774000 сек
  > B =  34, D =  12, MT = 0,590000 сек, RT = 0,050000 сек, WT = 0,640000 сек
  > B =  34, D =  13, MT = 0,597000 сек, RT = 0,068000 сек, WT = 0,665000 сек
  > B =  34, D =  14, MT = 0,616000 сек, RT = 0,048000 сек, WT = 0,664000 сек
  > B =  34, D =  15, MT = 0,634000 сек, RT = 0,065000 сек, WT = 0,699000 сек
  > B =  34, D =  16, MT = 0,630000 сек, RT = 0,049000 сек, WT = 0,679000 сек
  > B =  34, D =  17, MT = 0,590000 сек, RT = 0,041000 сек, WT = 0,631000 сек
  > B =  34, D =  18, MT = 0,664000 сек, RT = 0,053000 сек, WT = 0,717000 сек
  > B =  34, D =  19, MT = 0,626000 сек, RT = 0,068000 сек, WT = 0,694000 сек
  > B =  34, D =  20, MT = 0,627000 сек, RT = 0,128000 сек, WT = 0,755000 сек
  > B =  34, D =  21, MT = 0,635000 сек, RT = 0,071000 сек, WT = 0,706000 сек
  > B =  34, D =  22, MT = 0,618000 сек, RT = 0,051000 сек, WT = 0,669000 сек
  > B =  34, D =  23, MT = 0,646000 сек, RT = 0,069000 сек, WT = 0,715000 сек
  > B =  34, D =  24, MT = 0,649000 сек, RT = 0,052000 сек, WT = 0,701000 сек
  > B =  34, D =  25, MT = 0,657000 сек, RT = 0,071000 сек, WT = 0,728000 сек
  > B =  34, D =  26, MT = 0,661000 сек, RT = 0,048000 сек, WT = 0,709000 сек
  > B =  34, D =  27, MT = 0,708000 сек, RT = 0,064000 сек, WT = 0,772000 сек
  > B =  34, D =  28, MT = 0,667000 сек, RT = 0,053000 сек, WT = 0,720000 сек
  > B =  34, D =  29, MT = 0,708000 сек, RT = 0,064000 сек, WT = 0,772000 сек
  > B =  34, D =  30, MT = 0,740000 сек, RT = 0,050000 сек, WT = 0,790000 сек
  > B =  34, D =  31, MT = 0,712000 сек, RT = 0,067000 сек, WT = 0,779000 сек
  > B =  34, D =  32, MT = 0,706000 сек, RT = 0,050000 сек, WT = 0,756000 сек
  > B =  34, D =  33, MT = 0,759000 сек, RT = 0,065000 сек, WT = 0,824000 сек
  > B =  35, D =  10, MT = 0,711000 сек, RT = 0,028000 сек, WT = 0,739000 сек
  > B =  35, D =  11, MT = 0,812000 сек, RT = 0,049000 сек, WT = 0,861000 сек
  > B =  35, D =  12, MT = 0,648000 сек, RT = 0,054000 сек, WT = 0,702000 сек
  > B =  35, D =  13, MT = 0,629000 сек, RT = 0,052000 сек, WT = 0,681000 сек
  > B =  35, D =  14, MT = 0,685000 сек, RT = 0,032000 сек, WT = 0,717000 сек
  > B =  35, D =  15, MT = 0,697000 сек, RT = 0,026000 сек, WT = 0,723000 сек
  > B =  35, D =  16, MT = 0,687000 сек, RT = 0,051000 сек, WT = 0,738000 сек
  > B =  35, D =  17, MT = 0,670000 сек, RT = 0,053000 сек, WT = 0,723000 сек
  > B =  35, D =  18, MT = 0,642000 сек, RT = 0,054000 сек, WT = 0,696000 сек
  > B =  35, D =  19, MT = 0,650000 сек, RT = 0,056000 сек, WT = 0,706000 сек
  > B =  35, D =  20, MT = 0,656000 сек, RT = 0,029000 сек, WT = 0,685000 сек
  > B =  35, D =  21, MT = 0,593000 сек, RT = 0,022000 сек, WT = 0,615000 сек
  > B =  35, D =  22, MT = 0,601000 сек, RT = 0,064000 сек, WT = 0,665000 сек
  > B =  35, D =  23, MT = 0,623000 сек, RT = 0,051000 сек, WT = 0,674000 сек
  > B =  35, D =  24, MT = 0,654000 сек, RT = 0,052000 сек, WT = 0,706000 сек
  > B =  35, D =  25, MT = 0,650000 сек, RT = 0,027000 сек, WT = 0,677000 сек
  > B =  35, D =  26, MT = 0,660000 сек, RT = 0,051000 сек, WT = 0,711000 сек
  > B =  35, D =  27, MT = 0,662000 сек, RT = 0,053000 сек, WT = 0,715000 сек
  > B =  35, D =  28, MT = 0,636000 сек, RT = 0,024000 сек, WT = 0,660000 сек
  > B =  35, D =  29, MT = 0,680000 сек, RT = 0,050000 сек, WT = 0,730000 сек
  > B =  35, D =  30, MT = 0,626000 сек, RT = 0,023000 сек, WT = 0,649000 сек
  > B =  35, D =  31, MT = 0,688000 сек, RT = 0,047000 сек, WT = 0,735000 сек
  > B =  35, D =  32, MT = 0,656000 сек, RT = 0,048000 сек, WT = 0,704000 сек
  > B =  35, D =  33, MT = 0,706000 сек, RT = 0,047000 сек, WT = 0,753000 сек
  > B =  35, D =  34, MT = 0,669000 сек, RT = 0,048000 сек, WT = 0,717000 сек
  > B =  36, D =  10, MT = 0,682000 сек, RT = 0,041000 сек, WT = 0,723000 сек
  > B =  36, D =  11, MT = 0,732000 сек, RT = 0,055000 сек, WT = 0,787000 сек
  > B =  36, D =  12, MT = 0,575000 сек, RT = 0,027000 сек, WT = 0,602000 сек
  > B =  36, D =  13, MT = 0,598000 сек, RT = 0,057000 сек, WT = 0,655000 сек
  > B =  36, D =  14, MT = 0,635000 сек, RT = 0,040000 сек, WT = 0,675000 сек
  > B =  36, D =  15, MT = 0,661000 сек, RT = 0,034000 сек, WT = 0,695000 сек
  > B =  36, D =  16, MT = 0,636000 сек, RT = 0,032000 сек, WT = 0,668000 сек
  > B =  36, D =  17, MT = 0,655000 сек, RT = 0,052000 сек, WT = 0,707000 сек
  > B =  36, D =  18, MT = 0,620000 сек, RT = 0,028000 сек, WT = 0,648000 сек
  > B =  36, D =  19, MT = 0,645000 сек, RT = 0,060000 сек, WT = 0,705000 сек
  > B =  36, D =  20, MT = 0,578000 сек, RT = 0,035000 сек, WT = 0,613000 сек
  > B =  36, D =  21, MT = 0,644000 сек, RT = 0,036000 сек, WT = 0,680000 сек
  > B =  36, D =  22, MT = 0,625000 сек, RT = 0,044000 сек, WT = 0,669000 сек
  > B =  36, D =  23, MT = 0,638000 сек, RT = 0,061000 сек, WT = 0,699000 сек
  > B =  36, D =  24, MT = 0,575000 сек, RT = 0,031000 сек, WT = 0,606000 сек
  > B =  36, D =  25, MT = 0,645000 сек, RT = 0,059000 сек, WT = 0,704000 сек
  > B =  36, D =  26, MT = 0,650000 сек, RT = 0,045000 сек, WT = 0,695000 сек
  > B =  36, D =  27, MT = 0,656000 сек, RT = 0,031000 сек, WT = 0,687000 сек
  > B =  36, D =  28, MT = 0,664000 сек, RT = 0,045000 сек, WT = 0,709000 сек
  > B =  36, D =  29, MT = 0,680000 сек, RT = 0,055000 сек, WT = 0,735000 сек
  > B =  36, D =  30, MT = 0,708000 сек, RT = 0,028000 сек, WT = 0,736000 сек
  > B =  36, D =  31, MT = 0,682000 сек, RT = 0,058000 сек, WT = 0,740000 сек
  > B =  36, D =  32, MT = 0,667000 сек, RT = 0,031000 сек, WT = 0,698000 сек
  > B =  36, D =  33, MT = 0,717000 сек, RT = 0,035000 сек, WT = 0,752000 сек
  > B =  36, D =  34, MT = 0,721000 сек, RT = 0,040000 сек, WT = 0,761000 сек
  > B =  36, D =  35, MT = 0,745000 сек, RT = 0,058000 сек, WT = 0,803000 сек
  > B =  37, D =  10, MT = 0,678000 сек, RT = 0,222000 сек, WT = 0,900000 сек
  > B =  37, D =  11, MT = 0,707000 сек, RT = 0,216000 сек, WT = 0,923000 сек
  > B =  37, D =  12, MT = 0,666000 сек, RT = 0,219000 сек, WT = 0,885000 сек
  > B =  37, D =  13, MT = 0,612000 сек, RT = 0,231000 сек, WT = 0,843000 сек
  > B =  37, D =  14, MT = 0,604000 сек, RT = 0,218000 сек, WT = 0,822000 сек
  > B =  37, D =  15, MT = 0,666000 сек, RT = 0,231000 сек, WT = 0,897000 сек
  > B =  37, D =  16, MT = 0,598000 сек, RT = 0,226000 сек, WT = 0,824000 сек
  > B =  37, D =  17, MT = 0,623000 сек, RT = 0,218000 сек, WT = 0,841000 сек
  > B =  37, D =  18, MT = 0,626000 сек, RT = 0,216000 сек, WT = 0,842000 сек
  > B =  37, D =  19, MT = 0,590000 сек, RT = 0,218000 сек, WT = 0,808000 сек
  > B =  37, D =  20, MT = 0,592000 сек, RT = 0,220000 сек, WT = 0,812000 сек
  > B =  37, D =  21, MT = 0,583000 сек, RT = 0,227000 сек, WT = 0,810000 сек
  > B =  37, D =  22, MT = 0,645000 сек, RT = 0,219000 сек, WT = 0,864000 сек
  > B =  37, D =  23, MT = 0,650000 сек, RT = 0,233000 сек, WT = 0,883000 сек
  > B =  37, D =  24, MT = 0,624000 сек, RT = 0,232000 сек, WT = 0,856000 сек
  > B =  37, D =  25, MT = 0,644000 сек, RT = 0,230000 сек, WT = 0,874000 сек
  > B =  37, D =  26, MT = 0,681000 сек, RT = 0,236000 сек, WT = 0,917000 сек
  > B =  37, D =  27, MT = 0,628000 сек, RT = 0,233000 сек, WT = 0,861000 сек
  > B =  37, D =  28, MT = 0,603000 сек, RT = 0,219000 сек, WT = 0,822000 сек
  > B =  37, D =  29, MT = 0,628000 сек, RT = 0,218000 сек, WT = 0,846000 сек
  > B =  37, D =  30, MT = 0,647000 сек, RT = 0,220000 сек, WT = 0,867000 сек
  > B =  37, D =  31, MT = 0,662000 сек, RT = 0,218000 сек, WT = 0,880000 сек
  > B =  37, D =  32, MT = 0,669000 сек, RT = 0,218000 сек, WT = 0,887000 сек
  > B =  37, D =  33, MT = 0,678000 сек, RT = 0,222000 сек, WT = 0,900000 сек
  > B =  37, D =  34, MT = 0,689000 сек, RT = 0,217000 сек, WT = 0,906000 сек
  > B =  37, D =  35, MT = 0,697000 сек, RT = 0,217000 сек, WT = 0,914000 сек
  > B =  37, D =  36, MT = 0,676000 сек, RT = 0,221000 сек, WT = 0,897000 сек
  > B =  38, D =  10, MT = 0,669000 сек, RT = 0,127000 сек, WT = 0,796000 сек
  > B =  38, D =  11, MT = 0,733000 сек, RT = 0,162000 сек, WT = 0,895000 сек
  > B =  38, D =  12, MT = 0,699000 сек, RT = 0,134000 сек, WT = 0,833000 сек
  > B =  38, D =  13, MT = 0,612000 сек, RT = 0,152000 сек, WT = 0,764000 сек
  > B =  38, D =  14, MT = 0,679000 сек, RT = 0,127000 сек, WT = 0,806000 сек
  > B =  38, D =  15, MT = 0,643000 сек, RT = 0,149000 сек, WT = 0,792000 сек
  > B =  38, D =  16, MT = 0,612000 сек, RT = 0,149000 сек, WT = 0,761000 сек
  > B =  38, D =  17, MT = 0,606000 сек, RT = 0,140000 сек, WT = 0,746000 сек
  > B =  38, D =  18, MT = 0,627000 сек, RT = 0,125000 сек, WT = 0,752000 сек
  > B =  38, D =  19, MT = 0,598000 сек, RT = 0,113000 сек, WT = 0,711000 сек
  > B =  38, D =  20, MT = 0,573000 сек, RT = 0,128000 сек, WT = 0,701000 сек
  > B =  38, D =  21, MT = 0,580000 сек, RT = 0,143000 сек, WT = 0,723000 сек
  > B =  38, D =  22, MT = 0,577000 сек, RT = 0,125000 сек, WT = 0,702000 сек
  > B =  38, D =  23, MT = 0,604000 сек, RT = 0,141000 сек, WT = 0,745000 сек
  > B =  38, D =  24, MT = 0,577000 сек, RT = 0,126000 сек, WT = 0,703000 сек
  > B =  38, D =  25, MT = 0,632000 сек, RT = 0,156000 сек, WT = 0,788000 сек
  > B =  38, D =  26, MT = 0,598000 сек, RT = 0,131000 сек, WT = 0,729000 сек
  > B =  38, D =  27, MT = 0,633000 сек, RT = 0,143000 сек, WT = 0,776000 сек
  > B =  38, D =  28, MT = 0,624000 сек, RT = 0,139000 сек, WT = 0,763000 сек
  > B =  38, D =  29, MT = 0,630000 сек, RT = 0,142000 сек, WT = 0,772000 сек
  > B =  38, D =  30, MT = 0,627000 сек, RT = 0,125000 сек, WT = 0,752000 сек
  > B =  38, D =  31, MT = 0,658000 сек, RT = 0,143000 сек, WT = 0,801000 сек
  > B =  38, D =  32, MT = 0,709000 сек, RT = 0,134000 сек, WT = 0,843000 сек
  > B =  38, D =  33, MT = 0,692000 сек, RT = 0,157000 сек, WT = 0,849000 сек
  > B =  38, D =  34, MT = 0,665000 сек, RT = 0,127000 сек, WT = 0,792000 сек
  > B =  38, D =  35, MT = 0,696000 сек, RT = 0,139000 сек, WT = 0,835000 сек
  > B =  38, D =  36, MT = 0,724000 сек, RT = 0,147000 сек, WT = 0,871000 сек
  > B =  38, D =  37, MT = 0,756000 сек, RT = 0,149000 сек, WT = 0,905000 сек
  > B =  39, D =  10, MT = 0,699000 сек, RT = 0,084000 сек, WT = 0,783000 сек
  > B =  39, D =  11, MT = 0,773000 сек, RT = 0,085000 сек, WT = 0,858000 сек
  > B =  39, D =  12, MT = 0,660000 сек, RT = 0,079000 сек, WT = 0,739000 сек
  > B =  39, D =  13, MT = 0,642000 сек, RT = 0,061000 сек, WT = 0,703000 сек
  > B =  39, D =  14, MT = 0,637000 сек, RT = 0,095000 сек, WT = 0,732000 сек
  > B =  39, D =  15, MT = 0,724000 сек, RT = 0,061000 сек, WT = 0,785000 сек
  > B =  39, D =  16, MT = 0,641000 сек, RT = 0,083000 сек, WT = 0,724000 сек
  > B =  39, D =  17, MT = 0,694000 сек, RT = 0,085000 сек, WT = 0,779000 сек
  > B =  39, D =  18, MT = 0,639000 сек, RT = 0,072000 сек, WT = 0,711000 сек
  > B =  39, D =  19, MT = 0,700000 сек, RT = 0,082000 сек, WT = 0,782000 сек
  > B =  39, D =  20, MT = 0,594000 сек, RT = 0,084000 сек, WT = 0,678000 сек
  > B =  39, D =  21, MT = 0,606000 сек, RT = 0,063000 сек, WT = 0,669000 сек
  > B =  39, D =  22, MT = 0,600000 сек, RT = 0,083000 сек, WT = 0,683000 сек
  > B =  39, D =  23, MT = 0,579000 сек, RT = 0,084000 сек, WT = 0,663000 сек
  > B =  39, D =  24, MT = 0,568000 сек, RT = 0,060000 сек, WT = 0,628000 сек
  > B =  39, D =  25, MT = 0,580000 сек, RT = 0,080000 сек, WT = 0,660000 сек
  > B =  39, D =  26, MT = 0,577000 сек, RT = 0,050000 сек, WT = 0,627000 сек
  > B =  39, D =  27, MT = 0,583000 сек, RT = 0,058000 сек, WT = 0,641000 сек
  > B =  39, D =  28, MT = 0,593000 сек, RT = 0,079000 сек, WT = 0,672000 сек
  > B =  39, D =  29, MT = 0,623000 сек, RT = 0,083000 сек, WT = 0,706000 сек
  > B =  39, D =  30, MT = 0,606000 сек, RT = 0,057000 сек, WT = 0,663000 сек
  > B =  39, D =  31, MT = 0,623000 сек, RT = 0,078000 сек, WT = 0,701000 сек
  > B =  39, D =  32, MT = 0,640000 сек, RT = 0,078000 сек, WT = 0,718000 сек
  > B =  39, D =  33, MT = 0,656000 сек, RT = 0,057000 сек, WT = 0,713000 сек
  > B =  39, D =  34, MT = 0,663000 сек, RT = 0,078000 сек, WT = 0,741000 сек
  > B =  39, D =  35, MT = 0,672000 сек, RT = 0,081000 сек, WT = 0,753000 сек
  > B =  39, D =  36, MT = 0,653000 сек, RT = 0,057000 сек, WT = 0,710000 сек
  > B =  39, D =  37, MT = 0,662000 сек, RT = 0,076000 сек, WT = 0,738000 сек
  > B =  39, D =  38, MT = 0,657000 сек, RT = 0,077000 сек, WT = 0,734000 сек
  > B =  40, D =  10, MT = 0,627000 сек, RT = 0,011000 сек, WT = 0,638000 сек
  > B =  40, D =  11, MT = 0,671000 сек, RT = 0,039000 сек, WT = 0,710000 сек
  > B =  40, D =  12, MT = 0,598000 сек, RT = 0,017000 сек, WT = 0,615000 сек
  > B =  40, D =  13, MT = 0,615000 сек, RT = 0,035000 сек, WT = 0,650000 сек
  > B =  40, D =  14, MT = 0,583000 сек, RT = 0,023000 сек, WT = 0,606000 сек
  > B =  40, D =  15, MT = 0,597000 сек, RT = 0,015000 сек, WT = 0,612000 сек
  > B =  40, D =  16, MT = 0,571000 сек, RT = 0,013000 сек, WT = 0,584000 сек
  > B =  40, D =  17, MT = 0,590000 сек, RT = 0,040000 сек, WT = 0,630000 сек
  > B =  40, D =  18, MT = 0,604000 сек, RT = 0,024000 сек, WT = 0,628000 сек
  > B =  40, D =  19, MT = 0,652000 сек, RT = 0,039000 сек, WT = 0,691000 сек
  > B =  40, D =  20, MT = 0,558000 сек, RT = 0,013000 сек, WT = 0,571000 сек
  > B =  40, D =  21, MT = 0,578000 сек, RT = 0,041000 сек, WT = 0,619000 сек
  > B =  40, D =  22, MT = 0,576000 сек, RT = 0,025000 сек, WT = 0,601000 сек
  > B =  40, D =  23, MT = 0,590000 сек, RT = 0,040000 сек, WT = 0,630000 сек
  > B =  40, D =  24, MT = 0,590000 сек, RT = 0,014000 сек, WT = 0,604000 сек
  > B =  40, D =  25, MT = 0,599000 сек, RT = 0,016000 сек, WT = 0,615000 сек
  > B =  40, D =  26, MT = 0,607000 сек, RT = 0,024000 сек, WT = 0,631000 сек
  > B =  40, D =  27, MT = 0,611000 сек, RT = 0,041000 сек, WT = 0,652000 сек
  > B =  40, D =  28, MT = 0,586000 сек, RT = 0,016000 сек, WT = 0,602000 сек
  > B =  40, D =  29, MT = 0,607000 сек, RT = 0,041000 сек, WT = 0,648000 сек
  > B =  40, D =  30, MT = 0,612000 сек, RT = 0,011000 сек, WT = 0,623000 сек
  > B =  40, D =  31, MT = 0,621000 сек, RT = 0,040000 сек, WT = 0,661000 сек
  > B =  40, D =  32, MT = 0,635000 сек, RT = 0,013000 сек, WT = 0,648000 сек
  > B =  40, D =  33, MT = 0,680000 сек, RT = 0,040000 сек, WT = 0,720000 сек
  > B =  40, D =  34, MT = 0,659000 сек, RT = 0,026000 сек, WT = 0,685000 сек
  > B =  40, D =  35, MT = 0,681000 сек, RT = 0,014000 сек, WT = 0,695000 сек
  > B =  40, D =  36, MT = 0,647000 сек, RT = 0,016000 сек, WT = 0,663000 сек
  > B =  40, D =  37, MT = 0,666000 сек, RT = 0,038000 сек, WT = 0,704000 сек
  > B =  40, D =  38, MT = 0,667000 сек, RT = 0,023000 сек, WT = 0,690000 сек
  > B =  40, D =  39, MT = 0,677000 сек, RT = 0,038000 сек, WT = 0,715000 сек
  > B =  41, D =  10, MT = 0,666000 сек, RT = 0,103000 сек, WT = 0,769000 сек
  > B =  41, D =  11, MT = 0,657000 сек, RT = 0,109000 сек, WT = 0,766000 сек
  > B =  41, D =  12, MT = 0,603000 сек, RT = 0,104000 сек, WT = 0,707000 сек
  > B =  41, D =  13, MT = 0,629000 сек, RT = 0,106000 сек, WT = 0,735000 сек
  > B =  41, D =  14, MT = 0,582000 сек, RT = 0,106000 сек, WT = 0,688000 сек
  > B =  41, D =  15, MT = 0,601000 сек, RT = 0,104000 сек, WT = 0,705000 сек
  > B =  41, D =  16, MT = 0,565000 сек, RT = 0,105000 сек, WT = 0,670000 сек
  > B =  41, D =  17, MT = 0,591000 сек, RT = 0,106000 сек, WT = 0,697000 сек
  > B =  41, D =  18, MT = 0,595000 сек, RT = 0,106000 сек, WT = 0,701000 сек
  > B =  41, D =  19, MT = 0,631000 сек, RT = 0,105000 сек, WT = 0,736000 сек
  > B =  41, D =  20, MT = 0,591000 сек, RT = 0,103000 сек, WT = 0,694000 сек
  > B =  41, D =  21, MT = 0,554000 сек, RT = 0,107000 сек, WT = 0,661000 сек
  > B =  41, D =  22, MT = 0,580000 сек, RT = 0,106000 сек, WT = 0,686000 сек
  > B =  41, D =  23, MT = 0,579000 сек, RT = 0,106000 сек, WT = 0,685000 сек
  > B =  41, D =  24, MT = 0,552000 сек, RT = 0,106000 сек, WT = 0,658000 сек
  > B =  41, D =  25, MT = 0,570000 сек, RT = 0,106000 сек, WT = 0,676000 сек
  > B =  41, D =  26, MT = 0,588000 сек, RT = 0,106000 сек, WT = 0,694000 сек
  > B =  41, D =  27, MT = 0,590000 сек, RT = 0,105000 сек, WT = 0,695000 сек
  > B =  41, D =  28, MT = 0,576000 сек, RT = 0,104000 сек, WT = 0,680000 сек
  > B =  41, D =  29, MT = 0,590000 сек, RT = 0,106000 сек, WT = 0,696000 сек
  > B =  41, D =  30, MT = 0,608000 сек, RT = 0,106000 сек, WT = 0,714000 сек
  > B =  41, D =  31, MT = 0,613000 сек, RT = 0,106000 сек, WT = 0,719000 сек
  > B =  41, D =  32, MT = 0,622000 сек, RT = 0,103000 сек, WT = 0,725000 сек
  > B =  41, D =  33, MT = 0,644000 сек, RT = 0,103000 сек, WT = 0,747000 сек
  > B =  41, D =  34, MT = 0,657000 сек, RT = 0,104000 сек, WT = 0,761000 сек
  > B =  41, D =  35, MT = 0,664000 сек, RT = 0,105000 сек, WT = 0,769000 сек
  > B =  41, D =  36, MT = 0,644000 сек, RT = 0,103000 сек, WT = 0,747000 сек
  > B =  41, D =  37, MT = 0,652000 сек, RT = 0,102000 сек, WT = 0,754000 сек
  > B =  41, D =  38, MT = 0,654000 сек, RT = 0,103000 сек, WT = 0,757000 сек
  > B =  41, D =  39, MT = 0,668000 сек, RT = 0,105000 сек, WT = 0,773000 сек
  > B =  41, D =  40, MT = 0,646000 сек, RT = 0,102000 сек, WT = 0,748000 сек
  > B =  42, D =  10, MT = 0,669000 сек, RT = 0,051000 сек, WT = 0,720000 сек
  > B =  42, D =  11, MT = 0,666000 сек, RT = 0,067000 сек, WT = 0,733000 сек
  > B =  42, D =  12, MT = 0,601000 сек, RT = 0,041000 сек, WT = 0,642000 сек
  > B =  42, D =  13, MT = 0,626000 сек, RT = 0,067000 сек, WT = 0,693000 сек
  > B =  42, D =  14, MT = 0,573000 сек, RT = 0,039000 сек, WT = 0,612000 сек
  > B =  42, D =  15, MT = 0,584000 сек, RT = 0,047000 сек, WT = 0,631000 сек
  > B =  42, D =  16, MT = 0,563000 сек, RT = 0,049000 сек, WT = 0,612000 сек
  > B =  42, D =  17, MT = 0,573000 сек, RT = 0,068000 сек, WT = 0,641000 сек
  > B =  42, D =  18, MT = 0,596000 сек, RT = 0,042000 сек, WT = 0,638000 сек
  > B =  42, D =  19, MT = 0,609000 сек, RT = 0,067000 сек, WT = 0,676000 сек
  > B =  42, D =  20, MT = 0,593000 сек, RT = 0,053000 сек, WT = 0,646000 сек
  > B =  42, D =  21, MT = 0,567000 сек, RT = 0,040000 сек, WT = 0,607000 сек
  > B =  42, D =  22, MT = 0,561000 сек, RT = 0,052000 сек, WT = 0,613000 сек
  > B =  42, D =  23, MT = 0,582000 сек, RT = 0,070000 сек, WT = 0,652000 сек
  > B =  42, D =  24, MT = 0,559000 сек, RT = 0,041000 сек, WT = 0,600000 сек
  > B =  42, D =  25, MT = 0,574000 сек, RT = 0,070000 сек, WT = 0,644000 сек
  > B =  42, D =  26, MT = 0,572000 сек, RT = 0,052000 сек, WT = 0,624000 сек
  > B =  42, D =  27, MT = 0,602000 сек, RT = 0,047000 сек, WT = 0,649000 сек
  > B =  42, D =  28, MT = 0,577000 сек, RT = 0,039000 сек, WT = 0,616000 сек
  > B =  42, D =  29, MT = 0,591000 сек, RT = 0,068000 сек, WT = 0,659000 сек
  > B =  42, D =  30, MT = 0,598000 сек, RT = 0,042000 сек, WT = 0,640000 сек
  > B =  42, D =  31, MT = 0,617000 сек, RT = 0,070000 сек, WT = 0,687000 сек
  > B =  42, D =  32, MT = 0,611000 сек, RT = 0,052000 сек, WT = 0,663000 сек
  > B =  42, D =  33, MT = 0,631000 сек, RT = 0,046000 сек, WT = 0,677000 сек
  > B =  42, D =  34, MT = 0,634000 сек, RT = 0,050000 сек, WT = 0,684000 сек
  > B =  42, D =  35, MT = 0,664000 сек, RT = 0,039000 сек, WT = 0,703000 сек
  > B =  42, D =  36, MT = 0,643000 сек, RT = 0,041000 сек, WT = 0,684000 сек
  > B =  42, D =  37, MT = 0,655000 сек, RT = 0,065000 сек, WT = 0,720000 сек
  > B =  42, D =  38, MT = 0,642000 сек, RT = 0,051000 сек, WT = 0,693000 сек
  > B =  42, D =  39, MT = 0,665000 сек, RT = 0,045000 сек, WT = 0,710000 сек
  > B =  42, D =  40, MT = 0,643000 сек, RT = 0,049000 сек, WT = 0,692000 сек
  > B =  43, D =  10, MT = 0,674000 сек, RT = 0,082000 сек, WT = 0,756000 сек
  > B =  43, D =  11, MT = 0,642000 сек, RT = 0,083000 сек, WT = 0,725000 сек
  > B =  43, D =  12, MT = 0,599000 сек, RT = 0,082000 сек, WT = 0,681000 сек
  > B =  43, D =  13, MT = 0,596000 сек, RT = 0,079000 сек, WT = 0,675000 сек
  > B =  43, D =  14, MT = 0,611000 сек, RT = 0,082000 сек, WT = 0,693000 сек
  > B =  43, D =  15, MT = 0,581000 сек, RT = 0,082000 сек, WT = 0,663000 сек
  > B =  43, D =  16, MT = 0,565000 сек, RT = 0,083000 сек, WT = 0,648000 сек
  > B =  43, D =  17, MT = 0,568000 сек, RT = 0,086000 сек, WT = 0,654000 сек
  > B =  43, D =  18, MT = 0,587000 сек, RT = 0,082000 сек, WT = 0,669000 сек
  > B =  43, D =  19, MT = 0,604000 сек, RT = 0,083000 сек, WT = 0,687000 сек
  > B =  43, D =  20, MT = 0,593000 сек, RT = 0,083000 сек, WT = 0,676000 сек
  > B =  43, D =  21, MT = 0,604000 сек, RT = 0,079000 сек, WT = 0,683000 сек
  > B =  43, D =  22, MT = 0,565000 сек, RT = 0,085000 сек, WT = 0,650000 сек
  > B =  43, D =  23, MT = 0,576000 сек, RT = 0,084000 сек, WT = 0,660000 сек
  > B =  43, D =  24, MT = 0,572000 сек, RT = 0,085000 сек, WT = 0,657000 сек
  > B =  43, D =  25, MT = 0,602000 сек, RT = 0,088000 сек, WT = 0,690000 сек
  > B =  43, D =  26, MT = 0,574000 сек, RT = 0,086000 сек, WT = 0,660000 сек
  > B =  43, D =  27, MT = 0,578000 сек, RT = 0,084000 сек, WT = 0,662000 сек
  > B =  43, D =  28, MT = 0,579000 сек, RT = 0,084000 сек, WT = 0,663000 сек
  > B =  43, D =  29, MT = 0,587000 сек, RT = 0,082000 сек, WT = 0,669000 сек
  > B =  43, D =  30, MT = 0,591000 сек, RT = 0,083000 сек, WT = 0,674000 сек
  > B =  43, D =  31, MT = 0,597000 сек, RT = 0,084000 сек, WT = 0,681000 сек
  > B =  43, D =  32, MT = 0,616000 сек, RT = 0,082000 сек, WT = 0,698000 сек
  > B =  43, D =  33, MT = 0,633000 сек, RT = 0,081000 сек, WT = 0,714000 сек
  > B =  43, D =  34, MT = 0,626000 сек, RT = 0,082000 сек, WT = 0,708000 сек
  > B =  43, D =  35, MT = 0,665000 сек, RT = 0,081000 сек, WT = 0,746000 сек
  > B =  43, D =  36, MT = 0,646000 сек, RT = 0,081000 сек, WT = 0,727000 сек
  > B =  43, D =  37, MT = 0,657000 сек, RT = 0,081000 сек, WT = 0,738000 сек
  > B =  43, D =  38, MT = 0,647000 сек, RT = 0,081000 сек, WT = 0,728000 сек
  > B =  43, D =  39, MT = 0,652000 сек, RT = 0,082000 сек, WT = 0,734000 сек
  > B =  43, D =  40, MT = 0,645000 сек, RT = 0,081000 сек, WT = 0,726000 сек
  > B =  44, D =  10, MT = 0,646000 сек, RT = 0,049000 сек, WT = 0,695000 сек
  > B =  44, D =  11, MT = 0,654000 сек, RT = 0,038000 сек, WT = 0,692000 сек
  > B =  44, D =  12, MT = 0,589000 сек, RT = 0,042000 сек, WT = 0,631000 сек
  > B =  44, D =  13, MT = 0,597000 сек, RT = 0,066000 сек, WT = 0,663000 сек
  > B =  44, D =  14, MT = 0,620000 сек, RT = 0,050000 сек, WT = 0,670000 сек
  > B =  44, D =  15, MT = 0,583000 сек, RT = 0,067000 сек, WT = 0,650000 сек
  > B =  44, D =  16, MT = 0,549000 сек, RT = 0,042000 сек, WT = 0,591000 сек
  > B =  44, D =  17, MT = 0,564000 сек, RT = 0,066000 сек, WT = 0,630000 сек
  > B =  44, D =  18, MT = 0,577000 сек, RT = 0,050000 сек, WT = 0,627000 сек
  > B =  44, D =  19, MT = 0,608000 сек, RT = 0,066000 сек, WT = 0,674000 сек
  > B =  44, D =  20, MT = 0,579000 сек, RT = 0,042000 сек, WT = 0,621000 сек
  > B =  44, D =  21, MT = 0,602000 сек, RT = 0,065000 сек, WT = 0,667000 сек
  > B =  44, D =  22, MT = 0,565000 сек, RT = 0,038000 сек, WT = 0,603000 сек
  > B =  44, D =  23, MT = 0,573000 сек, RT = 0,068000 сек, WT = 0,641000 сек
  > B =  44, D =  24, MT = 0,548000 сек, RT = 0,042000 сек, WT = 0,590000 сек
  > B =  44, D =  25, MT = 0,580000 сек, RT = 0,068000 сек, WT = 0,648000 сек
  > B =  44, D =  26, MT = 0,574000 сек, RT = 0,051000 сек, WT = 0,625000 сек
  > B =  44, D =  27, MT = 0,580000 сек, RT = 0,068000 сек, WT = 0,648000 сек
  > B =  44, D =  28, MT = 0,568000 сек, RT = 0,041000 сек, WT = 0,609000 сек
  > B =  44, D =  29, MT = 0,595000 сек, RT = 0,068000 сек, WT = 0,663000 сек
  > B =  44, D =  30, MT = 0,594000 сек, RT = 0,050000 сек, WT = 0,644000 сек
  > B =  44, D =  31, MT = 0,597000 сек, RT = 0,069000 сек, WT = 0,666000 сек
  > B =  44, D =  32, MT = 0,601000 сек, RT = 0,041000 сек, WT = 0,642000 сек
  > B =  44, D =  33, MT = 0,629000 сек, RT = 0,038000 сек, WT = 0,667000 сек
  > B =  44, D =  34, MT = 0,622000 сек, RT = 0,050000 сек, WT = 0,672000 сек
  > B =  44, D =  35, MT = 0,640000 сек, RT = 0,065000 сек, WT = 0,705000 сек
  > B =  44, D =  36, MT = 0,633000 сек, RT = 0,041000 сек, WT = 0,674000 сек
  > B =  44, D =  37, MT = 0,679000 сек, RT = 0,063000 сек, WT = 0,742000 сек
  > B =  44, D =  38, MT = 0,669000 сек, RT = 0,049000 сек, WT = 0,718000 сек
  > B =  44, D =  39, MT = 0,676000 сек, RT = 0,063000 сек, WT = 0,739000 сек
  > B =  44, D =  40, MT = 0,641000 сек, RT = 0,044000 сек, WT = 0,685000 сек
  > B =  45, D =  10, MT = 0,645000 сек, RT = 0,030000 сек, WT = 0,675000 сек
  > B =  45, D =  11, MT = 0,691000 сек, RT = 0,053000 сек, WT = 0,744000 сек
  > B =  45, D =  12, MT = 0,578000 сек, RT = 0,032000 сек, WT = 0,610000 сек
  > B =  45, D =  13, MT = 0,609000 сек, RT = 0,056000 сек, WT = 0,665000 сек
  > B =  45, D =  14, MT = 0,631000 сек, RT = 0,053000 сек, WT = 0,684000 сек
  > B =  45, D =  15, MT = 0,583000 сек, RT = 0,025000 сек, WT = 0,608000 сек
  > B =  45, D =  16, MT = 0,553000 сек, RT = 0,058000 сек, WT = 0,611000 сек
  > B =  45, D =  17, MT = 0,577000 сек, RT = 0,055000 сек, WT = 0,632000 сек
  > B =  45, D =  18, MT = 0,574000 сек, RT = 0,027000 сек, WT = 0,601000 сек
  > B =  45, D =  19, MT = 0,607000 сек, RT = 0,056000 сек, WT = 0,663000 сек
  > B =  45, D =  20, MT = 0,574000 сек, RT = 0,030000 сек, WT = 0,604000 сек
  > B =  45, D =  21, MT = 0,602000 сек, RT = 0,034000 сек, WT = 0,636000 сек
  > B =  45, D =  22, MT = 0,603000 сек, RT = 0,055000 сек, WT = 0,658000 сек
  > B =  45, D =  23, MT = 0,574000 сек, RT = 0,058000 сек, WT = 0,632000 сек
  > B =  45, D =  24, MT = 0,554000 сек, RT = 0,034000 сек, WT = 0,588000 сек
  > B =  45, D =  25, MT = 0,563000 сек, RT = 0,030000 сек, WT = 0,593000 сек
  > B =  45, D =  26, MT = 0,578000 сек, RT = 0,058000 сек, WT = 0,636000 сек
  > B =  45, D =  27, MT = 0,579000 сек, RT = 0,027000 сек, WT = 0,606000 сек
  > B =  45, D =  28, MT = 0,570000 сек, RT = 0,059000 сек, WT = 0,629000 сек
  > B =  45, D =  29, MT = 0,585000 сек, RT = 0,057000 сек, WT = 0,642000 сек
  > B =  45, D =  30, MT = 0,601000 сек, RT = 0,028000 сек, WT = 0,629000 сек
  > B =  45, D =  31, MT = 0,601000 сек, RT = 0,058000 сек, WT = 0,659000 сек
  > B =  45, D =  32, MT = 0,596000 сек, RT = 0,057000 сек, WT = 0,653000 сек
  > B =  45, D =  33, MT = 0,611000 сек, RT = 0,034000 сек, WT = 0,645000 сек
  > B =  45, D =  34, MT = 0,627000 сек, RT = 0,054000 сек, WT = 0,681000 сек
  > B =  45, D =  35, MT = 0,635000 сек, RT = 0,030000 сек, WT = 0,665000 сек
  > B =  45, D =  36, MT = 0,639000 сек, RT = 0,027000 сек, WT = 0,666000 сек
  > B =  45, D =  37, MT = 0,648000 сек, RT = 0,055000 сек, WT = 0,703000 сек
  > B =  45, D =  38, MT = 0,659000 сек, RT = 0,053000 сек, WT = 0,712000 сек
  > B =  45, D =  39, MT = 0,654000 сек, RT = 0,032000 сек, WT = 0,686000 сек
  > B =  45, D =  40, MT = 0,647000 сек, RT = 0,029000 сек, WT = 0,676000 сек
  > B =  46, D =  10, MT = 0,652000 сек, RT = 0,095000 сек, WT = 0,747000 сек
  > B =  46, D =  11, MT = 0,692000 сек, RT = 0,111000 сек, WT = 0,803000 сек
  > B =  46, D =  12, MT = 0,578000 сек, RT = 0,099000 сек, WT = 0,677000 сек
  > B =  46, D =  13, MT = 0,601000 сек, RT = 0,113000 сек, WT = 0,714000 сек
  > B =  46, D =  14, MT = 0,597000 сек, RT = 0,097000 сек, WT = 0,694000 сек
  > B =  46, D =  15, MT = 0,617000 сек, RT = 0,112000 сек, WT = 0,729000 сек
  > B =  46, D =  16, MT = 0,554000 сек, RT = 0,095000 сек, WT = 0,649000 сек
  > B =  46, D =  17, MT = 0,553000 сек, RT = 0,113000 сек, WT = 0,666000 сек
  > B =  46, D =  18, MT = 0,569000 сек, RT = 0,097000 сек, WT = 0,666000 сек
  > B =  46, D =  19, MT = 0,597000 сек, RT = 0,117000 сек, WT = 0,714000 сек
  > B =  46, D =  20, MT = 0,598000 сек, RT = 0,097000 сек, WT = 0,695000 сек
  > B =  46, D =  21, MT = 0,613000 сек, RT = 0,112000 сек, WT = 0,725000 сек
  > B =  46, D =  22, MT = 0,623000 сек, RT = 0,108000 сек, WT = 0,731000 сек
  > B =  46, D =  23, MT = 0,601000 сек, RT = 0,085000 сек, WT = 0,686000 сек
  > B =  46, D =  24, MT = 0,559000 сек, RT = 0,098000 сек, WT = 0,657000 сек
  > B =  46, D =  25, MT = 0,571000 сек, RT = 0,116000 сек, WT = 0,687000 сек
  > B =  46, D =  26, MT = 0,576000 сек, RT = 0,098000 сек, WT = 0,674000 сек
  > B =  46, D =  27, MT = 0,595000 сек, RT = 0,112000 сек, WT = 0,707000 сек
  > B =  46, D =  28, MT = 0,579000 сек, RT = 0,099000 сек, WT = 0,678000 сек
  > B =  46, D =  29, MT = 0,588000 сек, RT = 0,112000 сек, WT = 0,700000 сек
  > B =  46, D =  30, MT = 0,589000 сек, RT = 0,096000 сек, WT = 0,685000 сек
  > B =  46, D =  31, MT = 0,611000 сек, RT = 0,113000 сек, WT = 0,724000 сек
  > B =  46, D =  32, MT = 0,601000 сек, RT = 0,096000 сек, WT = 0,697000 сек
  > B =  46, D =  33, MT = 0,615000 сек, RT = 0,113000 сек, WT = 0,728000 сек
  > B =  46, D =  34, MT = 0,611000 сек, RT = 0,096000 сек, WT = 0,707000 сек
  > B =  46, D =  35, MT = 0,638000 сек, RT = 0,112000 сек, WT = 0,750000 сек
  > B =  46, D =  36, MT = 0,619000 сек, RT = 0,097000 сек, WT = 0,716000 сек
  > B =  46, D =  37, MT = 0,630000 сек, RT = 0,113000 сек, WT = 0,743000 сек
  > B =  46, D =  38, MT = 0,628000 сек, RT = 0,096000 сек, WT = 0,724000 сек
  > B =  46, D =  39, MT = 0,654000 сек, RT = 0,112000 сек, WT = 0,766000 сек
  > B =  46, D =  40, MT = 0,637000 сек, RT = 0,096000 сек, WT = 0,733000 сек
  > B =  47, D =  10, MT = 0,648000 сек, RT = 0,079000 сек, WT = 0,727000 сек
  > B =  47, D =  11, MT = 0,703000 сек, RT = 0,080000 сек, WT = 0,783000 сек
  > B =  47, D =  12, MT = 0,583000 сек, RT = 0,080000 сек, WT = 0,663000 сек
  > B =  47, D =  13, MT = 0,583000 сек, RT = 0,080000 сек, WT = 0,663000 сек
  > B =  47, D =  14, MT = 0,598000 сек, RT = 0,080000 сек, WT = 0,678000 сек
  > B =  47, D =  15, MT = 0,624000 сек, RT = 0,080000 сек, WT = 0,704000 сек
  > B =  47, D =  16, MT = 0,556000 сек, RT = 0,079000 сек, WT = 0,635000 сек
  > B =  47, D =  17, MT = 0,555000 сек, RT = 0,080000 сек, WT = 0,635000 сек
  > B =  47, D =  18, MT = 0,572000 сек, RT = 0,079000 сек, WT = 0,651000 сек
  > B =  47, D =  19, MT = 0,589000 сек, RT = 0,080000 сек, WT = 0,669000 сек
  > B =  47, D =  20, MT = 0,578000 сек, RT = 0,078000 сек, WT = 0,656000 сек
  > B =  47, D =  21, MT = 0,587000 сек, RT = 0,081000 сек, WT = 0,668000 сек
  > B =  47, D =  22, MT = 0,602000 сек, RT = 0,078000 сек, WT = 0,680000 сек
  > B =  47, D =  23, MT = 0,615000 сек, RT = 0,078000 сек, WT = 0,693000 сек
  > B =  47, D =  24, MT = 0,558000 сек, RT = 0,081000 сек, WT = 0,639000 сек
  > B =  47, D =  25, MT = 0,571000 сек, RT = 0,082000 сек, WT = 0,653000 сек
  > B =  47, D =  26, MT = 0,571000 сек, RT = 0,083000 сек, WT = 0,654000 сек
  > B =  47, D =  27, MT = 0,569000 сек, RT = 0,083000 сек, WT = 0,652000 сек
  > B =  47, D =  28, MT = 0,575000 сек, RT = 0,081000 сек, WT = 0,656000 сек
  > B =  47, D =  29, MT = 0,583000 сек, RT = 0,081000 сек, WT = 0,664000 сек
  > B =  47, D =  30, MT = 0,587000 сек, RT = 0,082000 сек, WT = 0,669000 сек
  > B =  47, D =  31, MT = 0,589000 сек, RT = 0,084000 сек, WT = 0,673000 сек
  > B =  47, D =  32, MT = 0,602000 сек, RT = 0,079000 сек, WT = 0,681000 сек
  > B =  47, D =  33, MT = 0,611000 сек, RT = 0,080000 сек, WT = 0,691000 сек
  > B =  47, D =  34, MT = 0,630000 сек, RT = 0,081000 сек, WT = 0,711000 сек
  > B =  47, D =  35, MT = 0,622000 сек, RT = 0,080000 сек, WT = 0,702000 сек
  > B =  47, D =  36, MT = 0,623000 сек, RT = 0,080000 сек, WT = 0,703000 сек
  > B =  47, D =  37, MT = 0,631000 сек, RT = 0,080000 сек, WT = 0,711000 сек
  > B =  47, D =  38, MT = 0,625000 сек, RT = 0,079000 сек, WT = 0,704000 сек
  > B =  47, D =  39, MT = 0,637000 сек, RT = 0,080000 сек, WT = 0,717000 сек
  > B =  47, D =  40, MT = 0,634000 сек, RT = 0,079000 сек, WT = 0,713000 сек
  > B =  48, D =  10, MT = 0,636000 сек, RT = 0,032000 сек, WT = 0,668000 сек
  > B =  48, D =  11, MT = 0,676000 сек, RT = 0,049000 сек, WT = 0,725000 сек
  > B =  48, D =  12, MT = 0,573000 сек, RT = 0,019000 сек, WT = 0,592000 сек
  > B =  48, D =  13, MT = 0,585000 сек, RT = 0,048000 сек, WT = 0,633000 сек
  > B =  48, D =  14, MT = 0,605000 сек, RT = 0,033000 сек, WT = 0,638000 сек
  > B =  48, D =  15, MT = 0,630000 сек, RT = 0,026000 сек, WT = 0,656000 сек
  > B =  48, D =  16, MT = 0,567000 сек, RT = 0,019000 сек, WT = 0,586000 сек
  > B =  48, D =  17, MT = 0,570000 сек, RT = 0,049000 сек, WT = 0,619000 сек
  > B =  48, D =  18, MT = 0,574000 сек, RT = 0,023000 сек, WT = 0,597000 сек
  > B =  48, D =  19, MT = 0,607000 сек, RT = 0,048000 сек, WT = 0,655000 сек
  > B =  48, D =  20, MT = 0,582000 сек, RT = 0,024000 сек, WT = 0,606000 сек
  > B =  48, D =  21, MT = 0,619000 сек, RT = 0,029000 сек, WT = 0,648000 сек
  > B =  48, D =  22, MT = 0,633000 сек, RT = 0,034000 сек, WT = 0,667000 сек
  > B =  48, D =  23, MT = 0,663000 сек, RT = 0,051000 сек, WT = 0,714000 сек
  > B =  48, D =  24, MT = 0,575000 сек, RT = 0,019000 сек, WT = 0,594000 сек
  > B =  48, D =  25, MT = 0,609000 сек, RT = 0,050000 сек, WT = 0,659000 сек
  > B =  48, D =  26, MT = 0,609000 сек, RT = 0,034000 сек, WT = 0,643000 сек
  > B =  48, D =  27, MT = 0,614000 сек, RT = 0,029000 сек, WT = 0,643000 сек
  > B =  48, D =  28, MT = 0,595000 сек, RT = 0,025000 сек, WT = 0,620000 сек
  > B =  48, D =  29, MT = 0,622000 сек, RT = 0,051000 сек, WT = 0,673000 сек
  > B =  48, D =  30, MT = 0,614000 сек, RT = 0,023000 сек, WT = 0,637000 сек
  > B =  48, D =  31, MT = 0,615000 сек, RT = 0,050000 сек, WT = 0,665000 сек
  > B =  48, D =  32, MT = 0,616000 сек, RT = 0,020000 сек, WT = 0,636000 сек
  > B =  48, D =  33, MT = 0,641000 сек, RT = 0,028000 сек, WT = 0,669000 сек
  > B =  48, D =  34, MT = 0,637000 сек, RT = 0,033000 сек, WT = 0,670000 сек
  > B =  48, D =  35, MT = 0,657000 сек, RT = 0,049000 сек, WT = 0,706000 сек
  > B =  48, D =  36, MT = 0,637000 сек, RT = 0,020000 сек, WT = 0,657000 сек
  > B =  48, D =  37, MT = 0,661000 сек, RT = 0,051000 сек, WT = 0,712000 сек
  > B =  48, D =  38, MT = 0,650000 сек, RT = 0,033000 сек, WT = 0,683000 сек
  > B =  48, D =  39, MT = 0,668000 сек, RT = 0,029000 сек, WT = 0,697000 сек
  > B =  48, D =  40, MT = 0,651000 сек, RT = 0,021000 сек, WT = 0,672000 сек
  > B =  49, D =  10, MT = 0,621000 сек, RT = 0,112000 сек, WT = 0,733000 сек
  > B =  49, D =  11, MT = 0,668000 сек, RT = 0,111000 сек, WT = 0,779000 сек
  > B =  49, D =  12, MT = 0,599000 сек, RT = 0,111000 сек, WT = 0,710000 сек
  > B =  49, D =  13, MT = 0,579000 сек, RT = 0,112000 сек, WT = 0,691000 сек
  > B =  49, D =  14, MT = 0,603000 сек, RT = 0,085000 сек, WT = 0,688000 сек
  > B =  49, D =  15, MT = 0,603000 сек, RT = 0,111000 сек, WT = 0,714000 сек
  > B =  49, D =  16, MT = 0,579000 сек, RT = 0,110000 сек, WT = 0,689000 сек
  > B =  49, D =  17, MT = 0,573000 сек, RT = 0,113000 сек, WT = 0,686000 сек
  > B =  49, D =  18, MT = 0,564000 сек, RT = 0,113000 сек, WT = 0,677000 сек
  > B =  49, D =  19, MT = 0,596000 сек, RT = 0,110000 сек, WT = 0,706000 сек
  > B =  49, D =  20, MT = 0,586000 сек, RT = 0,113000 сек, WT = 0,699000 сек
  > B =  49, D =  21, MT = 0,623000 сек, RT = 0,087000 сек, WT = 0,710000 сек
  > B =  49, D =  22, MT = 0,653000 сек, RT = 0,125000 сек, WT = 0,778000 сек
  > B =  49, D =  23, MT = 0,686000 сек, RT = 0,120000 сек, WT = 0,806000 сек
  > B =  49, D =  24, MT = 0,593000 сек, RT = 0,116000 сек, WT = 0,709000 сек
  > B =  49, D =  25, MT = 0,563000 сек, RT = 0,117000 сек, WT = 0,680000 сек
  > B =  49, D =  26, MT = 0,579000 сек, RT = 0,114000 сек, WT = 0,693000 сек
  > B =  49, D =  27, MT = 0,591000 сек, RT = 0,115000 сек, WT = 0,706000 сек
  > B =  49, D =  28, MT = 0,609000 сек, RT = 0,089000 сек, WT = 0,698000 сек
  > B =  49, D =  29, MT = 0,621000 сек, RT = 0,120000 сек, WT = 0,741000 сек
  > B =  49, D =  30, MT = 0,614000 сек, RT = 0,120000 сек, WT = 0,734000 сек
  > B =  49, D =  31, MT = 0,593000 сек, RT = 0,115000 сек, WT = 0,708000 сек
  > B =  49, D =  32, MT = 0,592000 сек, RT = 0,117000 сек, WT = 0,709000 сек
  > B =  49, D =  33, MT = 0,600000 сек, RT = 0,113000 сек, WT = 0,713000 сек
  > B =  49, D =  34, MT = 0,613000 сек, RT = 0,111000 сек, WT = 0,724000 сек
  > B =  49, D =  35, MT = 0,621000 сек, RT = 0,085000 сек, WT = 0,706000 сек
  > B =  49, D =  36, MT = 0,608000 сек, RT = 0,118000 сек, WT = 0,726000 сек
  > B =  49, D =  37, MT = 0,611000 сек, RT = 0,111000 сек, WT = 0,722000 сек
  > B =  49, D =  38, MT = 0,624000 сек, RT = 0,111000 сек, WT = 0,735000 сек
  > B =  49, D =  39, MT = 0,630000 сек, RT = 0,113000 сек, WT = 0,743000 сек
  > B =  49, D =  40, MT = 0,616000 сек, RT = 0,112000 сек, WT = 0,728000 сек
  > B =  50, D =  10, MT = 0,621000 сек, RT = 0,010000 сек, WT = 0,631000 сек
  > B =  50, D =  11, MT = 0,682000 сек, RT = 0,039000 сек, WT = 0,721000 сек
  > B =  50, D =  12, MT = 0,606000 сек, RT = 0,024000 сек, WT = 0,630000 сек
  > B =  50, D =  13, MT = 0,578000 сек, RT = 0,041000 сек, WT = 0,619000 сек
  > B =  50, D =  14, MT = 0,588000 сек, RT = 0,024000 сек, WT = 0,612000 сек
  > B =  50, D =  15, MT = 0,604000 сек, RT = 0,014000 сек, WT = 0,618000 сек
  > B =  50, D =  16, MT = 0,582000 сек, RT = 0,023000 сек, WT = 0,605000 сек
  > B =  50, D =  17, MT = 0,550000 сек, RT = 0,042000 сек, WT = 0,592000 сек
  > B =  50, D =  18, MT = 0,570000 сек, RT = 0,024000 сек, WT = 0,594000 сек
  > B =  50, D =  19, MT = 0,577000 сек, RT = 0,041000 сек, WT = 0,618000 сек
  > B =  50, D =  20, MT = 0,559000 сек, RT = 0,011000 сек, WT = 0,570000 сек
  > B =  50, D =  21, MT = 0,573000 сек, RT = 0,040000 сек, WT = 0,613000 сек
  > B =  50, D =  22, MT = 0,596000 сек, RT = 0,022000 сек, WT = 0,618000 сек
  > B =  50, D =  23, MT = 0,600000 сек, RT = 0,039000 сек, WT = 0,639000 сек
  > B =  50, D =  24, MT = 0,578000 сек, RT = 0,023000 сек, WT = 0,601000 сек
  > B =  50, D =  25, MT = 0,576000 сек, RT = 0,011000 сек, WT = 0,587000 сек
  > B =  50, D =  26, MT = 0,562000 сек, RT = 0,025000 сек, WT = 0,587000 сек
  > B =  50, D =  27, MT = 0,584000 сек, RT = 0,042000 сек, WT = 0,626000 сек
  > B =  50, D =  28, MT = 0,599000 сек, RT = 0,025000 сек, WT = 0,624000 сек
  > B =  50, D =  29, MT = 0,597000 сек, RT = 0,044000 сек, WT = 0,641000 сек
  > B =  50, D =  30, MT = 0,605000 сек, RT = 0,011000 сек, WT = 0,616000 сек
  > B =  50, D =  31, MT = 0,634000 сек, RT = 0,043000 сек, WT = 0,677000 сек
  > B =  50, D =  32, MT = 0,599000 сек, RT = 0,026000 сек, WT = 0,625000 сек
  > B =  50, D =  33, MT = 0,617000 сек, RT = 0,042000 сек, WT = 0,659000 сек
  > B =  50, D =  34, MT = 0,625000 сек, RT = 0,025000 сек, WT = 0,650000 сек
  > B =  50, D =  35, MT = 0,631000 сек, RT = 0,015000 сек, WT = 0,646000 сек
  > B =  50, D =  36, MT = 0,611000 сек, RT = 0,024000 сек, WT = 0,635000 сек
  > B =  50, D =  37, MT = 0,628000 сек, RT = 0,041000 сек, WT = 0,669000 сек
  > B =  50, D =  38, MT = 0,618000 сек, RT = 0,024000 сек, WT = 0,642000 сек
  > B =  50, D =  39, MT = 0,637000 сек, RT = 0,040000 сек, WT = 0,677000 сек
  > B =  50, D =  40, MT = 0,627000 сек, RT = 0,011000 сек, WT = 0,638000 сек
  > B =  51, D =  10, MT = 0,668000 сек, RT = 0,136000 сек, WT = 0,804000 сек
  > B =  51, D =  11, MT = 0,672000 сек, RT = 0,139000 сек, WT = 0,811000 сек
  > B =  51, D =  12, MT = 0,619000 сек, RT = 0,115000 сек, WT = 0,734000 сек
  > B =  51, D =  13, MT = 0,573000 сек, RT = 0,136000 сек, WT = 0,709000 сек
  > B =  51, D =  14, MT = 0,585000 сек, RT = 0,136000 сек, WT = 0,721000 сек
  > B =  51, D =  15, MT = 0,607000 сек, RT = 0,114000 сек, WT = 0,721000 сек
  > B =  51, D =  16, MT = 0,588000 сек, RT = 0,134000 сек, WT = 0,722000 сек
  > B =  51, D =  17, MT = 0,564000 сек, RT = 0,110000 сек, WT = 0,674000 сек
  > B =  51, D =  18, MT = 0,565000 сек, RT = 0,114000 сек, WT = 0,679000 сек
  > B =  51, D =  19, MT = 0,576000 сек, RT = 0,138000 сек, WT = 0,714000 сек
  > B =  51, D =  20, MT = 0,566000 сек, RT = 0,137000 сек, WT = 0,703000 сек
  > B =  51, D =  21, MT = 0,584000 сек, RT = 0,114000 сек, WT = 0,698000 сек
  > B =  51, D =  22, MT = 0,599000 сек, RT = 0,140000 сек, WT = 0,739000 сек
  > B =  51, D =  23, MT = 0,620000 сек, RT = 0,142000 сек, WT = 0,762000 сек
  > B =  51, D =  24, MT = 0,596000 сек, RT = 0,117000 сек, WT = 0,713000 сек
  > B =  51, D =  25, MT = 0,640000 сек, RT = 0,130000 сек, WT = 0,770000 сек
  > B =  51, D =  26, MT = 0,599000 сек, RT = 0,143000 сек, WT = 0,742000 сек
  > B =  51, D =  27, MT = 0,591000 сек, RT = 0,116000 сек, WT = 0,707000 сек
  > B =  51, D =  28, MT = 0,593000 сек, RT = 0,135000 сек, WT = 0,728000 сек
  > B =  51, D =  29, MT = 0,590000 сек, RT = 0,141000 сек, WT = 0,731000 сек
  > B =  51, D =  30, MT = 0,608000 сек, RT = 0,118000 сек, WT = 0,726000 сек
  > B =  51, D =  31, MT = 0,594000 сек, RT = 0,143000 сек, WT = 0,737000 сек
  > B =  51, D =  32, MT = 0,597000 сек, RT = 0,136000 сек, WT = 0,733000 сек
  > B =  51, D =  33, MT = 0,605000 сек, RT = 0,113000 сек, WT = 0,718000 сек
  > B =  51, D =  34, MT = 0,604000 сек, RT = 0,107000 сек, WT = 0,711000 сек
  > B =  51, D =  35, MT = 0,611000 сек, RT = 0,137000 сек, WT = 0,748000 сек
  > B =  51, D =  36, MT = 0,612000 сек, RT = 0,112000 сек, WT = 0,724000 сек
  > B =  51, D =  37, MT = 0,624000 сек, RT = 0,135000 сек, WT = 0,759000 сек
  > B =  51, D =  38, MT = 0,616000 сек, RT = 0,135000 сек, WT = 0,751000 сек
  > B =  51, D =  39, MT = 0,624000 сек, RT = 0,112000 сек, WT = 0,736000 сек
  > B =  51, D =  40, MT = 0,617000 сек, RT = 0,132000 сек, WT = 0,749000 сек
  > B =  52, D =  10, MT = 0,661000 сек, RT = 0,038000 сек, WT = 0,699000 сек
  > B =  52, D =  11, MT = 0,660000 сек, RT = 0,056000 сек, WT = 0,716000 сек
  > B =  52, D =  12, MT = 0,606000 сек, RT = 0,033000 сек, WT = 0,639000 сек
  > B =  52, D =  13, MT = 0,596000 сек, RT = 0,027000 сек, WT = 0,623000 сек
  > B =  52, D =  14, MT = 0,612000 сек, RT = 0,040000 сек, WT = 0,652000 сек
  > B =  52, D =  15, MT = 0,625000 сек, RT = 0,058000 сек, WT = 0,683000 сек
  > B =  52, D =  16, MT = 0,570000 сек, RT = 0,032000 сек, WT = 0,602000 сек
  > B =  52, D =  17, MT = 0,591000 сек, RT = 0,054000 сек, WT = 0,645000 сек
  > B =  52, D =  18, MT = 0,560000 сек, RT = 0,038000 сек, WT = 0,598000 сек
  > B =  52, D =  19, MT = 0,586000 сек, RT = 0,055000 сек, WT = 0,641000 сек
  > B =  52, D =  20, MT = 0,568000 сек, RT = 0,029000 сек, WT = 0,597000 сек
  > B =  52, D =  21, MT = 0,578000 сек, RT = 0,056000 сек, WT = 0,634000 сек
  > B =  52, D =  22, MT = 0,598000 сек, RT = 0,039000 сек, WT = 0,637000 сек
  > B =  52, D =  23, MT = 0,624000 сек, RT = 0,057000 сек, WT = 0,681000 сек
  > B =  52, D =  24, MT = 0,586000 сек, RT = 0,030000 сек, WT = 0,616000 сек
  > B =  52, D =  25, MT = 0,626000 сек, RT = 0,053000 сек, WT = 0,679000 сек
  > B =  52, D =  26, MT = 0,587000 сек, RT = 0,028000 сек, WT = 0,615000 сек
  > B =  52, D =  27, MT = 0,593000 сек, RT = 0,057000 сек, WT = 0,650000 сек
  > B =  52, D =  28, MT = 0,584000 сек, RT = 0,031000 сек, WT = 0,615000 сек
  > B =  52, D =  29, MT = 0,624000 сек, RT = 0,059000 сек, WT = 0,683000 сек
  > B =  52, D =  30, MT = 0,590000 сек, RT = 0,041000 сек, WT = 0,631000 сек
  > B =  52, D =  31, MT = 0,590000 сек, RT = 0,056000 сек, WT = 0,646000 сек
  > B =  52, D =  32, MT = 0,604000 сек, RT = 0,030000 сек, WT = 0,634000 сек
  > B =  52, D =  33, MT = 0,619000 сек, RT = 0,055000 сек, WT = 0,674000 сек
  > B =  52, D =  34, MT = 0,627000 сек, RT = 0,040000 сек, WT = 0,667000 сек
  > B =  52, D =  35, MT = 0,624000 сек, RT = 0,057000 сек, WT = 0,681000 сек
  > B =  52, D =  36, MT = 0,609000 сек, RT = 0,029000 сек, WT = 0,638000 сек
  > B =  52, D =  37, MT = 0,627000 сек, RT = 0,055000 сек, WT = 0,682000 сек
  > B =  52, D =  38, MT = 0,618000 сек, RT = 0,039000 сек, WT = 0,657000 сек
  > B =  52, D =  39, MT = 0,629000 сек, RT = 0,025000 сек, WT = 0,654000 сек
  > B =  52, D =  40, MT = 0,617000 сек, RT = 0,030000 сек, WT = 0,647000 сек
  > B =  53, D =  10, MT = 0,665000 сек, RT = 0,105000 сек, WT = 0,770000 сек
  > B =  53, D =  11, MT = 0,672000 сек, RT = 0,106000 сек, WT = 0,778000 сек
  > B =  53, D =  12, MT = 0,596000 сек, RT = 0,102000 сек, WT = 0,698000 сек
  > B =  53, D =  13, MT = 0,602000 сек, RT = 0,102000 сек, WT = 0,704000 сек
  > B =  53, D =  14, MT = 0,593000 сек, RT = 0,103000 сек, WT = 0,696000 сек
  > B =  53, D =  15, MT = 0,602000 сек, RT = 0,106000 сек, WT = 0,708000 сек
  > B =  53, D =  16, MT = 0,570000 сек, RT = 0,103000 сек, WT = 0,673000 сек
  > B =  53, D =  17, MT = 0,599000 сек, RT = 0,104000 сек, WT = 0,703000 сек
  > B =  53, D =  18, MT = 0,561000 сек, RT = 0,106000 сек, WT = 0,667000 сек
  > B =  53, D =  19, MT = 0,588000 сек, RT = 0,104000 сек, WT = 0,692000 сек
  > B =  53, D =  20, MT = 0,559000 сек, RT = 0,104000 сек, WT = 0,663000 сек
  > B =  53, D =  21, MT = 0,581000 сек, RT = 0,103000 сек, WT = 0,684000 сек
  > B =  53, D =  22, MT = 0,587000 сек, RT = 0,101000 сек, WT = 0,688000 сек
  > B =  53, D =  23, MT = 0,609000 сек, RT = 0,102000 сек, WT = 0,711000 сек
  > B =  53, D =  24, MT = 0,578000 сек, RT = 0,103000 сек, WT = 0,681000 сек
  > B =  53, D =  25, MT = 0,614000 сек, RT = 0,106000 сек, WT = 0,720000 сек
  > B =  53, D =  26, MT = 0,618000 сек, RT = 0,102000 сек, WT = 0,720000 сек
  > B =  53, D =  27, MT = 0,591000 сек, RT = 0,108000 сек, WT = 0,699000 сек
  > B =  53, D =  28, MT = 0,578000 сек, RT = 0,107000 сек, WT = 0,685000 сек
  > B =  53, D =  29, MT = 0,579000 сек, RT = 0,105000 сек, WT = 0,684000 сек
  > B =  53, D =  30, MT = 0,595000 сек, RT = 0,107000 сек, WT = 0,702000 сек
  > B =  53, D =  31, MT = 0,636000 сек, RT = 0,118000 сек, WT = 0,754000 сек
  > B =  53, D =  32, MT = 0,623000 сек, RT = 0,109000 сек, WT = 0,732000 сек
  > B =  53, D =  33, MT = 0,623000 сек, RT = 0,106000 сек, WT = 0,729000 сек
  > B =  53, D =  34, MT = 0,636000 сек, RT = 0,109000 сек, WT = 0,745000 сек
  > B =  53, D =  35, MT = 0,617000 сек, RT = 0,107000 сек, WT = 0,724000 сек
  > B =  53, D =  36, MT = 0,608000 сек, RT = 0,104000 сек, WT = 0,712000 сек
  > B =  53, D =  37, MT = 0,614000 сек, RT = 0,105000 сек, WT = 0,719000 сек
  > B =  53, D =  38, MT = 0,621000 сек, RT = 0,104000 сек, WT = 0,725000 сек
  > B =  53, D =  39, MT = 0,623000 сек, RT = 0,105000 сек, WT = 0,728000 сек
  > B =  53, D =  40, MT = 0,619000 сек, RT = 0,104000 сек, WT = 0,723000 сек
  > B =  54, D =  10, MT = 0,652000 сек, RT = 0,047000 сек, WT = 0,699000 сек
  > B =  54, D =  11, MT = 0,645000 сек, RT = 0,062000 сек, WT = 0,707000 сек
  > B =  54, D =  12, MT = 0,596000 сек, RT = 0,036000 сек, WT = 0,632000 сек
  > B =  54, D =  13, MT = 0,619000 сек, RT = 0,061000 сек, WT = 0,680000 сек
  > B =  54, D =  14, MT = 0,600000 сек, RT = 0,050000 сек, WT = 0,650000 сек
  > B =  54, D =  15, MT = 0,610000 сек, RT = 0,041000 сек, WT = 0,651000 сек
  > B =  54, D =  16, MT = 0,572000 сек, RT = 0,046000 сек, WT = 0,618000 сек
  > B =  54, D =  17, MT = 0,603000 сек, RT = 0,062000 сек, WT = 0,665000 сек
  > B =  54, D =  18, MT = 0,567000 сек, RT = 0,036000 сек, WT = 0,603000 сек
  > B =  54, D =  19, MT = 0,569000 сек, RT = 0,065000 сек, WT = 0,634000 сек
  > B =  54, D =  20, MT = 0,570000 сек, RT = 0,046000 сек, WT = 0,616000 сек
  > B =  54, D =  21, MT = 0,572000 сек, RT = 0,041000 сек, WT = 0,613000 сек
  > B =  54, D =  22, MT = 0,579000 сек, RT = 0,047000 сек, WT = 0,626000 сек
  > B =  54, D =  23, MT = 0,594000 сек, RT = 0,063000 сек, WT = 0,657000 сек
  > B =  54, D =  24, MT = 0,581000 сек, RT = 0,035000 сек, WT = 0,616000 сек
  > B =  54, D =  25, MT = 0,604000 сек, RT = 0,063000 сек, WT = 0,667000 сек
  > B =  54, D =  26, MT = 0,616000 сек, RT = 0,046000 сек, WT = 0,662000 сек
  > B =  54, D =  27, MT = 0,597000 сек, RT = 0,034000 сек, WT = 0,631000 сек
  > B =  54, D =  28, MT = 0,578000 сек, RT = 0,046000 сек, WT = 0,624000 сек
  > B =  54, D =  29, MT = 0,586000 сек, RT = 0,065000 сек, WT = 0,651000 сек
  > B =  54, D =  30, MT = 0,575000 сек, RT = 0,035000 сек, WT = 0,610000 сек
  > B =  54, D =  31, MT = 0,611000 сек, RT = 0,066000 сек, WT = 0,677000 сек
  > B =  54, D =  32, MT = 0,603000 сек, RT = 0,046000 сек, WT = 0,649000 сек
  > B =  54, D =  33, MT = 0,612000 сек, RT = 0,041000 сек, WT = 0,653000 сек
  > B =  54, D =  34, MT = 0,598000 сек, RT = 0,048000 сек, WT = 0,646000 сек
  > B =  54, D =  35, MT = 0,617000 сек, RT = 0,064000 сек, WT = 0,681000 сек
  > B =  54, D =  36, MT = 0,603000 сек, RT = 0,034000 сек, WT = 0,637000 сек
  > B =  54, D =  37, MT = 0,611000 сек, RT = 0,062000 сек, WT = 0,673000 сек
  > B =  54, D =  38, MT = 0,608000 сек, RT = 0,046000 сек, WT = 0,654000 сек
  > B =  54, D =  39, MT = 0,625000 сек, RT = 0,040000 сек, WT = 0,665000 сек
  > B =  54, D =  40, MT = 0,616000 сек, RT = 0,045000 сек, WT = 0,661000 сек
  > B =  55, D =  10, MT = 0,647000 сек, RT = 0,076000 сек, WT = 0,723000 сек
  > B =  55, D =  11, MT = 0,667000 сек, RT = 0,075000 сек, WT = 0,742000 сек
  > B =  55, D =  12, MT = 0,591000 сек, RT = 0,103000 сек, WT = 0,694000 сек
  > B =  55, D =  13, MT = 0,628000 сек, RT = 0,095000 сек, WT = 0,723000 сек
  > B =  55, D =  14, MT = 0,577000 сек, RT = 0,103000 сек, WT = 0,680000 сек
  > B =  55, D =  15, MT = 0,602000 сек, RT = 0,074000 сек, WT = 0,676000 сек
  > B =  55, D =  16, MT = 0,599000 сек, RT = 0,091000 сек, WT = 0,690000 сек
  > B =  55, D =  17, MT = 0,617000 сек, RT = 0,104000 сек, WT = 0,721000 сек
  > B =  55, D =  18, MT = 0,636000 сек, RT = 0,103000 сек, WT = 0,739000 сек
  > B =  55, D =  19, MT = 0,628000 сек, RT = 0,106000 сек, WT = 0,734000 сек
  > B =  55, D =  20, MT = 0,577000 сек, RT = 0,081000 сек, WT = 0,658000 сек
  > B =  55, D =  21, MT = 0,570000 сек, RT = 0,106000 сек, WT = 0,676000 сек
  > B =  55, D =  22, MT = 0,588000 сек, RT = 0,073000 сек, WT = 0,661000 сек
  > B =  55, D =  23, MT = 0,599000 сек, RT = 0,102000 сек, WT = 0,701000 сек
  > B =  55, D =  24, MT = 0,595000 сек, RT = 0,101000 сек, WT = 0,696000 сек
  > B =  55, D =  25, MT = 0,633000 сек, RT = 0,080000 сек, WT = 0,713000 сек
  > B =  55, D =  26, MT = 0,651000 сек, RT = 0,108000 сек, WT = 0,759000 сек
  > B =  55, D =  27, MT = 0,667000 сек, RT = 0,101000 сек, WT = 0,768000 сек
  > B =  55, D =  28, MT = 0,598000 сек, RT = 0,108000 сек, WT = 0,706000 сек
  > B =  55, D =  29, MT = 0,589000 сек, RT = 0,104000 сек, WT = 0,693000 сек
  > B =  55, D =  30, MT = 0,602000 сек, RT = 0,075000 сек, WT = 0,677000 сек
  > B =  55, D =  31, MT = 0,596000 сек, RT = 0,105000 сек, WT = 0,701000 сек
  > B =  55, D =  32, MT = 0,602000 сек, RT = 0,103000 сек, WT = 0,705000 сек
  > B =  55, D =  33, MT = 0,613000 сек, RT = 0,072000 сек, WT = 0,685000 сек
  > B =  55, D =  34, MT = 0,607000 сек, RT = 0,102000 сек, WT = 0,709000 сек
  > B =  55, D =  35, MT = 0,609000 сек, RT = 0,075000 сек, WT = 0,684000 сек
  > B =  55, D =  36, MT = 0,613000 сек, RT = 0,102000 сек, WT = 0,715000 сек
  > B =  55, D =  37, MT = 0,622000 сек, RT = 0,101000 сек, WT = 0,723000 сек
  > B =  55, D =  38, MT = 0,624000 сек, RT = 0,104000 сек, WT = 0,728000 сек
  > B =  55, D =  39, MT = 0,616000 сек, RT = 0,102000 сек, WT = 0,718000 сек
  > B =  55, D =  40, MT = 0,617000 сек, RT = 0,075000 сек, WT = 0,692000 сек
  > B =  56, D =  10, MT = 0,647000 сек, RT = 0,033000 сек, WT = 0,680000 сек
  > B =  56, D =  11, MT = 0,692000 сек, RT = 0,045000 сек, WT = 0,737000 сек
  > B =  56, D =  12, MT = 0,597000 сек, RT = 0,024000 сек, WT = 0,621000 сек
  > B =  56, D =  13, MT = 0,609000 сек, RT = 0,052000 сек, WT = 0,661000 сек
  > B =  56, D =  14, MT = 0,585000 сек, RT = 0,020000 сек, WT = 0,605000 сек
  > B =  56, D =  15, MT = 0,596000 сек, RT = 0,052000 сек, WT = 0,648000 сек
  > B =  56, D =  16, MT = 0,561000 сек, RT = 0,020000 сек, WT = 0,581000 сек
  > B =  56, D =  17, MT = 0,593000 сек, RT = 0,049000 сек, WT = 0,642000 сек
  > B =  56, D =  18, MT = 0,600000 сек, RT = 0,031000 сек, WT = 0,631000 сек
  > B =  56, D =  19, MT = 0,573000 сек, RT = 0,052000 сек, WT = 0,625000 сек
  > B =  56, D =  20, MT = 0,556000 сек, RT = 0,024000 сек, WT = 0,580000 сек
  > B =  56, D =  21, MT = 0,581000 сек, RT = 0,021000 сек, WT = 0,602000 сек
  > B =  56, D =  22, MT = 0,584000 сек, RT = 0,036000 сек, WT = 0,620000 сек
  > B =  56, D =  23, MT = 0,604000 сек, RT = 0,049000 сек, WT = 0,653000 сек
  > B =  56, D =  24, MT = 0,576000 сек, RT = 0,021000 сек, WT = 0,597000 сек
  > B =  56, D =  25, MT = 0,604000 сек, RT = 0,049000 сек, WT = 0,653000 сек
  > B =  56, D =  26, MT = 0,602000 сек, RT = 0,034000 сек, WT = 0,636000 сек
  > B =  56, D =  27, MT = 0,626000 сек, RT = 0,048000 сек, WT = 0,674000 сек
  > B =  56, D =  28, MT = 0,581000 сек, RT = 0,019000 сек, WT = 0,600000 сек
  > B =  56, D =  29, MT = 0,611000 сек, RT = 0,052000 сек, WT = 0,663000 сек
  > B =  56, D =  30, MT = 0,604000 сек, RT = 0,035000 сек, WT = 0,639000 сек
  > B =  56, D =  31, MT = 0,597000 сек, RT = 0,052000 сек, WT = 0,649000 сек
  > B =  56, D =  32, MT = 0,590000 сек, RT = 0,022000 сек, WT = 0,612000 сек
  > B =  56, D =  33, MT = 0,615000 сек, RT = 0,051000 сек, WT = 0,666000 сек
  > B =  56, D =  34, MT = 0,612000 сек, RT = 0,035000 сек, WT = 0,647000 сек
  > B =  56, D =  35, MT = 0,626000 сек, RT = 0,023000 сек, WT = 0,649000 сек
  > B =  56, D =  36, MT = 0,603000 сек, RT = 0,026000 сек, WT = 0,629000 сек
  > B =  56, D =  37, MT = 0,624000 сек, RT = 0,051000 сек, WT = 0,675000 сек
  > B =  56, D =  38, MT = 0,622000 сек, RT = 0,034000 сек, WT = 0,656000 сек
  > B =  56, D =  39, MT = 0,620000 сек, RT = 0,050000 сек, WT = 0,670000 сек
  > B =  56, D =  40, MT = 0,606000 сек, RT = 0,020000 сек, WT = 0,626000 сек
  > B =  57, D =  10, MT = 0,650000 сек, RT = 0,087000 сек, WT = 0,737000 сек
  > B =  57, D =  11, MT = 0,694000 сек, RT = 0,086000 сек, WT = 0,780000 сек
  > B =  57, D =  12, MT = 0,579000 сек, RT = 0,067000 сек, WT = 0,646000 сек
  > B =  57, D =  13, MT = 0,596000 сек, RT = 0,087000 сек, WT = 0,683000 сек
  > B =  57, D =  14, MT = 0,607000 сек, RT = 0,086000 сек, WT = 0,693000 сек
  > B =  57, D =  15, MT = 0,586000 сек, RT = 0,064000 сек, WT = 0,650000 сек
  > B =  57, D =  16, MT = 0,560000 сек, RT = 0,089000 сек, WT = 0,649000 сек
  > B =  57, D =  17, MT = 0,586000 сек, RT = 0,087000 сек, WT = 0,673000 сек
  > B =  57, D =  18, MT = 0,597000 сек, RT = 0,066000 сек, WT = 0,663000 сек
  > B =  57, D =  19, MT = 0,588000 сек, RT = 0,061000 сек, WT = 0,649000 сек
  > B =  57, D =  20, MT = 0,558000 сек, RT = 0,091000 сек, WT = 0,649000 сек
  > B =  57, D =  21, MT = 0,571000 сек, RT = 0,067000 сек, WT = 0,638000 сек
  > B =  57, D =  22, MT = 0,571000 сек, RT = 0,089000 сек, WT = 0,660000 сек
  > B =  57, D =  23, MT = 0,596000 сек, RT = 0,088000 сек, WT = 0,684000 сек
  > B =  57, D =  24, MT = 0,566000 сек, RT = 0,066000 сек, WT = 0,632000 сек
  > B =  57, D =  25, MT = 0,619000 сек, RT = 0,093000 сек, WT = 0,712000 сек
  > B =  57, D =  26, MT = 0,604000 сек, RT = 0,088000 сек, WT = 0,692000 сек
  > B =  57, D =  27, MT = 0,624000 сек, RT = 0,067000 сек, WT = 0,691000 сек
  > B =  57, D =  28, MT = 0,622000 сек, RT = 0,087000 сек, WT = 0,709000 сек
  > B =  57, D =  29, MT = 0,594000 сек, RT = 0,091000 сек, WT = 0,685000 сек
  > B =  57, D =  30, MT = 0,609000 сек, RT = 0,067000 сек, WT = 0,676000 сек
  > B =  57, D =  31, MT = 0,602000 сек, RT = 0,091000 сек, WT = 0,693000 сек
  > B =  57, D =  32, MT = 0,605000 сек, RT = 0,090000 сек, WT = 0,695000 сек
  > B =  57, D =  33, MT = 0,600000 сек, RT = 0,066000 сек, WT = 0,666000 сек
  > B =  57, D =  34, MT = 0,615000 сек, RT = 0,091000 сек, WT = 0,706000 сек
  > B =  57, D =  35, MT = 0,628000 сек, RT = 0,090000 сек, WT = 0,718000 сек
  > B =  57, D =  36, MT = 0,612000 сек, RT = 0,067000 сек, WT = 0,679000 сек
  > B =  57, D =  37, MT = 0,612000 сек, RT = 0,087000 сек, WT = 0,699000 сек
  > B =  57, D =  38, MT = 0,622000 сек, RT = 0,061000 сек, WT = 0,683000 сек
  > B =  57, D =  39, MT = 0,618000 сек, RT = 0,066000 сек, WT = 0,684000 сек
  > B =  57, D =  40, MT = 0,630000 сек, RT = 0,089000 сек, WT = 0,719000 сек
  > B =  58, D =  10, MT = 0,648000 сек, RT = 0,058000 сек, WT = 0,706000 сек
  > B =  58, D =  11, MT = 0,710000 сек, RT = 0,073000 сек, WT = 0,783000 сек
  > B =  58, D =  12, MT = 0,593000 сек, RT = 0,057000 сек, WT = 0,650000 сек
  > B =  58, D =  13, MT = 0,600000 сек, RT = 0,077000 сек, WT = 0,677000 сек
  > B =  58, D =  14, MT = 0,614000 сек, RT = 0,056000 сек, WT = 0,670000 сек
  > B =  58, D =  15, MT = 0,588000 сек, RT = 0,074000 сек, WT = 0,662000 сек
  > B =  58, D =  16, MT = 0,561000 сек, RT = 0,058000 сек, WT = 0,619000 сек
  > B =  58, D =  17, MT = 0,586000 сек, RT = 0,073000 сек, WT = 0,659000 сек
  > B =  58, D =  18, MT = 0,586000 сек, RT = 0,059000 сек, WT = 0,645000 сек
  > B =  58, D =  19, MT = 0,629000 сек, RT = 0,074000 сек, WT = 0,703000 сек
  > B =  58, D =  20, MT = 0,562000 сек, RT = 0,058000 сек, WT = 0,620000 сек
  > B =  58, D =  21, MT = 0,571000 сек, RT = 0,075000 сек, WT = 0,646000 сек
  > B =  58, D =  22, MT = 0,578000 сек, RT = 0,058000 сек, WT = 0,636000 сек
  > B =  58, D =  23, MT = 0,584000 сек, RT = 0,075000 сек, WT = 0,659000 сек
  > B =  58, D =  24, MT = 0,565000 сек, RT = 0,058000 сек, WT = 0,623000 сек
  > B =  58, D =  25, MT = 0,594000 сек, RT = 0,073000 сек, WT = 0,667000 сек
  > B =  58, D =  26, MT = 0,625000 сек, RT = 0,058000 сек, WT = 0,683000 сек
  > B =  58, D =  27, MT = 0,662000 сек, RT = 0,083000 сек, WT = 0,745000 сек
  > B =  58, D =  28, MT = 0,626000 сек, RT = 0,062000 сек, WT = 0,688000 сек
  > B =  58, D =  29, MT = 0,614000 сек, RT = 0,045000 сек, WT = 0,659000 сек
  > B =  58, D =  30, MT = 0,600000 сек, RT = 0,060000 сек, WT = 0,660000 сек
  > B =  58, D =  31, MT = 0,603000 сек, RT = 0,075000 сек, WT = 0,678000 сек
  > B =  58, D =  32, MT = 0,602000 сек, RT = 0,058000 сек, WT = 0,660000 сек
  > B =  58, D =  33, MT = 0,613000 сек, RT = 0,078000 сек, WT = 0,691000 сек
  > B =  58, D =  34, MT = 0,607000 сек, RT = 0,059000 сек, WT = 0,666000 сек
  > B =  58, D =  35, MT = 0,654000 сек, RT = 0,086000 сек, WT = 0,740000 сек
  > B =  58, D =  36, MT = 0,608000 сек, RT = 0,057000 сек, WT = 0,665000 сек
  > B =  58, D =  37, MT = 0,612000 сек, RT = 0,075000 сек, WT = 0,687000 сек
  > B =  58, D =  38, MT = 0,604000 сек, RT = 0,058000 сек, WT = 0,662000 сек
  > B =  58, D =  39, MT = 0,621000 сек, RT = 0,077000 сек, WT = 0,698000 сек
  > B =  58, D =  40, MT = 0,604000 сек, RT = 0,058000 сек, WT = 0,662000 сек
  > B =  59, D =  10, MT = 0,638000 сек, RT = 0,107000 сек, WT = 0,745000 сек
  > B =  59, D =  11, MT = 0,676000 сек, RT = 0,107000 сек, WT = 0,783000 сек
  > B =  59, D =  12, MT = 0,583000 сек, RT = 0,106000 сек, WT = 0,689000 сек
  > B =  59, D =  13, MT = 0,593000 сек, RT = 0,109000 сек, WT = 0,702000 сек
  > B =  59, D =  14, MT = 0,611000 сек, RT = 0,103000 сек, WT = 0,714000 сек
  > B =  59, D =  15, MT = 0,583000 сек, RT = 0,109000 сек, WT = 0,692000 сек
  > B =  59, D =  16, MT = 0,560000 сек, RT = 0,106000 сек, WT = 0,666000 сек
  > B =  59, D =  17, MT = 0,577000 сек, RT = 0,107000 сек, WT = 0,684000 сек
  > B =  59, D =  18, MT = 0,586000 сек, RT = 0,107000 сек, WT = 0,693000 сек
  > B =  59, D =  19, MT = 0,615000 сек, RT = 0,105000 сек, WT = 0,720000 сек
  > B =  59, D =  20, MT = 0,559000 сек, RT = 0,107000 сек, WT = 0,666000 сек
  > B =  59, D =  21, MT = 0,568000 сек, RT = 0,106000 сек, WT = 0,674000 сек
  > B =  59, D =  22, MT = 0,578000 сек, RT = 0,106000 сек, WT = 0,684000 сек
  > B =  59, D =  23, MT = 0,585000 сек, RT = 0,109000 сек, WT = 0,694000 сек
  > B =  59, D =  24, MT = 0,571000 сек, RT = 0,108000 сек, WT = 0,679000 сек
  > B =  59, D =  25, MT = 0,606000 сек, RT = 0,110000 сек, WT = 0,716000 сек
  > B =  59, D =  26, MT = 0,603000 сек, RT = 0,106000 сек, WT = 0,709000 сек
  > B =  59, D =  27, MT = 0,620000 сек, RT = 0,106000 сек, WT = 0,726000 сек
  > B =  59, D =  28, MT = 0,603000 сек, RT = 0,106000 сек, WT = 0,709000 сек
  > B =  59, D =  29, MT = 0,625000 сек, RT = 0,107000 сек, WT = 0,732000 сек
  > B =  59, D =  30, MT = 0,597000 сек, RT = 0,108000 сек, WT = 0,705000 сек
  > B =  59, D =  31, MT = 0,604000 сек, RT = 0,110000 сек, WT = 0,714000 сек
  > B =  59, D =  32, MT = 0,614000 сек, RT = 0,111000 сек, WT = 0,725000 сек
  > B =  59, D =  33, MT = 0,614000 сек, RT = 0,110000 сек, WT = 0,724000 сек
  > B =  59, D =  34, MT = 0,610000 сек, RT = 0,110000 сек, WT = 0,720000 сек
  > B =  59, D =  35, MT = 0,606000 сек, RT = 0,108000 сек, WT = 0,714000 сек
  > B =  59, D =  36, MT = 0,606000 сек, RT = 0,106000 сек, WT = 0,712000 сек
  > B =  59, D =  37, MT = 0,613000 сек, RT = 0,109000 сек, WT = 0,722000 сек
  > B =  59, D =  38, MT = 0,615000 сек, RT = 0,111000 сек, WT = 0,726000 сек
  > B =  59, D =  39, MT = 0,616000 сек, RT = 0,109000 сек, WT = 0,725000 сек
  > B =  59, D =  40, MT = 0,610000 сек, RT = 0,106000 сек, WT = 0,716000 сек
  > B =  60, D =  10, MT = 0,621000 сек, RT = 0,022000 сек, WT = 0,643000 сек
  > B =  60, D =  11, MT = 0,674000 сек, RT = 0,050000 сек, WT = 0,724000 сек
  > B =  60, D =  12, MT = 0,571000 сек, RT = 0,021000 сек, WT = 0,592000 сек
  > B =  60, D =  13, MT = 0,580000 сек, RT = 0,052000 сек, WT = 0,632000 сек
  > B =  60, D =  14, MT = 0,598000 сек, RT = 0,035000 сек, WT = 0,633000 сек
  > B =  60, D =  15, MT = 0,586000 сек, RT = 0,021000 сек, WT = 0,607000 сек
  > B =  60, D =  16, MT = 0,553000 сек, RT = 0,027000 сек, WT = 0,580000 сек
  > B =  60, D =  17, MT = 0,560000 сек, RT = 0,053000 сек, WT = 0,613000 сек
  > B =  60, D =  18, MT = 0,583000 сек, RT = 0,025000 сек, WT = 0,608000 сек
  > B =  60, D =  19, MT = 0,612000 сек, RT = 0,051000 сек, WT = 0,663000 сек
  > B =  60, D =  20, MT = 0,552000 сек, RT = 0,023000 сек, WT = 0,575000 сек
  > B =  60, D =  21, MT = 0,580000 сек, RT = 0,031000 сек, WT = 0,611000 сек
  > B =  60, D =  22, MT = 0,576000 сек, RT = 0,035000 сек, WT = 0,611000 сек
  > B =  60, D =  23, MT = 0,584000 сек, RT = 0,054000 сек, WT = 0,638000 сек
  > B =  60, D =  24, MT = 0,560000 сек, RT = 0,022000 сек, WT = 0,582000 сек
  > B =  60, D =  25, MT = 0,585000 сек, RT = 0,025000 сек, WT = 0,610000 сек
  > B =  60, D =  26, MT = 0,586000 сек, RT = 0,037000 сек, WT = 0,623000 сек
  > B =  60, D =  27, MT = 0,607000 сек, RT = 0,030000 сек, WT = 0,637000 сек
  > B =  60, D =  28, MT = 0,588000 сек, RT = 0,026000 сек, WT = 0,614000 сек
  > B =  60, D =  29, MT = 0,616000 сек, RT = 0,051000 сек, WT = 0,667000 сек
  > B =  60, D =  30, MT = 0,598000 сек, RT = 0,021000 сек, WT = 0,619000 сек
  > B =  60, D =  31, MT = 0,610000 сек, RT = 0,056000 сек, WT = 0,666000 сек
  > B =  60, D =  32, MT = 0,597000 сек, RT = 0,027000 сек, WT = 0,624000 сек
  > B =  60, D =  33, MT = 0,613000 сек, RT = 0,031000 сек, WT = 0,644000 сек
  > B =  60, D =  34, MT = 0,605000 сек, RT = 0,036000 сек, WT = 0,641000 сек
  > B =  60, D =  35, MT = 0,620000 сек, RT = 0,026000 сек, WT = 0,646000 сек
  > B =  60, D =  36, MT = 0,591000 сек, RT = 0,022000 сек, WT = 0,613000 сек
  > B =  60, D =  37, MT = 0,613000 сек, RT = 0,053000 сек, WT = 0,666000 сек
  > B =  60, D =  38, MT = 0,611000 сек, RT = 0,035000 сек, WT = 0,646000 сек
  > B =  60, D =  39, MT = 0,618000 сек, RT = 0,032000 сек, WT = 0,650000 сек
  > B =  60, D =  40, MT = 0,595000 сек, RT = 0,023000 сек, WT = 0,618000 сек
  > B =  61, D =  10, MT = 0,648000 сек, RT = 0,106000 сек, WT = 0,754000 сек
  > B =  61, D =  11, MT = 0,675000 сек, RT = 0,106000 сек, WT = 0,781000 сек
  > B =  61, D =  12, MT = 0,589000 сек, RT = 0,107000 сек, WT = 0,696000 сек
  > B =  61, D =  13, MT = 0,574000 сек, RT = 0,108000 сек, WT = 0,682000 сек
  > B =  61, D =  14, MT = 0,595000 сек, RT = 0,106000 сек, WT = 0,701000 сек
  > B =  61, D =  15, MT = 0,615000 сек, RT = 0,108000 сек, WT = 0,723000 сек
  > B =  61, D =  16, MT = 0,545000 сек, RT = 0,111000 сек, WT = 0,656000 сек
  > B =  61, D =  17, MT = 0,562000 сек, RT = 0,107000 сек, WT = 0,669000 сек
  > B =  61, D =  18, MT = 0,577000 сек, RT = 0,106000 сек, WT = 0,683000 сек
  > B =  61, D =  19, MT = 0,596000 сек, RT = 0,105000 сек, WT = 0,701000 сек
  > B =  61, D =  20, MT = 0,575000 сек, RT = 0,105000 сек, WT = 0,680000 сек
  > B =  61, D =  21, MT = 0,565000 сек, RT = 0,108000 сек, WT = 0,673000 сек
  > B =  61, D =  22, MT = 0,576000 сек, RT = 0,110000 сек, WT = 0,686000 сек
  > B =  61, D =  23, MT = 0,588000 сек, RT = 0,109000 сек, WT = 0,697000 сек
  > B =  61, D =  24, MT = 0,549000 сек, RT = 0,107000 сек, WT = 0,656000 сек
  > B =  61, D =  25, MT = 0,587000 сек, RT = 0,106000 сек, WT = 0,693000 сек
  > B =  61, D =  26, MT = 0,591000 сек, RT = 0,107000 сек, WT = 0,698000 сек
  > B =  61, D =  27, MT = 0,616000 сек, RT = 0,114000 сек, WT = 0,730000 сек
  > B =  61, D =  28, MT = 0,595000 сек, RT = 0,107000 сек, WT = 0,702000 сек
  > B =  61, D =  29, MT = 0,625000 сек, RT = 0,106000 сек, WT = 0,731000 сек
  > B =  61, D =  30, MT = 0,625000 сек, RT = 0,104000 сек, WT = 0,729000 сек
  > B =  61, D =  31, MT = 0,607000 сек, RT = 0,109000 сек, WT = 0,716000 сек
  > B =  61, D =  32, MT = 0,604000 сек, RT = 0,109000 сек, WT = 0,713000 сек
  > B =  61, D =  33, MT = 0,607000 сек, RT = 0,113000 сек, WT = 0,720000 сек
  > B =  61, D =  34, MT = 0,617000 сек, RT = 0,112000 сек, WT = 0,729000 сек
  > B =  61, D =  35, MT = 0,619000 сек, RT = 0,110000 сек, WT = 0,729000 сек
  > B =  61, D =  36, MT = 0,606000 сек, RT = 0,112000 сек, WT = 0,718000 сек
  > B =  61, D =  37, MT = 0,601000 сек, RT = 0,109000 сек, WT = 0,710000 сек
  > B =  61, D =  38, MT = 0,610000 сек, RT = 0,109000 сек, WT = 0,719000 сек
  > B =  61, D =  39, MT = 0,612000 сек, RT = 0,110000 сек, WT = 0,722000 сек
  > B =  61, D =  40, MT = 0,603000 сек, RT = 0,109000 сек, WT = 0,712000 сек
  > B =  62, D =  10, MT = 0,666000 сек, RT = 0,085000 сек, WT = 0,751000 сек
  > B =  62, D =  11, MT = 0,668000 сек, RT = 0,100000 сек, WT = 0,768000 сек
  > B =  62, D =  12, MT = 0,603000 сек, RT = 0,085000 сек, WT = 0,688000 сек
  > B =  62, D =  13, MT = 0,581000 сек, RT = 0,103000 сек, WT = 0,684000 сек
  > B =  62, D =  14, MT = 0,599000 сек, RT = 0,086000 сек, WT = 0,685000 сек
  > B =  62, D =  15, MT = 0,622000 сек, RT = 0,100000 сек, WT = 0,722000 сек
  > B =  62, D =  16, MT = 0,558000 сек, RT = 0,085000 сек, WT = 0,643000 сек
  > B =  62, D =  17, MT = 0,574000 сек, RT = 0,102000 сек, WT = 0,676000 сек
  > B =  62, D =  18, MT = 0,576000 сек, RT = 0,086000 сек, WT = 0,662000 сек
  > B =  62, D =  19, MT = 0,630000 сек, RT = 0,101000 сек, WT = 0,731000 сек
  > B =  62, D =  20, MT = 0,598000 сек, RT = 0,088000 сек, WT = 0,686000 сек
  > B =  62, D =  21, MT = 0,556000 сек, RT = 0,101000 сек, WT = 0,657000 сек
  > B =  62, D =  22, MT = 0,569000 сек, RT = 0,083000 сек, WT = 0,652000 сек
  > B =  62, D =  23, MT = 0,588000 сек, RT = 0,100000 сек, WT = 0,688000 сек
  > B =  62, D =  24, MT = 0,558000 сек, RT = 0,083000 сек, WT = 0,641000 сек
  > B =  62, D =  25, MT = 0,596000 сек, RT = 0,100000 сек, WT = 0,696000 сек
  > B =  62, D =  26, MT = 0,613000 сек, RT = 0,088000 сек, WT = 0,701000 сек
  > B =  62, D =  27, MT = 0,636000 сек, RT = 0,109000 сек, WT = 0,745000 сек
  > B =  62, D =  28, MT = 0,637000 сек, RT = 0,084000 сек, WT = 0,721000 сек
  > B =  62, D =  29, MT = 0,615000 сек, RT = 0,103000 сек, WT = 0,718000 сек
  > B =  62, D =  30, MT = 0,621000 сек, RT = 0,083000 сек, WT = 0,704000 сек
  > B =  62, D =  31, MT = 0,614000 сек, RT = 0,070000 сек, WT = 0,684000 сек
  > B =  62, D =  32, MT = 0,623000 сек, RT = 0,084000 сек, WT = 0,707000 сек
  > B =  62, D =  33, MT = 0,659000 сек, RT = 0,108000 сек, WT = 0,767000 сек
  > B =  62, D =  34, MT = 0,644000 сек, RT = 0,086000 сек, WT = 0,730000 сек
  > B =  62, D =  35, MT = 0,662000 сек, RT = 0,107000 сек, WT = 0,769000 сек
  > B =  62, D =  36, MT = 0,633000 сек, RT = 0,102000 сек, WT = 0,735000 сек
  > B =  62, D =  37, MT = 0,662000 сек, RT = 0,112000 сек, WT = 0,774000 сек
  > B =  62, D =  38, MT = 0,633000 сек, RT = 0,086000 сек, WT = 0,719000 сек
  > B =  62, D =  39, MT = 0,662000 сек, RT = 0,127000 сек, WT = 0,789000 сек
  > B =  62, D =  40, MT = 0,664000 сек, RT = 0,093000 сек, WT = 0,757000 сек
  > B =  63, D =  10, MT = 0,674000 сек, RT = 0,097000 сек, WT = 0,771000 сек
  > B =  63, D =  11, MT = 0,663000 сек, RT = 0,090000 сек, WT = 0,753000 сек
  > B =  63, D =  12, MT = 0,615000 сек, RT = 0,071000 сек, WT = 0,686000 сек
  > B =  63, D =  13, MT = 0,587000 сек, RT = 0,095000 сек, WT = 0,682000 сек
  > B =  63, D =  14, MT = 0,617000 сек, RT = 0,065000 сек, WT = 0,682000 сек
  > B =  63, D =  15, MT = 0,630000 сек, RT = 0,069000 сек, WT = 0,699000 сек
  > B =  63, D =  16, MT = 0,576000 сек, RT = 0,093000 сек, WT = 0,669000 сек
  > B =  63, D =  17, MT = 0,564000 сек, RT = 0,094000 сек, WT = 0,658000 сек
  > B =  63, D =  18, MT = 0,578000 сек, RT = 0,065000 сек, WT = 0,643000 сек
  > B =  63, D =  19, MT = 0,607000 сек, RT = 0,092000 сек, WT = 0,699000 сек
  > B =  63, D =  20, MT = 0,585000 сек, RT = 0,089000 сек, WT = 0,674000 сек
  > B =  63, D =  21, MT = 0,576000 сек, RT = 0,066000 сек, WT = 0,642000 сек
  > B =  63, D =  22, MT = 0,601000 сек, RT = 0,092000 сек, WT = 0,693000 сек
  > B =  63, D =  23, MT = 0,590000 сек, RT = 0,097000 сек, WT = 0,687000 сек
  > B =  63, D =  24, MT = 0,569000 сек, RT = 0,071000 сек, WT = 0,640000 сек
  > B =  63, D =  25, MT = 0,591000 сек, RT = 0,093000 сек, WT = 0,684000 сек
  > B =  63, D =  26, MT = 0,629000 сек, RT = 0,094000 сек, WT = 0,723000 сек
  > B =  63, D =  27, MT = 0,631000 сек, RT = 0,070000 сек, WT = 0,701000 сек
  > B =  63, D =  28, MT = 0,611000 сек, RT = 0,068000 сек, WT = 0,679000 сек
  > B =  63, D =  29, MT = 0,621000 сек, RT = 0,093000 сек, WT = 0,714000 сек
  > B =  63, D =  30, MT = 0,646000 сек, RT = 0,071000 сек, WT = 0,717000 сек
  > B =  63, D =  31, MT = 0,641000 сек, RT = 0,091000 сек, WT = 0,732000 сек
  > B =  63, D =  32, MT = 0,621000 сек, RT = 0,097000 сек, WT = 0,718000 сек
  > B =  63, D =  33, MT = 0,629000 сек, RT = 0,072000 сек, WT = 0,701000 сек
  > B =  63, D =  34, MT = 0,665000 сек, RT = 0,096000 сек, WT = 0,761000 сек
  > B =  63, D =  35, MT = 0,660000 сек, RT = 0,068000 сек, WT = 0,728000 сек
  > B =  63, D =  36, MT = 0,628000 сек, RT = 0,069000 сек, WT = 0,697000 сек
  > B =  63, D =  37, MT = 0,640000 сек, RT = 0,097000 сек, WT = 0,737000 сек
  > B =  63, D =  38, MT = 0,639000 сек, RT = 0,100000 сек, WT = 0,739000 сек
  > B =  63, D =  39, MT = 0,652000 сек, RT = 0,074000 сек, WT = 0,726000 сек
  > B =  63, D =  40, MT = 0,640000 сек, RT = 0,121000 сек, WT = 0,761000 сек
  > B =  64, D =  10, MT = 0,654000 сек, RT = 0,089000 сек, WT = 0,743000 сек
  > B =  64, D =  11, MT = 0,726000 сек, RT = 0,112000 сек, WT = 0,838000 сек
  > B =  64, D =  12, MT = 0,637000 сек, RT = 0,088000 сек, WT = 0,725000 сек
  > B =  64, D =  13, MT = 0,624000 сек, RT = 0,112000 сек, WT = 0,736000 сек
  > B =  64, D =  14, MT = 0,608000 сек, RT = 0,096000 сек, WT = 0,704000 сек
  > B =  64, D =  15, MT = 0,617000 сек, RT = 0,108000 сек, WT = 0,725000 сек
  > B =  64, D =  16, MT = 0,576000 сек, RT = 0,079000 сек, WT = 0,655000 сек
  > B =  64, D =  17, MT = 0,584000 сек, RT = 0,111000 сек, WT = 0,695000 сек
  > B =  64, D =  18, MT = 0,627000 сек, RT = 0,097000 сек, WT = 0,724000 сек
  > B =  64, D =  19, MT = 0,638000 сек, RT = 0,113000 сек, WT = 0,751000 сек
  > B =  64, D =  20, MT = 0,615000 сек, RT = 0,084000 сек, WT = 0,699000 сек
  > B =  64, D =  21, MT = 0,643000 сек, RT = 0,111000 сек, WT = 0,754000 сек
  > B =  64, D =  22, MT = 0,643000 сек, RT = 0,099000 сек, WT = 0,742000 сек
  > B =  64, D =  23, MT = 0,683000 сек, RT = 0,122000 сек, WT = 0,805000 сек
  > B =  64, D =  24, MT = 0,629000 сек, RT = 0,086000 сек, WT = 0,715000 сек
  > B =  64, D =  25, MT = 0,679000 сек, RT = 0,111000 сек, WT = 0,790000 сек
  > B =  64, D =  26, MT = 0,658000 сек, RT = 0,100000 сек, WT = 0,758000 сек
  > B =  64, D =  27, MT = 0,707000 сек, RT = 0,114000 сек, WT = 0,821000 сек
  > B =  64, D =  28, MT = 0,662000 сек, RT = 0,090000 сек, WT = 0,752000 сек
  > B =  64, D =  29, MT = 0,695000 сек, RT = 0,115000 сек, WT = 0,810000 сек
  > B =  64, D =  30, MT = 0,703000 сек, RT = 0,098000 сек, WT = 0,801000 сек
  > B =  64, D =  31, MT = 0,713000 сек, RT = 0,119000 сек, WT = 0,832000 сек
  > B =  64, D =  32, MT = 0,767000 сек, RT = 0,087000 сек, WT = 0,854000 сек
  > B =  64, D =  33, MT = 0,725000 сек, RT = 0,114000 сек, WT = 0,839000 сек
  > B =  64, D =  34, MT = 0,736000 сек, RT = 0,110000 сек, WT = 0,846000 сек
  > B =  64, D =  35, MT = 0,712000 сек, RT = 0,117000 сек, WT = 0,829000 сек
  > B =  64, D =  36, MT = 0,681000 сек, RT = 0,092000 сек, WT = 0,773000 сек
  > B =  64, D =  37, MT = 0,715000 сек, RT = 0,119000 сек, WT = 0,834000 сек
  > B =  64, D =  38, MT = 0,705000 сек, RT = 0,094000 сек, WT = 0,799000 сек
  > B =  64, D =  39, MT = 0,686000 сек, RT = 0,118000 сек, WT = 0,804000 сек
  > B =  64, D =  40, MT = 0,680000 сек, RT = 0,087000 сек, WT = 0,767000 сек
  > B =  65, D =  10, MT = 0,682000 сек, RT = 0,041000 сек, WT = 0,723000 сек
  > B =  65, D =  11, MT = 0,697000 сек, RT = 0,073000 сек, WT = 0,770000 сек
  > B =  65, D =  12, MT = 0,626000 сек, RT = 0,070000 сек, WT = 0,696000 сек
  > B =  65, D =  13, MT = 0,593000 сек, RT = 0,040000 сек, WT = 0,633000 сек
  > B =  65, D =  14, MT = 0,607000 сек, RT = 0,070000 сек, WT = 0,677000 сек
  > B =  65, D =  15, MT = 0,614000 сек, RT = 0,041000 сек, WT = 0,655000 сек
  > B =  65, D =  16, MT = 0,587000 сек, RT = 0,067000 сек, WT = 0,654000 сек
  > B =  65, D =  17, MT = 0,572000 сек, RT = 0,070000 сек, WT = 0,642000 сек
  > B =  65, D =  18, MT = 0,585000 сек, RT = 0,068000 сек, WT = 0,653000 сек
  > B =  65, D =  19, MT = 0,601000 сек, RT = 0,069000 сек, WT = 0,670000 сек
  > B =  65, D =  20, MT = 0,591000 сек, RT = 0,040000 сек, WT = 0,631000 сек
  > B =  65, D =  21, MT = 0,631000 сек, RT = 0,069000 сек, WT = 0,700000 сек
  > B =  65, D =  22, MT = 0,592000 сек, RT = 0,074000 сек, WT = 0,666000 сек
  > B =  65, D =  23, MT = 0,606000 сек, RT = 0,069000 сек, WT = 0,675000 сек
  > B =  65, D =  24, MT = 0,567000 сек, RT = 0,070000 сек, WT = 0,637000 сек
  > B =  65, D =  25, MT = 0,636000 сек, RT = 0,044000 сек, WT = 0,680000 сек
  > B =  65, D =  26, MT = 0,637000 сек, RT = 0,040000 сек, WT = 0,677000 сек
  > B =  65, D =  27, MT = 0,616000 сек, RT = 0,069000 сек, WT = 0,685000 сек
  > B =  65, D =  28, MT = 0,599000 сек, RT = 0,070000 сек, WT = 0,669000 сек
  > B =  65, D =  29, MT = 0,619000 сек, RT = 0,067000 сек, WT = 0,686000 сек
  > B =  65, D =  30, MT = 0,624000 сек, RT = 0,040000 сек, WT = 0,664000 сек
  > B =  65, D =  31, MT = 0,632000 сек, RT = 0,065000 сек, WT = 0,697000 сек
  > B =  65, D =  32, MT = 0,651000 сек, RT = 0,065000 сек, WT = 0,716000 сек
  > B =  65, D =  33, MT = 0,630000 сек, RT = 0,070000 сек, WT = 0,700000 сек
  > B =  65, D =  34, MT = 0,621000 сек, RT = 0,067000 сек, WT = 0,688000 сек
  > B =  65, D =  35, MT = 0,621000 сек, RT = 0,041000 сек, WT = 0,662000 сек
  > B =  65, D =  36, MT = 0,614000 сек, RT = 0,065000 сек, WT = 0,679000 сек
  > B =  65, D =  37, MT = 0,609000 сек, RT = 0,068000 сек, WT = 0,677000 сек
  > B =  65, D =  38, MT = 0,616000 сек, RT = 0,068000 сек, WT = 0,684000 сек
  > B =  65, D =  39, MT = 0,621000 сек, RT = 0,036000 сек, WT = 0,657000 сек
  > B =  65, D =  40, MT = 0,616000 сек, RT = 0,041000 сек, WT = 0,657000 сек
  > B =  66, D =  10, MT = 0,634000 сек, RT = 0,097000 сек, WT = 0,731000 сек
  > B =  66, D =  11, MT = 0,651000 сек, RT = 0,086000 сек, WT = 0,737000 сек
  > B =  66, D =  12, MT = 0,589000 сек, RT = 0,088000 сек, WT = 0,677000 сек
  > B =  66, D =  13, MT = 0,590000 сек, RT = 0,111000 сек, WT = 0,701000 сек
  > B =  66, D =  14, MT = 0,583000 сек, RT = 0,098000 сек, WT = 0,681000 сек
  > B =  66, D =  15, MT = 0,603000 сек, RT = 0,092000 сек, WT = 0,695000 сек
  > B =  66, D =  16, MT = 0,584000 сек, RT = 0,099000 сек, WT = 0,683000 сек
  > B =  66, D =  17, MT = 0,562000 сек, RT = 0,116000 сек, WT = 0,678000 сек
  > B =  66, D =  18, MT = 0,558000 сек, RT = 0,088000 сек, WT = 0,646000 сек
  > B =  66, D =  19, MT = 0,582000 сек, RT = 0,114000 сек, WT = 0,696000 сек
  > B =  66, D =  20, MT = 0,571000 сек, RT = 0,097000 сек, WT = 0,668000 сек
  > B =  66, D =  21, MT = 0,587000 сек, RT = 0,092000 сек, WT = 0,679000 сек
  > B =  66, D =  22, MT = 0,572000 сек, RT = 0,086000 сек, WT = 0,658000 сек
  > B =  66, D =  23, MT = 0,584000 сек, RT = 0,121000 сек, WT = 0,705000 сек
  > B =  66, D =  24, MT = 0,558000 сек, RT = 0,089000 сек, WT = 0,647000 сек
  > B =  66, D =  25, MT = 0,573000 сек, RT = 0,115000 сек, WT = 0,688000 сек
  > B =  66, D =  26, MT = 0,578000 сек, RT = 0,098000 сек, WT = 0,676000 сек
  > B =  66, D =  27, MT = 0,592000 сек, RT = 0,092000 сек, WT = 0,684000 сек
  > B =  66, D =  28, MT = 0,594000 сек, RT = 0,098000 сек, WT = 0,692000 сек
  > B =  66, D =  29, MT = 0,605000 сек, RT = 0,114000 сек, WT = 0,719000 сек
  > B =  66, D =  30, MT = 0,624000 сек, RT = 0,087000 сек, WT = 0,711000 сек
  > B =  66, D =  31, MT = 0,631000 сек, RT = 0,116000 сек, WT = 0,747000 сек
  > B =  66, D =  32, MT = 0,641000 сек, RT = 0,100000 сек, WT = 0,741000 сек
  > B =  66, D =  33, MT = 0,629000 сек, RT = 0,085000 сек, WT = 0,714000 сек
  > B =  66, D =  34, MT = 0,623000 сек, RT = 0,100000 сек, WT = 0,723000 сек
  > B =  66, D =  35, MT = 0,633000 сек, RT = 0,117000 сек, WT = 0,750000 сек
  > B =  66, D =  36, MT = 0,614000 сек, RT = 0,087000 сек, WT = 0,701000 сек
  > B =  66, D =  37, MT = 0,627000 сек, RT = 0,119000 сек, WT = 0,746000 сек
  > B =  66, D =  38, MT = 0,612000 сек, RT = 0,102000 сек, WT = 0,714000 сек
  > B =  66, D =  39, MT = 0,625000 сек, RT = 0,092000 сек, WT = 0,717000 сек
  > B =  66, D =  40, MT = 0,606000 сек, RT = 0,100000 сек, WT = 0,706000 сек
  > B =  67, D =  10, MT = 0,635000 сек, RT = 0,095000 сек, WT = 0,730000 сек
  > B =  67, D =  11, MT = 0,677000 сек, RT = 0,095000 сек, WT = 0,772000 сек
  > B =  67, D =  12, MT = 0,585000 сек, RT = 0,093000 сек, WT = 0,678000 сек
  > B =  67, D =  13, MT = 0,603000 сек, RT = 0,096000 сек, WT = 0,699000 сек
  > B =  67, D =  14, MT = 0,589000 сек, RT = 0,097000 сек, WT = 0,686000 сек
  > B =  67, D =  15, MT = 0,598000 сек, RT = 0,096000 сек, WT = 0,694000 сек
  > B =  67, D =  16, MT = 0,567000 сек, RT = 0,092000 сек, WT = 0,659000 сек
  > B =  67, D =  17, MT = 0,548000 сек, RT = 0,096000 сек, WT = 0,644000 сек
  > B =  67, D =  18, MT = 0,561000 сек, RT = 0,094000 сек, WT = 0,655000 сек
  > B =  67, D =  19, MT = 0,582000 сек, RT = 0,087000 сек, WT = 0,669000 сек
  > B =  67, D =  20, MT = 0,577000 сек, RT = 0,094000 сек, WT = 0,671000 сек
  > B =  67, D =  21, MT = 0,584000 сек, RT = 0,097000 сек, WT = 0,681000 сек
  > B =  67, D =  22, MT = 0,586000 сек, RT = 0,094000 сек, WT = 0,680000 сек
  > B =  67, D =  23, MT = 0,572000 сек, RT = 0,097000 сек, WT = 0,669000 сек
  > B =  67, D =  24, MT = 0,552000 сек, RT = 0,095000 сек, WT = 0,647000 сек
  > B =  67, D =  25, MT = 0,572000 сек, RT = 0,097000 сек, WT = 0,669000 сек
  > B =  67, D =  26, MT = 0,583000 сек, RT = 0,096000 сек, WT = 0,679000 сек
  > B =  67, D =  27, MT = 0,588000 сек, RT = 0,096000 сек, WT = 0,684000 сек
  > B =  67, D =  28, MT = 0,588000 сек, RT = 0,096000 сек, WT = 0,684000 сек
  > B =  67, D =  29, MT = 0,595000 сек, RT = 0,099000 сек, WT = 0,694000 сек
  > B =  67, D =  30, MT = 0,609000 сек, RT = 0,094000 сек, WT = 0,703000 сек
  > B =  67, D =  31, MT = 0,614000 сек, RT = 0,094000 сек, WT = 0,708000 сек
  > B =  67, D =  32, MT = 0,626000 сек, RT = 0,093000 сек, WT = 0,719000 сек
  > B =  67, D =  33, MT = 0,643000 сек, RT = 0,095000 сек, WT = 0,738000 сек
  > B =  67, D =  34, MT = 0,622000 сек, RT = 0,098000 сек, WT = 0,720000 сек
  > B =  67, D =  35, MT = 0,628000 сек, RT = 0,100000 сек, WT = 0,728000 сек
  > B =  67, D =  36, MT = 0,611000 сек, RT = 0,100000 сек, WT = 0,711000 сек
  > B =  67, D =  37, MT = 0,613000 сек, RT = 0,100000 сек, WT = 0,713000 сек
  > B =  67, D =  38, MT = 0,606000 сек, RT = 0,099000 сек, WT = 0,705000 сек
  > B =  67, D =  39, MT = 0,606000 сек, RT = 0,099000 сек, WT = 0,705000 сек
  > B =  67, D =  40, MT = 0,605000 сек, RT = 0,097000 сек, WT = 0,702000 сек
  > B =  68, D =  10, MT = 0,628000 сек, RT = 0,099000 сек, WT = 0,727000 сек
  > B =  68, D =  11, MT = 0,688000 сек, RT = 0,115000 сек, WT = 0,803000 сек
  > B =  68, D =  12, MT = 0,576000 сек, RT = 0,089000 сек, WT = 0,665000 сек
  > B =  68, D =  13, MT = 0,599000 сек, RT = 0,116000 сек, WT = 0,715000 сек
  > B =  68, D =  14, MT = 0,571000 сек, RT = 0,099000 сек, WT = 0,670000 сек
  > B =  68, D =  15, MT = 0,590000 сек, RT = 0,113000 сек, WT = 0,703000 сек
  > B =  68, D =  16, MT = 0,556000 сек, RT = 0,090000 сек, WT = 0,646000 сек
  > B =  68, D =  17, MT = 0,549000 сек, RT = 0,088000 сек, WT = 0,637000 сек
  > B =  68, D =  18, MT = 0,591000 сек, RT = 0,103000 сек, WT = 0,694000 сек
  > B =  68, D =  19, MT = 0,588000 сек, RT = 0,123000 сек, WT = 0,711000 сек
  > B =  68, D =  20, MT = 0,563000 сек, RT = 0,091000 сек, WT = 0,654000 сек
  > B =  68, D =  21, MT = 0,586000 сек, RT = 0,115000 сек, WT = 0,701000 сек
  > B =  68, D =  22, MT = 0,589000 сек, RT = 0,097000 сек, WT = 0,686000 сек
  > B =  68, D =  23, MT = 0,591000 сек, RT = 0,120000 сек, WT = 0,711000 сек
  > B =  68, D =  24, MT = 0,547000 сек, RT = 0,090000 сек, WT = 0,637000 сек
  > B =  68, D =  25, MT = 0,584000 сек, RT = 0,116000 сек, WT = 0,700000 сек
  > B =  68, D =  26, MT = 0,578000 сек, RT = 0,101000 сек, WT = 0,679000 сек
  > B =  68, D =  27, MT = 0,588000 сек, RT = 0,113000 сек, WT = 0,701000 сек
  > B =  68, D =  28, MT = 0,571000 сек, RT = 0,090000 сек, WT = 0,661000 сек
  > B =  68, D =  29, MT = 0,594000 сек, RT = 0,117000 сек, WT = 0,711000 сек
  > B =  68, D =  30, MT = 0,605000 сек, RT = 0,097000 сек, WT = 0,702000 сек
  > B =  68, D =  31, MT = 0,625000 сек, RT = 0,115000 сек, WT = 0,740000 сек
  > B =  68, D =  32, MT = 0,632000 сек, RT = 0,089000 сек, WT = 0,721000 сек
  > B =  68, D =  33, MT = 0,658000 сек, RT = 0,116000 сек, WT = 0,774000 сек
  > B =  68, D =  34, MT = 0,630000 сек, RT = 0,086000 сек, WT = 0,716000 сек
  > B =  68, D =  35, MT = 0,636000 сек, RT = 0,119000 сек, WT = 0,755000 сек
  > B =  68, D =  36, MT = 0,628000 сек, RT = 0,091000 сек, WT = 0,719000 сек
  > B =  68, D =  37, MT = 0,632000 сек, RT = 0,122000 сек, WT = 0,754000 сек
  > B =  68, D =  38, MT = 0,627000 сек, RT = 0,100000 сек, WT = 0,727000 сек
  > B =  68, D =  39, MT = 0,643000 сек, RT = 0,120000 сек, WT = 0,763000 сек
  > B =  68, D =  40, MT = 0,608000 сек, RT = 0,092000 сек, WT = 0,700000 сек
  > B =  69, D =  10, MT = 0,631000 сек, RT = 0,109000 сек, WT = 0,740000 сек
  > B =  69, D =  11, MT = 0,693000 сек, RT = 0,106000 сек, WT = 0,799000 сек
  > B =  69, D =  12, MT = 0,577000 сек, RT = 0,087000 сек, WT = 0,664000 сек
  > B =  69, D =  13, MT = 0,587000 сек, RT = 0,109000 сек, WT = 0,696000 сек
  > B =  69, D =  14, MT = 0,579000 сек, RT = 0,110000 сек, WT = 0,689000 сек
  > B =  69, D =  15, MT = 0,595000 сек, RT = 0,087000 сек, WT = 0,682000 сек
  > B =  69, D =  16, MT = 0,576000 сек, RT = 0,108000 сек, WT = 0,684000 сек
  > B =  69, D =  17, MT = 0,596000 сек, RT = 0,106000 сек, WT = 0,702000 сек
  > B =  69, D =  18, MT = 0,570000 сек, RT = 0,086000 сек, WT = 0,656000 сек
  > B =  69, D =  19, MT = 0,593000 сек, RT = 0,109000 сек, WT = 0,702000 сек
  > B =  69, D =  20, MT = 0,571000 сек, RT = 0,108000 сек, WT = 0,679000 сек
  > B =  69, D =  21, MT = 0,595000 сек, RT = 0,087000 сек, WT = 0,682000 сек
  > B =  69, D =  22, MT = 0,623000 сек, RT = 0,112000 сек, WT = 0,735000 сек
  > B =  69, D =  23, MT = 0,593000 сек, RT = 0,084000 сек, WT = 0,677000 сек
  > B =  69, D =  24, MT = 0,549000 сек, RT = 0,086000 сек, WT = 0,635000 сек
  > B =  69, D =  25, MT = 0,576000 сек, RT = 0,109000 сек, WT = 0,685000 сек
  > B =  69, D =  26, MT = 0,573000 сек, RT = 0,107000 сек, WT = 0,680000 сек
  > B =  69, D =  27, MT = 0,590000 сек, RT = 0,087000 сек, WT = 0,677000 сек
  > B =  69, D =  28, MT = 0,574000 сек, RT = 0,107000 сек, WT = 0,681000 сек
  > B =  69, D =  29, MT = 0,612000 сек, RT = 0,107000 сек, WT = 0,719000 сек
  > B =  69, D =  30, MT = 0,610000 сек, RT = 0,088000 сек, WT = 0,698000 сек
  > B =  69, D =  31, MT = 0,617000 сек, RT = 0,109000 сек, WT = 0,726000 сек
  > B =  69, D =  32, MT = 0,625000 сек, RT = 0,106000 сек, WT = 0,731000 сек
  > B =  69, D =  33, MT = 0,644000 сек, RT = 0,085000 сек, WT = 0,729000 сек
  > B =  69, D =  34, MT = 0,644000 сек, RT = 0,106000 сек, WT = 0,750000 сек
  > B =  69, D =  35, MT = 0,628000 сек, RT = 0,109000 сек, WT = 0,737000 сек
  > B =  69, D =  36, MT = 0,638000 сек, RT = 0,088000 сек, WT = 0,726000 сек
  > B =  69, D =  37, MT = 0,626000 сек, RT = 0,110000 сек, WT = 0,736000 сек
  > B =  69, D =  38, MT = 0,620000 сек, RT = 0,107000 сек, WT = 0,727000 сек
  > B =  69, D =  39, MT = 0,644000 сек, RT = 0,085000 сек, WT = 0,729000 сек
  > B =  69, D =  40, MT = 0,630000 сек, RT = 0,114000 сек, WT = 0,744000 сек
  > B =  70, D =  10, MT = 0,664000 сек, RT = 0,042000 сек, WT = 0,706000 сек
  > B =  70, D =  11, MT = 0,703000 сек, RT = 0,075000 сек, WT = 0,778000 сек
  > B =  70, D =  12, MT = 0,608000 сек, RT = 0,060000 сек, WT = 0,668000 сек
  > B =  70, D =  13, MT = 0,622000 сек, RT = 0,072000 сек, WT = 0,694000 сек
  > B =  70, D =  14, MT = 0,625000 сек, RT = 0,045000 сек, WT = 0,670000 сек
  > B =  70, D =  15, MT = 0,667000 сек, RT = 0,050000 сек, WT = 0,717000 сек
  > B =  70, D =  16, MT = 0,668000 сек, RT = 0,060000 сек, WT = 0,728000 сек
  > B =  70, D =  17, MT = 0,632000 сек, RT = 0,078000 сек, WT = 0,710000 сек
  > B =  70, D =  18, MT = 0,603000 сек, RT = 0,060000 сек, WT = 0,663000 сек
  > B =  70, D =  19, MT = 0,643000 сек, RT = 0,078000 сек, WT = 0,721000 сек
  > B =  70, D =  20, MT = 0,611000 сек, RT = 0,048000 сек, WT = 0,659000 сек
  > B =  70, D =  21, MT = 0,636000 сек, RT = 0,046000 сек, WT = 0,682000 сек
  > B =  70, D =  22, MT = 0,592000 сек, RT = 0,056000 сек, WT = 0,648000 сек
  > B =  70, D =  23, MT = 0,612000 сек, RT = 0,073000 сек, WT = 0,685000 сек
  > B =  70, D =  24, MT = 0,565000 сек, RT = 0,058000 сек, WT = 0,623000 сек
  > B =  70, D =  25, MT = 0,577000 сек, RT = 0,052000 сек, WT = 0,629000 сек
  > B =  70, D =  26, MT = 0,585000 сек, RT = 0,057000 сек, WT = 0,642000 сек
  > B =  70, D =  27, MT = 0,596000 сек, RT = 0,073000 сек, WT = 0,669000 сек
  > B =  70, D =  28, MT = 0,585000 сек, RT = 0,042000 сек, WT = 0,627000 сек
  > B =  70, D =  29, MT = 0,636000 сек, RT = 0,074000 сек, WT = 0,710000 сек
  > B =  70, D =  30, MT = 0,608000 сек, RT = 0,045000 сек, WT = 0,653000 сек
  > B =  70, D =  31, MT = 0,618000 сек, RT = 0,073000 сек, WT = 0,691000 сек
  > B =  70, D =  32, MT = 0,636000 сек, RT = 0,055000 сек, WT = 0,691000 сек
  > B =  70, D =  33, MT = 0,648000 сек, RT = 0,070000 сек, WT = 0,718000 сек
  > B =  70, D =  34, MT = 0,650000 сек, RT = 0,056000 сек, WT = 0,706000 сек
  > B =  70, D =  35, MT = 0,688000 сек, RT = 0,043000 сек, WT = 0,731000 сек
  > B =  70, D =  36, MT = 0,669000 сек, RT = 0,060000 сек, WT = 0,729000 сек
  > B =  70, D =  37, MT = 0,655000 сек, RT = 0,099000 сек, WT = 0,754000 сек
  > B =  70, D =  38, MT = 0,660000 сек, RT = 0,061000 сек, WT = 0,721000 сек
  > B =  70, D =  39, MT = 0,680000 сек, RT = 0,080000 сек, WT = 0,760000 сек
  > B =  70, D =  40, MT = 0,641000 сек, RT = 0,048000 сек, WT = 0,689000 сек
  > B =  71, D =  10, MT = 0,676000 сек, RT = 0,091000 сек, WT = 0,767000 сек
  > B =  71, D =  11, MT = 0,715000 сек, RT = 0,087000 сек, WT = 0,802000 сек
  > B =  71, D =  12, MT = 0,588000 сек, RT = 0,089000 сек, WT = 0,677000 сек
  > B =  71, D =  13, MT = 0,594000 сек, RT = 0,087000 сек, WT = 0,681000 сек
  > B =  71, D =  14, MT = 0,604000 сек, RT = 0,085000 сек, WT = 0,689000 сек
  > B =  71, D =  15, MT = 0,596000 сек, RT = 0,086000 сек, WT = 0,682000 сек
  > B =  71, D =  16, MT = 0,566000 сек, RT = 0,087000 сек, WT = 0,653000 сек
  > B =  71, D =  17, MT = 0,587000 сек, RT = 0,088000 сек, WT = 0,675000 сек
  > B =  71, D =  18, MT = 0,564000 сек, RT = 0,089000 сек, WT = 0,653000 сек
  > B =  71, D =  19, MT = 0,587000 сек, RT = 0,089000 сек, WT = 0,676000 сек
  > B =  71, D =  20, MT = 0,570000 сек, RT = 0,089000 сек, WT = 0,659000 сек
  > B =  71, D =  21, MT = 0,575000 сек, RT = 0,086000 сек, WT = 0,661000 сек
  > B =  71, D =  22, MT = 0,589000 сек, RT = 0,086000 сек, WT = 0,675000 сек
  > B =  71, D =  23, MT = 0,609000 сек, RT = 0,088000 сек, WT = 0,697000 сек
  > B =  71, D =  24, MT = 0,564000 сек, RT = 0,090000 сек, WT = 0,654000 сек
  > B =  71, D =  25, MT = 0,581000 сек, RT = 0,090000 сек, WT = 0,671000 сек
  > B =  71, D =  26, MT = 0,583000 сек, RT = 0,089000 сек, WT = 0,672000 сек
  > B =  71, D =  27, MT = 0,592000 сек, RT = 0,088000 сек, WT = 0,680000 сек
  > B =  71, D =  28, MT = 0,585000 сек, RT = 0,089000 сек, WT = 0,674000 сек
  > B =  71, D =  29, MT = 0,596000 сек, RT = 0,088000 сек, WT = 0,684000 сек
  > B =  71, D =  30, MT = 0,611000 сек, RT = 0,090000 сек, WT = 0,701000 сек
  > B =  71, D =  31, MT = 0,616000 сек, RT = 0,089000 сек, WT = 0,705000 сек
  > B =  71, D =  32, MT = 0,630000 сек, RT = 0,087000 сек, WT = 0,717000 сек
  > B =  71, D =  33, MT = 0,648000 сек, RT = 0,086000 сек, WT = 0,734000 сек
  > B =  71, D =  34, MT = 0,650000 сек, RT = 0,087000 сек, WT = 0,737000 сек
  > B =  71, D =  35, MT = 0,666000 сек, RT = 0,087000 сек, WT = 0,753000 сек
  > B =  71, D =  36, MT = 0,636000 сек, RT = 0,090000 сек, WT = 0,726000 сек
  > B =  71, D =  37, MT = 0,632000 сек, RT = 0,091000 сек, WT = 0,723000 сек
  > B =  71, D =  38, MT = 0,630000 сек, RT = 0,091000 сек, WT = 0,721000 сек
  > B =  71, D =  39, MT = 0,654000 сек, RT = 0,090000 сек, WT = 0,744000 сек
  > B =  71, D =  40, MT = 0,644000 сек, RT = 0,097000 сек, WT = 0,741000 сек
  > B =  72, D =  10, MT = 0,704000 сек, RT = 0,040000 сек, WT = 0,744000 сек
  > B =  72, D =  11, MT = 0,719000 сек, RT = 0,052000 сек, WT = 0,771000 сек
  > B =  72, D =  12, MT = 0,621000 сек, RT = 0,021000 сек, WT = 0,642000 сек
  > B =  72, D =  13, MT = 0,662000 сек, RT = 0,059000 сек, WT = 0,721000 сек
  > B =  72, D =  14, MT = 0,715000 сек, RT = 0,038000 сек, WT = 0,753000 сек
  > B =  72, D =  15, MT = 0,646000 сек, RT = 0,038000 сек, WT = 0,684000 сек
  > B =  72, D =  16, MT = 0,615000 сек, RT = 0,022000 сек, WT = 0,637000 сек
  > B =  72, D =  17, MT = 0,659000 сек, RT = 0,054000 сек, WT = 0,713000 сек
  > B =  72, D =  18, MT = 0,608000 сек, RT = 0,023000 сек, WT = 0,631000 сек
  > B =  72, D =  19, MT = 0,606000 сек, RT = 0,056000 сек, WT = 0,662000 сек
  > B =  72, D =  20, MT = 0,570000 сек, RT = 0,023000 сек, WT = 0,593000 сек
  > B =  72, D =  21, MT = 0,612000 сек, RT = 0,027000 сек, WT = 0,639000 сек
  > B =  72, D =  22, MT = 0,608000 сек, RT = 0,034000 сек, WT = 0,642000 сек
  > B =  72, D =  23, MT = 0,655000 сек, RT = 0,051000 сек, WT = 0,706000 сек
  > B =  72, D =  24, MT = 0,575000 сек, RT = 0,025000 сек, WT = 0,600000 сек
  > B =  72, D =  25, MT = 0,588000 сек, RT = 0,054000 сек, WT = 0,642000 сек
  > B =  72, D =  26, MT = 0,575000 сек, RT = 0,034000 сек, WT = 0,609000 сек
  > B =  72, D =  27, MT = 0,590000 сек, RT = 0,022000 сек, WT = 0,612000 сек
  > B =  72, D =  28, MT = 0,571000 сек, RT = 0,024000 сек, WT = 0,595000 сек
  > B =  72, D =  29, MT = 0,590000 сек, RT = 0,049000 сек, WT = 0,639000 сек
  > B =  72, D =  30, MT = 0,594000 сек, RT = 0,022000 сек, WT = 0,616000 сек
  > B =  72, D =  31, MT = 0,615000 сек, RT = 0,051000 сек, WT = 0,666000 сек
  > B =  72, D =  32, MT = 0,641000 сек, RT = 0,019000 сек, WT = 0,660000 сек
  > B =  72, D =  33, MT = 0,651000 сек, RT = 0,031000 сек, WT = 0,682000 сек
  > B =  72, D =  34, MT = 0,638000 сек, RT = 0,033000 сек, WT = 0,671000 сек
  > B =  72, D =  35, MT = 0,663000 сек, RT = 0,051000 сек, WT = 0,714000 сек
  > B =  72, D =  36, MT = 0,618000 сек, RT = 0,018000 сек, WT = 0,636000 сек
  > B =  72, D =  37, MT = 0,632000 сек, RT = 0,053000 сек, WT = 0,685000 сек
  > B =  72, D =  38, MT = 0,626000 сек, RT = 0,034000 сек, WT = 0,660000 сек
  > B =  72, D =  39, MT = 0,655000 сек, RT = 0,030000 сек, WT = 0,685000 сек
  > B =  72, D =  40, MT = 0,633000 сек, RT = 0,022000 сек, WT = 0,655000 сек
  > B =  73, D =  10, MT = 0,676000 сек, RT = 0,129000 сек, WT = 0,805000 сек
  > B =  73, D =  11, MT = 0,700000 сек, RT = 0,119000 сек, WT = 0,819000 сек
  > B =  73, D =  12, MT = 0,633000 сек, RT = 0,132000 сек, WT = 0,765000 сек
  > B =  73, D =  13, MT = 0,626000 сек, RT = 0,130000 сек, WT = 0,756000 сек
  > B =  73, D =  14, MT = 0,651000 сек, RT = 0,122000 сек, WT = 0,773000 сек
  > B =  73, D =  15, MT = 0,643000 сек, RT = 0,179000 сек, WT = 0,822000 сек
  > B =  73, D =  16, MT = 0,601000 сек, RT = 0,136000 сек, WT = 0,737000 сек
  > B =  73, D =  17, MT = 0,579000 сек, RT = 0,122000 сек, WT = 0,701000 сек
  > B =  73, D =  18, MT = 0,586000 сек, RT = 0,117000 сек, WT = 0,703000 сек
  > B =  73, D =  19, MT = 0,576000 сек, RT = 0,119000 сек, WT = 0,695000 сек
  > B =  73, D =  20, MT = 0,558000 сек, RT = 0,119000 сек, WT = 0,677000 сек
  > B =  73, D =  21, MT = 0,573000 сек, RT = 0,117000 сек, WT = 0,690000 сек
  > B =  73, D =  22, MT = 0,592000 сек, RT = 0,119000 сек, WT = 0,711000 сек
  > B =  73, D =  23, MT = 0,604000 сек, RT = 0,118000 сек, WT = 0,722000 сек
  > B =  73, D =  24, MT = 0,573000 сек, RT = 0,115000 сек, WT = 0,688000 сек
  > B =  73, D =  25, MT = 0,590000 сек, RT = 0,121000 сек, WT = 0,711000 сек
  > B =  73, D =  26, MT = 0,581000 сек, RT = 0,120000 сек, WT = 0,701000 сек
  > B =  73, D =  27, MT = 0,631000 сек, RT = 0,120000 сек, WT = 0,751000 сек
  > B =  73, D =  28, MT = 0,585000 сек, RT = 0,135000 сек, WT = 0,720000 сек
  > B =  73, D =  29, MT = 0,668000 сек, RT = 0,139000 сек, WT = 0,807000 сек
  > B =  73, D =  30, MT = 0,636000 сек, RT = 0,159000 сек, WT = 0,795000 сек
  > B =  73, D =  31, MT = 0,679000 сек, RT = 0,126000 сек, WT = 0,805000 сек
  > B =  73, D =  32, MT = 0,666000 сек, RT = 0,144000 сек, WT = 0,810000 сек
  > B =  73, D =  33, MT = 0,659000 сек, RT = 0,123000 сек, WT = 0,782000 сек
  > B =  73, D =  34, MT = 0,684000 сек, RT = 0,137000 сек, WT = 0,821000 сек
  > B =  73, D =  35, MT = 0,717000 сек, RT = 0,121000 сек, WT = 0,838000 сек
  > B =  73, D =  36, MT = 0,705000 сек, RT = 0,121000 сек, WT = 0,826000 сек
  > B =  73, D =  37, MT = 0,733000 сек, RT = 0,129000 сек, WT = 0,862000 сек
  > B =  73, D =  38, MT = 0,668000 сек, RT = 0,126000 сек, WT = 0,794000 сек
  > B =  73, D =  39, MT = 0,659000 сек, RT = 0,124000 сек, WT = 0,783000 сек
  > B =  73, D =  40, MT = 0,650000 сек, RT = 0,127000 сек, WT = 0,777000 сек
  > B =  74, D =  10, MT = 0,686000 сек, RT = 0,066000 сек, WT = 0,752000 сек
  > B =  74, D =  11, MT = 0,708000 сек, RT = 0,085000 сек, WT = 0,793000 сек
  > B =  74, D =  12, MT = 0,665000 сек, RT = 0,065000 сек, WT = 0,730000 сек
  > B =  74, D =  13, MT = 0,617000 сек, RT = 0,085000 сек, WT = 0,702000 сек
  > B =  74, D =  14, MT = 0,703000 сек, RT = 0,066000 сек, WT = 0,769000 сек
  > B =  74, D =  15, MT = 0,623000 сек, RT = 0,084000 сек, WT = 0,707000 сек
  > B =  74, D =  16, MT = 0,576000 сек, RT = 0,066000 сек, WT = 0,642000 сек
  > B =  74, D =  17, MT = 0,602000 сек, RT = 0,077000 сек, WT = 0,679000 сек
  > B =  74, D =  18, MT = 0,598000 сек, RT = 0,065000 сек, WT = 0,663000 сек
  > B =  74, D =  19, MT = 0,609000 сек, RT = 0,082000 сек, WT = 0,691000 сек
  > B =  74, D =  20, MT = 0,572000 сек, RT = 0,066000 сек, WT = 0,638000 сек
  > B =  74, D =  21, MT = 0,603000 сек, RT = 0,083000 сек, WT = 0,686000 сек
  > B =  74, D =  22, MT = 0,607000 сек, RT = 0,062000 сек, WT = 0,669000 сек
  > B =  74, D =  23, MT = 0,620000 сек, RT = 0,080000 сек, WT = 0,700000 сек
  > B =  74, D =  24, MT = 0,595000 сек, RT = 0,064000 сек, WT = 0,659000 сек
  > B =  74, D =  25, MT = 0,591000 сек, RT = 0,081000 сек, WT = 0,672000 сек
  > B =  74, D =  26, MT = 0,602000 сек, RT = 0,065000 сек, WT = 0,667000 сек
  > B =  74, D =  27, MT = 0,606000 сек, RT = 0,081000 сек, WT = 0,687000 сек
  > B =  74, D =  28, MT = 0,600000 сек, RT = 0,067000 сек, WT = 0,667000 сек
  > B =  74, D =  29, MT = 0,632000 сек, RT = 0,089000 сек, WT = 0,721000 сек
  > B =  74, D =  30, MT = 0,640000 сек, RT = 0,067000 сек, WT = 0,707000 сек
  > B =  74, D =  31, MT = 0,639000 сек, RT = 0,084000 сек, WT = 0,723000 сек
  > B =  74, D =  32, MT = 0,630000 сек, RT = 0,067000 сек, WT = 0,697000 сек
  > B =  74, D =  33, MT = 0,664000 сек, RT = 0,083000 сек, WT = 0,747000 сек
  > B =  74, D =  34, MT = 0,665000 сек, RT = 0,064000 сек, WT = 0,729000 сек
  > B =  74, D =  35, MT = 0,691000 сек, RT = 0,082000 сек, WT = 0,773000 сек
  > B =  74, D =  36, MT = 0,677000 сек, RT = 0,066000 сек, WT = 0,743000 сек
  > B =  74, D =  37, MT = 0,703000 сек, RT = 0,051000 сек, WT = 0,754000 сек
  > B =  74, D =  38, MT = 0,672000 сек, RT = 0,067000 сек, WT = 0,739000 сек
  > B =  74, D =  39, MT = 0,671000 сек, RT = 0,087000 сек, WT = 0,758000 сек
  > B =  74, D =  40, MT = 0,664000 сек, RT = 0,066000 сек, WT = 0,730000 сек
  > B =  75, D =  10, MT = 0,705000 сек, RT = 0,035000 сек, WT = 0,740000 сек
  > B =  75, D =  11, MT = 0,713000 сек, RT = 0,064000 сек, WT = 0,777000 сек
  > B =  75, D =  12, MT = 0,630000 сек, RT = 0,040000 сек, WT = 0,670000 сек
  > B =  75, D =  13, MT = 0,619000 сек, RT = 0,064000 сек, WT = 0,683000 сек
  > B =  75, D =  14, MT = 0,661000 сек, RT = 0,065000 сек, WT = 0,726000 сек
  > B =  75, D =  15, MT = 0,635000 сек, RT = 0,031000 сек, WT = 0,666000 сек
  > B =  75, D =  16, MT = 0,611000 сек, RT = 0,076000 сек, WT = 0,687000 сек
  > B =  75, D =  17, MT = 0,642000 сек, RT = 0,070000 сек, WT = 0,712000 сек
  > B =  75, D =  18, MT = 0,655000 сек, RT = 0,039000 сек, WT = 0,694000 сек
  > B =  75, D =  19, MT = 0,625000 сек, RT = 0,066000 сек, WT = 0,691000 сек
  > B =  75, D =  20, MT = 0,616000 сек, RT = 0,036000 сек, WT = 0,652000 сек
  > B =  75, D =  21, MT = 0,683000 сек, RT = 0,041000 сек, WT = 0,724000 сек
  > B =  75, D =  22, MT = 0,648000 сек, RT = 0,064000 сек, WT = 0,712000 сек
  > B =  75, D =  23, MT = 0,775000 сек, RT = 0,063000 сек, WT = 0,838000 сек
  > B =  75, D =  24, MT = 0,642000 сек, RT = 0,045000 сек, WT = 0,687000 сек
  > B =  75, D =  25, MT = 0,654000 сек, RT = 0,033000 сек, WT = 0,687000 сек
  > B =  75, D =  26, MT = 0,658000 сек, RT = 0,065000 сек, WT = 0,723000 сек
  > B =  75, D =  27, MT = 0,674000 сек, RT = 0,044000 сек, WT = 0,718000 сек
  > B =  75, D =  28, MT = 0,629000 сек, RT = 0,062000 сек, WT = 0,691000 сек
  > B =  75, D =  29, MT = 0,641000 сек, RT = 0,064000 сек, WT = 0,705000 сек
  > B =  75, D =  30, MT = 0,663000 сек, RT = 0,031000 сек, WT = 0,694000 сек
  > B =  75, D =  31, MT = 0,755000 сек, RT = 0,062000 сек, WT = 0,817000 сек
  > B =  75, D =  32, MT = 0,709000 сек, RT = 0,068000 сек, WT = 0,777000 сек
  > B =  75, D =  33, MT = 0,719000 сек, RT = 0,041000 сек, WT = 0,760000 сек
  > B =  75, D =  34, MT = 0,729000 сек, RT = 0,088000 сек, WT = 0,817000 сек
  > B =  75, D =  35, MT = 0,757000 сек, RT = 0,039000 сек, WT = 0,796000 сек
  > B =  75, D =  36, MT = 0,736000 сек, RT = 0,042000 сек, WT = 0,778000 сек
  > B =  75, D =  37, MT = 0,751000 сек, RT = 0,061000 сек, WT = 0,812000 сек
  > B =  75, D =  38, MT = 0,745000 сек, RT = 0,067000 сек, WT = 0,812000 сек
  > B =  75, D =  39, MT = 0,710000 сек, RT = 0,041000 сек, WT = 0,751000 сек
  > B =  75, D =  40, MT = 0,696000 сек, RT = 0,036000 сек, WT = 0,732000 сек
  > B =  76, D =  10, MT = 0,716000 сек, RT = 0,059000 сек, WT = 0,775000 сек
  > B =  76, D =  11, MT = 0,705000 сек, RT = 0,083000 сек, WT = 0,788000 сек
  > B =  76, D =  12, MT = 0,633000 сек, RT = 0,066000 сек, WT = 0,699000 сек
  > B =  76, D =  13, MT = 0,633000 сек, RT = 0,082000 сек, WT = 0,715000 сек
  > B =  76, D =  14, MT = 0,682000 сек, RT = 0,063000 сек, WT = 0,745000 сек
  > B =  76, D =  15, MT = 0,644000 сек, RT = 0,080000 сек, WT = 0,724000 сек
  > B =  76, D =  16, MT = 0,580000 сек, RT = 0,058000 сек, WT = 0,638000 сек
  > B =  76, D =  17, MT = 0,650000 сек, RT = 0,079000 сек, WT = 0,729000 сек
  > B =  76, D =  18, MT = 0,607000 сек, RT = 0,060000 сек, WT = 0,667000 сек
  > B =  76, D =  19, MT = 0,586000 сек, RT = 0,050000 сек, WT = 0,636000 сек
  > B =  76, D =  20, MT = 0,548000 сек, RT = 0,052000 сек, WT = 0,600000 сек
  > B =  76, D =  21, MT = 0,603000 сек, RT = 0,077000 сек, WT = 0,680000 сек
  > B =  76, D =  22, MT = 0,582000 сек, RT = 0,062000 сек, WT = 0,644000 сек
  > B =  76, D =  23, MT = 0,615000 сек, RT = 0,080000 сек, WT = 0,695000 сек
  > B =  76, D =  24, MT = 0,565000 сек, RT = 0,052000 сек, WT = 0,617000 сек
  > B =  76, D =  25, MT = 0,611000 сек, RT = 0,076000 сек, WT = 0,687000 сек
  > B =  76, D =  26, MT = 0,587000 сек, RT = 0,063000 сек, WT = 0,650000 сек
  > B =  76, D =  27, MT = 0,715000 сек, RT = 0,077000 сек, WT = 0,792000 сек
  > B =  76, D =  28, MT = 0,636000 сек, RT = 0,073000 сек, WT = 0,709000 сек
  > B =  76, D =  29, MT = 0,639000 сек, RT = 0,084000 сек, WT = 0,723000 сек
  > B =  76, D =  30, MT = 0,664000 сек, RT = 0,062000 сек, WT = 0,726000 сек
  > B =  76, D =  31, MT = 0,639000 сек, RT = 0,087000 сек, WT = 0,726000 сек
  > B =  76, D =  32, MT = 0,616000 сек, RT = 0,054000 сек, WT = 0,670000 сек
  > B =  76, D =  33, MT = 0,684000 сек, RT = 0,076000 сек, WT = 0,760000 сек
  > B =  76, D =  34, MT = 0,656000 сек, RT = 0,063000 сек, WT = 0,719000 сек
  > B =  76, D =  35, MT = 0,668000 сек, RT = 0,078000 сек, WT = 0,746000 сек
  > B =  76, D =  36, MT = 0,644000 сек, RT = 0,053000 сек, WT = 0,697000 сек
  > B =  76, D =  37, MT = 0,664000 сек, RT = 0,077000 сек, WT = 0,741000 сек
  > B =  76, D =  38, MT = 0,677000 сек, RT = 0,045000 сек, WT = 0,722000 сек
  > B =  76, D =  39, MT = 0,671000 сек, RT = 0,083000 сек, WT = 0,754000 сек
  > B =  76, D =  40, MT = 0,668000 сек, RT = 0,054000 сек, WT = 0,722000 сек
  > B =  77, D =  10, MT = 0,673000 сек, RT = 0,195000 сек, WT = 0,868000 сек
  > B =  77, D =  11, MT = 0,728000 сек, RT = 0,167000 сек, WT = 0,895000 сек
  > B =  77, D =  12, MT = 0,616000 сек, RT = 0,216000 сек, WT = 0,832000 сек
  > B =  77, D =  13, MT = 0,575000 сек, RT = 0,191000 сек, WT = 0,766000 сек
  > B =  77, D =  14, MT = 0,658000 сек, RT = 0,182000 сек, WT = 0,840000 сек
  > B =  77, D =  15, MT = 0,643000 сек, RT = 0,206000 сек, WT = 0,849000 сек
  > B =  77, D =  16, MT = 0,583000 сек, RT = 0,203000 сек, WT = 0,786000 сек
  > B =  77, D =  17, MT = 0,576000 сек, RT = 0,191000 сек, WT = 0,767000 сек
  > B =  77, D =  18, MT = 0,603000 сек, RT = 0,190000 сек, WT = 0,793000 сек
  > B =  77, D =  19, MT = 0,615000 сек, RT = 0,213000 сек, WT = 0,828000 сек
  > B =  77, D =  20, MT = 0,583000 сек, RT = 0,196000 сек, WT = 0,779000 сек
  > B =  77, D =  21, MT = 0,599000 сек, RT = 0,168000 сек, WT = 0,767000 сек
  > B =  77, D =  22, MT = 0,570000 сек, RT = 0,157000 сек, WT = 0,727000 сек
  > B =  77, D =  23, MT = 0,599000 сек, RT = 0,195000 сек, WT = 0,794000 сек
  > B =  77, D =  24, MT = 0,597000 сек, RT = 0,188000 сек, WT = 0,785000 сек
  > B =  77, D =  25, MT = 0,642000 сек, RT = 0,198000 сек, WT = 0,840000 сек
  > B =  77, D =  26, MT = 0,605000 сек, RT = 0,185000 сек, WT = 0,790000 сек
  > B =  77, D =  27, MT = 0,614000 сек, RT = 0,195000 сек, WT = 0,809000 сек
  > B =  77, D =  28, MT = 0,587000 сек, RT = 0,159000 сек, WT = 0,746000 сек
  > B =  77, D =  29, MT = 0,628000 сек, RT = 0,193000 сек, WT = 0,821000 сек
  > B =  77, D =  30, MT = 0,602000 сек, RT = 0,184000 сек, WT = 0,786000 сек
  > B =  77, D =  31, MT = 0,632000 сек, RT = 0,190000 сек, WT = 0,822000 сек
  > B =  77, D =  32, MT = 0,605000 сек, RT = 0,198000 сек, WT = 0,803000 сек
  > B =  77, D =  33, MT = 0,628000 сек, RT = 0,156000 сек, WT = 0,784000 сек
  > B =  77, D =  34, MT = 0,621000 сек, RT = 0,187000 сек, WT = 0,808000 сек
  > B =  77, D =  35, MT = 0,654000 сек, RT = 0,159000 сек, WT = 0,813000 сек
  > B =  77, D =  36, MT = 0,635000 сек, RT = 0,185000 сек, WT = 0,820000 сек
  > B =  77, D =  37, MT = 0,644000 сек, RT = 0,185000 сек, WT = 0,829000 сек
  > B =  77, D =  38, MT = 0,635000 сек, RT = 0,183000 сек, WT = 0,818000 сек
  > B =  77, D =  39, MT = 0,627000 сек, RT = 0,188000 сек, WT = 0,815000 сек
  > B =  77, D =  40, MT = 0,625000 сек, RT = 0,188000 сек, WT = 0,813000 сек
  > B =  78, D =  10, MT = 0,629000 сек, RT = 0,072000 сек, WT = 0,701000 сек
  > B =  78, D =  11, MT = 0,680000 сек, RT = 0,090000 сек, WT = 0,770000 сек
  > B =  78, D =  12, MT = 0,590000 сек, RT = 0,064000 сек, WT = 0,654000 сек
  > B =  78, D =  13, MT = 0,569000 сек, RT = 0,061000 сек, WT = 0,630000 сек
  > B =  78, D =  14, MT = 0,581000 сек, RT = 0,073000 сек, WT = 0,654000 сек
  > B =  78, D =  15, MT = 0,608000 сек, RT = 0,070000 сек, WT = 0,678000 сек
  > B =  78, D =  16, MT = 0,561000 сек, RT = 0,072000 сек, WT = 0,633000 сек
  > B =  78, D =  17, MT = 0,570000 сек, RT = 0,092000 сек, WT = 0,662000 сек
  > B =  78, D =  18, MT = 0,592000 сек, RT = 0,065000 сек, WT = 0,657000 сек
  > B =  78, D =  19, MT = 0,638000 сек, RT = 0,095000 сек, WT = 0,733000 сек
  > B =  78, D =  20, MT = 0,578000 сек, RT = 0,077000 сек, WT = 0,655000 сек
  > B =  78, D =  21, MT = 0,565000 сек, RT = 0,070000 сек, WT = 0,635000 сек
  > B =  78, D =  22, MT = 0,590000 сек, RT = 0,074000 сек, WT = 0,664000 сек
  > B =  78, D =  23, MT = 0,592000 сек, RT = 0,092000 сек, WT = 0,684000 сек
  > B =  78, D =  24, MT = 0,569000 сек, RT = 0,063000 сек, WT = 0,632000 сек
  > B =  78, D =  25, MT = 0,596000 сек, RT = 0,089000 сек, WT = 0,685000 сек
  > B =  78, D =  26, MT = 0,575000 сек, RT = 0,062000 сек, WT = 0,637000 сек
  > B =  78, D =  27, MT = 0,578000 сек, RT = 0,070000 сек, WT = 0,648000 сек
  > B =  78, D =  28, MT = 0,571000 сек, RT = 0,074000 сек, WT = 0,645000 сек
  > B =  78, D =  29, MT = 0,594000 сек, RT = 0,091000 сек, WT = 0,685000 сек
  > B =  78, D =  30, MT = 0,610000 сек, RT = 0,065000 сек, WT = 0,675000 сек
  > B =  78, D =  31, MT = 0,598000 сек, RT = 0,096000 сек, WT = 0,694000 сек
  > B =  78, D =  32, MT = 0,614000 сек, RT = 0,072000 сек, WT = 0,686000 сек
  > B =  78, D =  33, MT = 0,613000 сек, RT = 0,070000 сек, WT = 0,683000 сек
  > B =  78, D =  34, MT = 0,618000 сек, RT = 0,075000 сек, WT = 0,693000 сек
  > B =  78, D =  35, MT = 0,635000 сек, RT = 0,090000 сек, WT = 0,725000 сек
  > B =  78, D =  36, MT = 0,627000 сек, RT = 0,063000 сек, WT = 0,690000 сек
  > B =  78, D =  37, MT = 0,653000 сек, RT = 0,093000 сек, WT = 0,746000 сек
  > B =  78, D =  38, MT = 0,641000 сек, RT = 0,075000 сек, WT = 0,716000 сек
  > B =  78, D =  39, MT = 0,633000 сек, RT = 0,062000 сек, WT = 0,695000 сек
  > B =  78, D =  40, MT = 0,615000 сек, RT = 0,077000 сек, WT = 0,692000 сек
  > B =  79, D =  10, MT = 0,620000 сек, RT = 0,109000 сек, WT = 0,729000 сек
  > B =  79, D =  11, MT = 0,673000 сек, RT = 0,106000 сек, WT = 0,779000 сек
  > B =  79, D =  12, MT = 0,585000 сек, RT = 0,113000 сек, WT = 0,698000 сек
  > B =  79, D =  13, MT = 0,596000 сек, RT = 0,107000 сек, WT = 0,703000 сек
  > B =  79, D =  14, MT = 0,580000 сек, RT = 0,110000 сек, WT = 0,690000 сек
  > B =  79, D =  15, MT = 0,593000 сек, RT = 0,106000 сек, WT = 0,699000 сек
  > B =  79, D =  16, MT = 0,545000 сек, RT = 0,110000 сек, WT = 0,655000 сек
  > B =  79, D =  17, MT = 0,579000 сек, RT = 0,109000 сек, WT = 0,688000 сек
  > B =  79, D =  18, MT = 0,576000 сек, RT = 0,110000 сек, WT = 0,686000 сек
  > B =  79, D =  19, MT = 0,607000 сек, RT = 0,110000 сек, WT = 0,717000 сек
  > B =  79, D =  20, MT = 0,577000 сек, RT = 0,113000 сек, WT = 0,690000 сек
  > B =  79, D =  21, MT = 0,599000 сек, RT = 0,117000 сек, WT = 0,716000 сек
  > B =  79, D =  22, MT = 0,592000 сек, RT = 0,114000 сек, WT = 0,706000 сек
  > B =  79, D =  23, MT = 0,605000 сек, RT = 0,114000 сек, WT = 0,719000 сек
  > B =  79, D =  24, MT = 0,574000 сек, RT = 0,110000 сек, WT = 0,684000 сек
  > B =  79, D =  25, MT = 0,616000 сек, RT = 0,112000 сек, WT = 0,728000 сек
  > B =  79, D =  26, MT = 0,614000 сек, RT = 0,111000 сек, WT = 0,725000 сек
  > B =  79, D =  27, MT = 0,598000 сек, RT = 0,120000 сек, WT = 0,718000 сек
  > B =  79, D =  28, MT = 0,586000 сек, RT = 0,112000 сек, WT = 0,698000 сек
  > B =  79, D =  29, MT = 0,593000 сек, RT = 0,115000 сек, WT = 0,708000 сек
  > B =  79, D =  30, MT = 0,603000 сек, RT = 0,111000 сек, WT = 0,714000 сек
  > B =  79, D =  31, MT = 0,604000 сек, RT = 0,114000 сек, WT = 0,718000 сек
  > B =  79, D =  32, MT = 0,612000 сек, RT = 0,110000 сек, WT = 0,722000 сек
  > B =  79, D =  33, MT = 0,626000 сек, RT = 0,113000 сек, WT = 0,739000 сек
  > B =  79, D =  34, MT = 0,636000 сек, RT = 0,112000 сек, WT = 0,748000 сек
  > B =  79, D =  35, MT = 0,655000 сек, RT = 0,113000 сек, WT = 0,768000 сек
  > B =  79, D =  36, MT = 0,642000 сек, RT = 0,106000 сек, WT = 0,748000 сек
  > B =  79, D =  37, MT = 0,654000 сек, RT = 0,110000 сек, WT = 0,764000 сек
  > B =  79, D =  38, MT = 0,648000 сек, RT = 0,116000 сек, WT = 0,764000 сек
  > B =  79, D =  39, MT = 0,656000 сек, RT = 0,107000 сек, WT = 0,763000 сек
  > B =  79, D =  40, MT = 0,633000 сек, RT = 0,113000 сек, WT = 0,746000 сек
  > B =  80, D =  10, MT = 0,628000 сек, RT = 0,016000 сек, WT = 0,644000 сек
  > B =  80, D =  11, MT = 0,708000 сек, RT = 0,046000 сек, WT = 0,754000 сек
  > B =  80, D =  12, MT = 0,625000 сек, RT = 0,021000 сек, WT = 0,646000 сек
  > B =  80, D =  13, MT = 0,638000 сек, RT = 0,050000 сек, WT = 0,688000 сек
  > B =  80, D =  14, MT = 0,617000 сек, RT = 0,030000 сек, WT = 0,647000 сек
  > B =  80, D =  15, MT = 0,628000 сек, RT = 0,021000 сек, WT = 0,649000 сек
  > B =  80, D =  16, MT = 0,608000 сек, RT = 0,017000 сек, WT = 0,625000 сек
  > B =  80, D =  17, MT = 0,589000 сек, RT = 0,058000 сек, WT = 0,647000 сек
  > B =  80, D =  18, MT = 0,605000 сек, RT = 0,031000 сек, WT = 0,636000 сек
  > B =  80, D =  19, MT = 0,635000 сек, RT = 0,049000 сек, WT = 0,684000 сек
  > B =  80, D =  20, MT = 0,631000 сек, RT = 0,018000 сек, WT = 0,649000 сек
  > B =  80, D =  21, MT = 0,609000 сек, RT = 0,052000 сек, WT = 0,661000 сек
  > B =  80, D =  22, MT = 0,598000 сек, RT = 0,030000 сек, WT = 0,628000 сек
  > B =  80, D =  23, MT = 0,675000 сек, RT = 0,050000 сек, WT = 0,725000 сек
  > B =  80, D =  24, MT = 0,654000 сек, RT = 0,019000 сек, WT = 0,673000 сек
  > B =  80, D =  25, MT = 0,658000 сек, RT = 0,021000 сек, WT = 0,679000 сек
  > B =  80, D =  26, MT = 0,691000 сек, RT = 0,031000 сек, WT = 0,722000 сек
  > B =  80, D =  27, MT = 0,694000 сек, RT = 0,051000 сек, WT = 0,745000 сек
  > B =  80, D =  28, MT = 0,638000 сек, RT = 0,024000 сек, WT = 0,662000 сек
  > B =  80, D =  29, MT = 0,677000 сек, RT = 0,051000 сек, WT = 0,728000 сек
  > B =  80, D =  30, MT = 0,637000 сек, RT = 0,018000 сек, WT = 0,655000 сек
  > B =  80, D =  31, MT = 0,660000 сек, RT = 0,051000 сек, WT = 0,711000 сек
  > B =  80, D =  32, MT = 0,668000 сек, RT = 0,019000 сек, WT = 0,687000 сек
  > B =  80, D =  33, MT = 0,655000 сек, RT = 0,050000 сек, WT = 0,705000 сек
  > B =  80, D =  34, MT = 0,695000 сек, RT = 0,033000 сек, WT = 0,728000 сек
  > B =  80, D =  35, MT = 0,692000 сек, RT = 0,021000 сек, WT = 0,713000 сек
  > B =  80, D =  36, MT = 0,688000 сек, RT = 0,022000 сек, WT = 0,710000 сек
  > B =  80, D =  37, MT = 0,691000 сек, RT = 0,047000 сек, WT = 0,738000 сек
  > B =  80, D =  38, MT = 0,700000 сек, RT = 0,032000 сек, WT = 0,732000 сек
  > B =  80, D =  39, MT = 0,729000 сек, RT = 0,046000 сек, WT = 0,775000 сек
  > B =  80, D =  40, MT = 0,676000 сек, RT = 0,016000 сек, WT = 0,692000 сек
  > B =  81, D =  10, MT = 0,697000 сек, RT = 0,112000 сек, WT = 0,809000 сек
  > B =  81, D =  11, MT = 0,721000 сек, RT = 0,111000 сек, WT = 0,832000 сек
  > B =  81, D =  12, MT = 0,636000 сек, RT = 0,090000 сек, WT = 0,726000 сек
  > B =  81, D =  13, MT = 0,680000 сек, RT = 0,113000 сек, WT = 0,793000 сек
  > B =  81, D =  14, MT = 0,634000 сек, RT = 0,123000 сек, WT = 0,757000 сек
  > B =  81, D =  15, MT = 0,667000 сек, RT = 0,104000 сек, WT = 0,771000 сек
  > B =  81, D =  16, MT = 0,599000 сек, RT = 0,130000 сек, WT = 0,729000 сек
  > B =  81, D =  17, MT = 0,616000 сек, RT = 0,117000 сек, WT = 0,733000 сек
  > B =  81, D =  18, MT = 0,601000 сек, RT = 0,081000 сек, WT = 0,682000 сек
  > B =  81, D =  19, MT = 0,608000 сек, RT = 0,105000 сек, WT = 0,713000 сек
  > B =  81, D =  20, MT = 0,582000 сек, RT = 0,105000 сек, WT = 0,687000 сек
  > B =  81, D =  21, MT = 0,568000 сек, RT = 0,088000 сек, WT = 0,656000 сек
  > B =  81, D =  22, MT = 0,591000 сек, RT = 0,108000 сек, WT = 0,699000 сек
  > B =  81, D =  23, MT = 0,585000 сек, RT = 0,108000 сек, WT = 0,693000 сек
  > B =  81, D =  24, MT = 0,559000 сек, RT = 0,083000 сек, WT = 0,642000 сек
  > B =  81, D =  25, MT = 0,595000 сек, RT = 0,107000 сек, WT = 0,702000 сек
  > B =  81, D =  26, MT = 0,596000 сек, RT = 0,103000 сек, WT = 0,699000 сек
  > B =  81, D =  27, MT = 0,594000 сек, RT = 0,075000 сек, WT = 0,669000 сек
  > B =  81, D =  28, MT = 0,569000 сек, RT = 0,106000 сек, WT = 0,675000 сек
  > B =  81, D =  29, MT = 0,607000 сек, RT = 0,113000 сек, WT = 0,720000 сек
  > B =  81, D =  30, MT = 0,586000 сек, RT = 0,085000 сек, WT = 0,671000 сек
  > B =  81, D =  31, MT = 0,613000 сек, RT = 0,106000 сек, WT = 0,719000 сек
  > B =  81, D =  32, MT = 0,635000 сек, RT = 0,109000 сек, WT = 0,744000 сек
  > B =  81, D =  33, MT = 0,626000 сек, RT = 0,088000 сек, WT = 0,714000 сек
  > B =  81, D =  34, MT = 0,613000 сек, RT = 0,104000 сек, WT = 0,717000 сек
  > B =  81, D =  35, MT = 0,648000 сек, RT = 0,108000 сек, WT = 0,756000 сек
  > B =  81, D =  36, MT = 0,637000 сек, RT = 0,075000 сек, WT = 0,712000 сек
  > B =  81, D =  37, MT = 0,661000 сек, RT = 0,110000 сек, WT = 0,771000 сек
  > B =  81, D =  38, MT = 0,673000 сек, RT = 0,110000 сек, WT = 0,783000 сек
  > B =  81, D =  39, MT = 0,694000 сек, RT = 0,086000 сек, WT = 0,780000 сек
  > B =  81, D =  40, MT = 0,666000 сек, RT = 0,111000 сек, WT = 0,777000 сек
  > B =  82, D =  10, MT = 0,645000 сек, RT = 0,305000 сек, WT = 0,950000 сек
  > B =  82, D =  11, MT = 0,681000 сек, RT = 0,325000 сек, WT = 1,006000 сек
  > B =  82, D =  12, MT = 0,585000 сек, RT = 0,310000 сек, WT = 0,895000 сек
  > B =  82, D =  13, MT = 0,583000 сек, RT = 0,319000 сек, WT = 0,902000 сек
  > B =  82, D =  14, MT = 0,572000 сек, RT = 0,305000 сек, WT = 0,877000 сек
  > B =  82, D =  15, MT = 0,615000 сек, RT = 0,320000 сек, WT = 0,935000 сек
  > B =  82, D =  16, MT = 0,586000 сек, RT = 0,313000 сек, WT = 0,899000 сек
  > B =  82, D =  17, MT = 0,564000 сек, RT = 0,336000 сек, WT = 0,900000 сек
  > B =  82, D =  18, MT = 0,569000 сек, RT = 0,309000 сек, WT = 0,878000 сек
  > B =  82, D =  19, MT = 0,589000 сек, RT = 0,325000 сек, WT = 0,914000 сек
  > B =  82, D =  20, MT = 0,561000 сек, RT = 0,304000 сек, WT = 0,865000 сек
  > B =  82, D =  21, MT = 0,562000 сек, RT = 0,323000 сек, WT = 0,885000 сек
  > B =  82, D =  22, MT = 0,572000 сек, RT = 0,306000 сек, WT = 0,878000 сек
  > B =  82, D =  23, MT = 0,583000 сек, RT = 0,325000 сек, WT = 0,908000 сек
  > B =  82, D =  24, MT = 0,554000 сек, RT = 0,314000 сек, WT = 0,868000 сек
  > B =  82, D =  25, MT = 0,584000 сек, RT = 0,322000 сек, WT = 0,906000 сек
  > B =  82, D =  26, MT = 0,592000 сек, RT = 0,306000 сек, WT = 0,898000 сек
  > B =  82, D =  27, MT = 0,621000 сек, RT = 0,321000 сек, WT = 0,942000 сек
  > B =  82, D =  28, MT = 0,602000 сек, RT = 0,328000 сек, WT = 0,930000 сек
  > B =  82, D =  29, MT = 0,679000 сек, RT = 0,377000 сек, WT = 1,056000 сек
  > B =  82, D =  30, MT = 0,616000 сек, RT = 0,344000 сек, WT = 0,960000 сек
  > B =  82, D =  31, MT = 0,646000 сек, RT = 0,347000 сек, WT = 0,993000 сек
  > B =  82, D =  32, MT = 0,618000 сек, RT = 0,327000 сек, WT = 0,945000 сек
  > B =  82, D =  33, MT = 0,650000 сек, RT = 0,350000 сек, WT = 1,000000 сек
  > B =  82, D =  34, MT = 0,638000 сек, RT = 0,313000 сек, WT = 0,951000 сек
  > B =  82, D =  35, MT = 0,697000 сек, RT = 0,352000 сек, WT = 1,049000 сек
  > B =  82, D =  36, MT = 0,639000 сек, RT = 0,352000 сек, WT = 0,991000 сек
  > B =  82, D =  37, MT = 0,645000 сек, RT = 0,330000 сек, WT = 0,975000 сек
  > B =  82, D =  38, MT = 0,692000 сек, RT = 0,318000 сек, WT = 1,010000 сек
  > B =  82, D =  39, MT = 0,675000 сек, RT = 0,349000 сек, WT = 1,024000 сек
  > B =  82, D =  40, MT = 0,641000 сек, RT = 0,313000 сек, WT = 0,954000 сек
  > B =  83, D =  10, MT = 0,659000 сек, RT = 0,172000 сек, WT = 0,831000 сек
  > B =  83, D =  11, MT = 0,720000 сек, RT = 0,175000 сек, WT = 0,895000 сек
  > B =  83, D =  12, MT = 0,577000 сек, RT = 0,174000 сек, WT = 0,751000 сек
  > B =  83, D =  13, MT = 0,579000 сек, RT = 0,168000 сек, WT = 0,747000 сек
  > B =  83, D =  14, MT = 0,604000 сек, RT = 0,168000 сек, WT = 0,772000 сек
  > B =  83, D =  15, MT = 0,621000 сек, RT = 0,177000 сек, WT = 0,798000 сек
  > B =  83, D =  16, MT = 0,615000 сек, RT = 0,181000 сек, WT = 0,796000 сек
  > B =  83, D =  17, MT = 0,566000 сек, RT = 0,175000 сек, WT = 0,741000 сек
  > B =  83, D =  18, MT = 0,606000 сек, RT = 0,172000 сек, WT = 0,778000 сек
  > B =  83, D =  19, MT = 0,600000 сек, RT = 0,177000 сек, WT = 0,777000 сек
  > B =  83, D =  20, MT = 0,612000 сек, RT = 0,175000 сек, WT = 0,787000 сек
  > B =  83, D =  21, MT = 0,615000 сек, RT = 0,178000 сек, WT = 0,793000 сек
  > B =  83, D =  22, MT = 0,624000 сек, RT = 0,179000 сек, WT = 0,803000 сек
  > B =  83, D =  23, MT = 0,616000 сек, RT = 0,180000 сек, WT = 0,796000 сек
  > B =  83, D =  24, MT = 0,577000 сек, RT = 0,180000 сек, WT = 0,757000 сек
  > B =  83, D =  25, MT = 0,624000 сек, RT = 0,171000 сек, WT = 0,795000 сек
  > B =  83, D =  26, MT = 0,610000 сек, RT = 0,181000 сек, WT = 0,791000 сек
  > B =  83, D =  27, MT = 0,651000 сек, RT = 0,171000 сек, WT = 0,822000 сек
  > B =  83, D =  28, MT = 0,628000 сек, RT = 0,205000 сек, WT = 0,833000 сек
  > B =  83, D =  29, MT = 0,626000 сек, RT = 0,200000 сек, WT = 0,826000 сек
  > B =  83, D =  30, MT = 0,669000 сек, RT = 0,179000 сек, WT = 0,848000 сек
  > B =  83, D =  31, MT = 0,663000 сек, RT = 0,180000 сек, WT = 0,843000 сек
  > B =  83, D =  32, MT = 0,655000 сек, RT = 0,183000 сек, WT = 0,838000 сек
  > B =  83, D =  33, MT = 0,658000 сек, RT = 0,176000 сек, WT = 0,834000 сек
  > B =  83, D =  34, MT = 0,687000 сек, RT = 0,198000 сек, WT = 0,885000 сек
  > B =  83, D =  35, MT = 0,663000 сек, RT = 0,182000 сек, WT = 0,845000 сек
  > B =  83, D =  36, MT = 0,937000 сек, RT = 0,182000 сек, WT = 1,119000 сек
  > B =  83, D =  37, MT = 0,878000 сек, RT = 0,185000 сек, WT = 1,063000 сек
  > B =  83, D =  38, MT = 0,843000 сек, RT = 0,278000 сек, WT = 1,121000 сек
  > B =  83, D =  39, MT = 0,857000 сек, RT = 0,181000 сек, WT = 1,038000 сек
  > B =  83, D =  40, MT = 0,700000 сек, RT = 0,334000 сек, WT = 1,034000 сек
  > B =  84, D =  10, MT = 0,700000 сек, RT = 0,076000 сек, WT = 0,776000 сек
  > B =  84, D =  11, MT = 0,716000 сек, RT = 0,098000 сек, WT = 0,814000 сек
  > B =  84, D =  12, MT = 0,582000 сек, RT = 0,063000 сек, WT = 0,645000 сек
  > B =  84, D =  13, MT = 0,594000 сек, RT = 0,093000 сек, WT = 0,687000 сек
  > B =  84, D =  14, MT = 0,579000 сек, RT = 0,062000 сек, WT = 0,641000 сек
  > B =  84, D =  15, MT = 0,596000 сек, RT = 0,072000 сек, WT = 0,668000 сек
  > B =  84, D =  16, MT = 0,585000 сек, RT = 0,069000 сек, WT = 0,654000 сек
  > B =  84, D =  17, MT = 0,581000 сек, RT = 0,097000 сек, WT = 0,678000 сек
  > B =  84, D =  18, MT = 0,588000 сек, RT = 0,069000 сек, WT = 0,657000 сек
  > B =  84, D =  19, MT = 0,630000 сек, RT = 0,146000 сек, WT = 0,776000 сек
  > B =  84, D =  20, MT = 0,624000 сек, RT = 0,068000 сек, WT = 0,692000 сек
  > B =  84, D =  21, MT = 0,603000 сек, RT = 0,068000 сек, WT = 0,671000 сек
  > B =  84, D =  22, MT = 0,601000 сек, RT = 0,078000 сек, WT = 0,679000 сек
  > B =  84, D =  23, MT = 0,644000 сек, RT = 0,098000 сек, WT = 0,742000 сек
  > B =  84, D =  24, MT = 0,595000 сек, RT = 0,067000 сек, WT = 0,662000 сек
  > B =  84, D =  25, MT = 0,657000 сек, RT = 0,098000 сек, WT = 0,755000 сек
  > B =  84, D =  26, MT = 0,600000 сек, RT = 0,078000 сек, WT = 0,678000 сек
  > B =  84, D =  27, MT = 0,628000 сек, RT = 0,074000 сек, WT = 0,702000 сек
  > B =  84, D =  28, MT = 0,609000 сек, RT = 0,064000 сек, WT = 0,673000 сек
  > B =  84, D =  29, MT = 0,643000 сек, RT = 0,102000 сек, WT = 0,745000 сек
  > B =  84, D =  30, MT = 0,647000 сек, RT = 0,070000 сек, WT = 0,717000 сек
  > B =  84, D =  31, MT = 0,611000 сек, RT = 0,098000 сек, WT = 0,709000 сек
  > B =  84, D =  32, MT = 0,602000 сек, RT = 0,065000 сек, WT = 0,667000 сек
  > B =  84, D =  33, MT = 0,672000 сек, RT = 0,071000 сек, WT = 0,743000 сек
  > B =  84, D =  34, MT = 0,636000 сек, RT = 0,080000 сек, WT = 0,716000 сек
  > B =  84, D =  35, MT = 0,674000 сек, RT = 0,067000 сек, WT = 0,741000 сек
  > B =  84, D =  36, MT = 0,737000 сек, RT = 0,064000 сек, WT = 0,801000 сек
  > B =  84, D =  37, MT = 0,656000 сек, RT = 0,098000 сек, WT = 0,754000 сек
  > B =  84, D =  38, MT = 0,758000 сек, RT = 0,077000 сек, WT = 0,835000 сек
  > B =  84, D =  39, MT = 0,696000 сек, RT = 0,072000 сек, WT = 0,768000 сек
  > B =  84, D =  40, MT = 0,654000 сек, RT = 0,079000 сек, WT = 0,733000 сек
  > B =  85, D =  10, MT = 0,678000 сек, RT = 0,067000 сек, WT = 0,745000 сек
  > B =  85, D =  11, MT = 0,692000 сек, RT = 0,093000 сек, WT = 0,785000 сек
  > B =  85, D =  12, MT = 0,592000 сек, RT = 0,089000 сек, WT = 0,681000 сек
  > B =  85, D =  13, MT = 0,617000 сек, RT = 0,102000 сек, WT = 0,719000 сек
  > B =  85, D =  14, MT = 0,631000 сек, RT = 0,101000 сек, WT = 0,732000 сек
  > B =  85, D =  15, MT = 0,643000 сек, RT = 0,065000 сек, WT = 0,708000 сек
  > B =  85, D =  16, MT = 0,568000 сек, RT = 0,091000 сек, WT = 0,659000 сек
  > B =  85, D =  17, MT = 0,609000 сек, RT = 0,062000 сек, WT = 0,671000 сек
  > B =  85, D =  18, MT = 0,606000 сек, RT = 0,093000 сек, WT = 0,699000 сек
  > B =  85, D =  19, MT = 0,692000 сек, RT = 0,100000 сек, WT = 0,792000 сек
  > B =  85, D =  20, MT = 0,590000 сек, RT = 0,072000 сек, WT = 0,662000 сек
  > B =  85, D =  21, MT = 0,719000 сек, RT = 0,088000 сек, WT = 0,807000 сек
  > B =  85, D =  22, MT = 0,628000 сек, RT = 0,102000 сек, WT = 0,730000 сек
  > B =  85, D =  23, MT = 0,695000 сек, RT = 0,102000 сек, WT = 0,797000 сек
  > B =  85, D =  24, MT = 0,630000 сек, RT = 0,100000 сек, WT = 0,730000 сек
  > B =  85, D =  25, MT = 0,652000 сек, RT = 0,069000 сек, WT = 0,721000 сек
  > B =  85, D =  26, MT = 0,671000 сек, RT = 0,112000 сек, WT = 0,783000 сек
  > B =  85, D =  27, MT = 0,689000 сек, RT = 0,099000 сек, WT = 0,788000 сек
  > B =  85, D =  28, MT = 0,623000 сек, RT = 0,096000 сек, WT = 0,719000 сек
  > B =  85, D =  29, MT = 0,658000 сек, RT = 0,097000 сек, WT = 0,755000 сек
  > B =  85, D =  30, MT = 0,711000 сек, RT = 0,065000 сек, WT = 0,776000 сек
  > B =  85, D =  31, MT = 0,771000 сек, RT = 0,101000 сек, WT = 0,872000 сек
  > B =  85, D =  32, MT = 0,652000 сек, RT = 0,096000 сек, WT = 0,748000 сек
  > B =  85, D =  33, MT = 0,665000 сек, RT = 0,095000 сек, WT = 0,760000 сек
  > B =  85, D =  34, MT = 0,789000 сек, RT = 0,068000 сек, WT = 0,857000 сек
  > B =  85, D =  35, MT = 0,664000 сек, RT = 0,068000 сек, WT = 0,732000 сек
  > B =  85, D =  36, MT = 0,664000 сек, RT = 0,100000 сек, WT = 0,764000 сек
  > B =  85, D =  37, MT = 0,680000 сек, RT = 0,097000 сек, WT = 0,777000 сек
  > B =  85, D =  38, MT = 0,685000 сек, RT = 0,118000 сек, WT = 0,803000 сек
  > B =  85, D =  39, MT = 0,795000 сек, RT = 0,104000 сек, WT = 0,899000 сек
  > B =  85, D =  40, MT = 0,704000 сек, RT = 0,075000 сек, WT = 0,779000 сек
  > B =  86, D =  10, MT = 0,760000 сек, RT = 0,087000 сек, WT = 0,847000 сек
  > B =  86, D =  11, MT = 0,729000 сек, RT = 0,109000 сек, WT = 0,838000 сек
  > B =  86, D =  12, MT = 0,642000 сек, RT = 0,086000 сек, WT = 0,728000 сек
  > B =  86, D =  13, MT = 0,627000 сек, RT = 0,127000 сек, WT = 0,754000 сек
  > B =  86, D =  14, MT = 0,642000 сек, RT = 0,086000 сек, WT = 0,728000 сек
  > B =  86, D =  15, MT = 0,599000 сек, RT = 0,102000 сек, WT = 0,701000 сек
  > B =  86, D =  16, MT = 0,566000 сек, RT = 0,083000 сек, WT = 0,649000 сек
  > B =  86, D =  17, MT = 0,603000 сек, RT = 0,099000 сек, WT = 0,702000 сек
  > B =  86, D =  18, MT = 0,596000 сек, RT = 0,089000 сек, WT = 0,685000 сек
  > B =  86, D =  19, MT = 0,624000 сек, RT = 0,107000 сек, WT = 0,731000 сек
  > B =  86, D =  20, MT = 0,573000 сек, RT = 0,085000 сек, WT = 0,658000 сек
  > B =  86, D =  21, MT = 0,645000 сек, RT = 0,121000 сек, WT = 0,766000 сек
  > B =  86, D =  22, MT = 0,621000 сек, RT = 0,088000 сек, WT = 0,709000 сек
  > B =  86, D =  23, MT = 0,612000 сек, RT = 0,108000 сек, WT = 0,720000 сек
  > B =  86, D =  24, MT = 0,569000 сек, RT = 0,086000 сек, WT = 0,655000 сек
  > B =  86, D =  25, MT = 0,638000 сек, RT = 0,101000 сек, WT = 0,739000 сек
  > B =  86, D =  26, MT = 0,641000 сек, RT = 0,092000 сек, WT = 0,733000 сек
  > B =  86, D =  27, MT = 0,645000 сек, RT = 0,103000 сек, WT = 0,748000 сек
  > B =  86, D =  28, MT = 0,615000 сек, RT = 0,095000 сек, WT = 0,710000 сек
  > B =  86, D =  29, MT = 0,621000 сек, RT = 0,104000 сек, WT = 0,725000 сек
  > B =  86, D =  30, MT = 0,629000 сек, RT = 0,099000 сек, WT = 0,728000 сек
  > B =  86, D =  31, MT = 0,606000 сек, RT = 0,105000 сек, WT = 0,711000 сек
  > B =  86, D =  32, MT = 0,627000 сек, RT = 0,101000 сек, WT = 0,728000 сек
  > B =  86, D =  33, MT = 0,618000 сек, RT = 0,101000 сек, WT = 0,719000 сек
  > B =  86, D =  34, MT = 0,619000 сек, RT = 0,084000 сек, WT = 0,703000 сек
  > B =  86, D =  35, MT = 0,631000 сек, RT = 0,103000 сек, WT = 0,734000 сек
  > B =  86, D =  36, MT = 0,648000 сек, RT = 0,084000 сек, WT = 0,732000 сек
  > B =  86, D =  37, MT = 0,660000 сек, RT = 0,105000 сек, WT = 0,765000 сек
  > B =  86, D =  38, MT = 0,636000 сек, RT = 0,087000 сек, WT = 0,723000 сек
  > B =  86, D =  39, MT = 0,644000 сек, RT = 0,100000 сек, WT = 0,744000 сек
  > B =  86, D =  40, MT = 0,654000 сек, RT = 0,083000 сек, WT = 0,737000 сек
  > B =  87, D =  10, MT = 0,678000 сек, RT = 0,146000 сек, WT = 0,824000 сек
  > B =  87, D =  11, MT = 0,659000 сек, RT = 0,137000 сек, WT = 0,796000 сек
  > B =  87, D =  12, MT = 0,604000 сек, RT = 0,116000 сек, WT = 0,720000 сек
  > B =  87, D =  13, MT = 0,583000 сек, RT = 0,136000 сек, WT = 0,719000 сек
  > B =  87, D =  14, MT = 0,615000 сек, RT = 0,136000 сек, WT = 0,751000 сек
  > B =  87, D =  15, MT = 0,597000 сек, RT = 0,120000 сек, WT = 0,717000 сек
  > B =  87, D =  16, MT = 0,582000 сек, RT = 0,156000 сек, WT = 0,738000 сек
  > B =  87, D =  17, MT = 0,581000 сек, RT = 0,136000 сек, WT = 0,717000 сек
  > B =  87, D =  18, MT = 0,603000 сек, RT = 0,138000 сек, WT = 0,741000 сек
  > B =  87, D =  19, MT = 0,624000 сек, RT = 0,137000 сек, WT = 0,761000 сек
  > B =  87, D =  20, MT = 0,621000 сек, RT = 0,145000 сек, WT = 0,766000 сек
  > B =  87, D =  21, MT = 0,620000 сек, RT = 0,118000 сек, WT = 0,738000 сек
  > B =  87, D =  22, MT = 0,593000 сек, RT = 0,164000 сек, WT = 0,757000 сек
  > B =  87, D =  23, MT = 0,629000 сек, RT = 0,140000 сек, WT = 0,769000 сек
  > B =  87, D =  24, MT = 0,589000 сек, RT = 0,131000 сек, WT = 0,720000 сек
  > B =  87, D =  25, MT = 0,622000 сек, RT = 0,145000 сек, WT = 0,767000 сек
  > B =  87, D =  26, MT = 0,621000 сек, RT = 0,144000 сек, WT = 0,765000 сек
  > B =  87, D =  27, MT = 0,684000 сек, RT = 0,120000 сек, WT = 0,804000 сек
  > B =  87, D =  28, MT = 0,653000 сек, RT = 0,145000 сек, WT = 0,798000 сек
  > B =  87, D =  29, MT = 0,644000 сек, RT = 0,114000 сек, WT = 0,758000 сек
  > B =  87, D =  30, MT = 0,631000 сек, RT = 0,122000 сек, WT = 0,753000 сек
  > B =  87, D =  31, MT = 0,600000 сек, RT = 0,139000 сек, WT = 0,739000 сек
  > B =  87, D =  32, MT = 0,615000 сек, RT = 0,139000 сек, WT = 0,754000 сек
  > B =  87, D =  33, MT = 0,667000 сек, RT = 0,119000 сек, WT = 0,786000 сек
  > B =  87, D =  34, MT = 0,628000 сек, RT = 0,141000 сек, WT = 0,769000 сек
  > B =  87, D =  35, MT = 0,671000 сек, RT = 0,140000 сек, WT = 0,811000 сек
  > B =  87, D =  36, MT = 0,631000 сек, RT = 0,123000 сек, WT = 0,754000 сек
  > B =  87, D =  37, MT = 0,645000 сек, RT = 0,138000 сек, WT = 0,783000 сек
  > B =  87, D =  38, MT = 0,676000 сек, RT = 0,147000 сек, WT = 0,823000 сек
  > B =  87, D =  39, MT = 0,682000 сек, RT = 0,124000 сек, WT = 0,806000 сек
  > B =  87, D =  40, MT = 0,642000 сек, RT = 0,144000 сек, WT = 0,786000 сек
  > B =  88, D =  10, MT = 0,681000 сек, RT = 0,038000 сек, WT = 0,719000 сек
  > B =  88, D =  11, MT = 0,711000 сек, RT = 0,028000 сек, WT = 0,739000 сек
  > B =  88, D =  12, MT = 0,639000 сек, RT = 0,033000 сек, WT = 0,672000 сек
  > B =  88, D =  13, MT = 0,628000 сек, RT = 0,057000 сек, WT = 0,685000 сек
  > B =  88, D =  14, MT = 0,610000 сек, RT = 0,040000 сек, WT = 0,650000 сек
  > B =  88, D =  15, MT = 0,607000 сек, RT = 0,058000 сек, WT = 0,665000 сек
  > B =  88, D =  16, MT = 0,575000 сек, RT = 0,027000 сек, WT = 0,602000 сек
  > B =  88, D =  17, MT = 0,615000 сек, RT = 0,053000 сек, WT = 0,668000 сек
  > B =  88, D =  18, MT = 0,586000 сек, RT = 0,051000 сек, WT = 0,637000 сек
  > B =  88, D =  19, MT = 0,613000 сек, RT = 0,057000 сек, WT = 0,670000 сек
  > B =  88, D =  20, MT = 0,593000 сек, RT = 0,031000 сек, WT = 0,624000 сек
  > B =  88, D =  21, MT = 0,602000 сек, RT = 0,059000 сек, WT = 0,661000 сек
  > B =  88, D =  22, MT = 0,614000 сек, RT = 0,026000 сек, WT = 0,640000 сек
  > B =  88, D =  23, MT = 0,614000 сек, RT = 0,056000 сек, WT = 0,670000 сек
  > B =  88, D =  24, MT = 0,602000 сек, RT = 0,028000 сек, WT = 0,630000 сек
  > B =  88, D =  25, MT = 0,625000 сек, RT = 0,058000 сек, WT = 0,683000 сек
  > B =  88, D =  26, MT = 0,631000 сек, RT = 0,043000 сек, WT = 0,674000 сек
  > B =  88, D =  27, MT = 0,654000 сек, RT = 0,060000 сек, WT = 0,714000 сек
  > B =  88, D =  28, MT = 0,598000 сек, RT = 0,032000 сек, WT = 0,630000 сек
  > B =  88, D =  29, MT = 0,672000 сек, RT = 0,052000 сек, WT = 0,724000 сек
  > B =  88, D =  30, MT = 0,635000 сек, RT = 0,044000 сек, WT = 0,679000 сек
  > B =  88, D =  31, MT = 0,623000 сек, RT = 0,059000 сек, WT = 0,682000 сек
  > B =  88, D =  32, MT = 0,640000 сек, RT = 0,028000 сек, WT = 0,668000 сек
  > B =  88, D =  33, MT = 0,632000 сек, RT = 0,025000 сек, WT = 0,657000 сек
  > B =  88, D =  34, MT = 0,616000 сек, RT = 0,041000 сек, WT = 0,657000 сек
  > B =  88, D =  35, MT = 0,654000 сек, RT = 0,055000 сек, WT = 0,709000 сек
  > B =  88, D =  36, MT = 0,647000 сек, RT = 0,031000 сек, WT = 0,678000 сек
  > B =  88, D =  37, MT = 0,658000 сек, RT = 0,056000 сек, WT = 0,714000 сек
  > B =  88, D =  38, MT = 0,639000 сек, RT = 0,039000 сек, WT = 0,678000 сек
  > B =  88, D =  39, MT = 0,677000 сек, RT = 0,052000 сек, WT = 0,729000 сек
  > B =  88, D =  40, MT = 0,636000 сек, RT = 0,026000 сек, WT = 0,662000 сек
  > B =  89, D =  10, MT = 0,671000 сек, RT = 0,092000 сек, WT = 0,763000 сек
  > B =  89, D =  11, MT = 0,718000 сек, RT = 0,091000 сек, WT = 0,809000 сек
  > B =  89, D =  12, MT = 0,592000 сек, RT = 0,088000 сек, WT = 0,680000 сек
  > B =  89, D =  13, MT = 0,582000 сек, RT = 0,088000 сек, WT = 0,670000 сек
  > B =  89, D =  14, MT = 0,594000 сек, RT = 0,087000 сек, WT = 0,681000 сек
  > B =  89, D =  15, MT = 0,590000 сек, RT = 0,088000 сек, WT = 0,678000 сек
  > B =  89, D =  16, MT = 0,569000 сек, RT = 0,087000 сек, WT = 0,656000 сек
  > B =  89, D =  17, MT = 0,577000 сек, RT = 0,089000 сек, WT = 0,666000 сек
  > B =  89, D =  18, MT = 0,570000 сек, RT = 0,090000 сек, WT = 0,660000 сек
  > B =  89, D =  19, MT = 0,582000 сек, RT = 0,092000 сек, WT = 0,674000 сек
  > B =  89, D =  20, MT = 0,571000 сек, RT = 0,087000 сек, WT = 0,658000 сек
  > B =  89, D =  21, MT = 0,599000 сек, RT = 0,087000 сек, WT = 0,686000 сек
  > B =  89, D =  22, MT = 0,599000 сек, RT = 0,086000 сек, WT = 0,685000 сек
  > B =  89, D =  23, MT = 0,585000 сек, RT = 0,089000 сек, WT = 0,674000 сек
  > B =  89, D =  24, MT = 0,593000 сек, RT = 0,107000 сек, WT = 0,700000 сек
  > B =  89, D =  25, MT = 0,623000 сек, RT = 0,092000 сек, WT = 0,715000 сек
  > B =  89, D =  26, MT = 0,608000 сек, RT = 0,096000 сек, WT = 0,704000 сек
  > B =  89, D =  27, MT = 0,621000 сек, RT = 0,088000 сек, WT = 0,709000 сек
  > B =  89, D =  28, MT = 0,647000 сек, RT = 0,094000 сек, WT = 0,741000 сек
  > B =  89, D =  29, MT = 0,670000 сек, RT = 0,089000 сек, WT = 0,759000 сек
  > B =  89, D =  30, MT = 0,638000 сек, RT = 0,092000 сек, WT = 0,730000 сек
  > B =  89, D =  31, MT = 0,673000 сек, RT = 0,094000 сек, WT = 0,767000 сек
  > B =  89, D =  32, MT = 0,692000 сек, RT = 0,104000 сек, WT = 0,796000 сек
  > B =  89, D =  33, MT = 0,728000 сек, RT = 0,093000 сек, WT = 0,821000 сек
  > B =  89, D =  34, MT = 0,701000 сек, RT = 0,102000 сек, WT = 0,803000 сек
  > B =  89, D =  35, MT = 0,735000 сек, RT = 0,095000 сек, WT = 0,830000 сек
  > B =  89, D =  36, MT = 0,654000 сек, RT = 0,091000 сек, WT = 0,745000 сек
  > B =  89, D =  37, MT = 0,701000 сек, RT = 0,093000 сек, WT = 0,794000 сек
  > B =  89, D =  38, MT = 0,686000 сек, RT = 0,097000 сек, WT = 0,783000 сек
  > B =  89, D =  39, MT = 0,699000 сек, RT = 0,091000 сек, WT = 0,790000 сек
  > B =  89, D =  40, MT = 0,663000 сек, RT = 0,092000 сек, WT = 0,755000 сек
  > B =  90, D =  10, MT = 0,662000 сек, RT = 0,026000 сек, WT = 0,688000 сек
  > B =  90, D =  11, MT = 0,722000 сек, RT = 0,054000 сек, WT = 0,776000 сек
  > B =  90, D =  12, MT = 0,626000 сек, RT = 0,025000 сек, WT = 0,651000 сек
  > B =  90, D =  13, MT = 0,589000 сек, RT = 0,053000 сек, WT = 0,642000 сек
  > B =  90, D =  14, MT = 0,603000 сек, RT = 0,038000 сек, WT = 0,641000 сек
  > B =  90, D =  15, MT = 0,577000 сек, RT = 0,021000 сек, WT = 0,598000 сек
  > B =  90, D =  16, MT = 0,556000 сек, RT = 0,034000 сек, WT = 0,590000 сек
  > B =  90, D =  17, MT = 0,583000 сек, RT = 0,049000 сек, WT = 0,632000 сек
  > B =  90, D =  18, MT = 0,557000 сек, RT = 0,023000 сек, WT = 0,580000 сек
  > B =  90, D =  19, MT = 0,579000 сек, RT = 0,051000 сек, WT = 0,630000 сек
  > B =  90, D =  20, MT = 0,556000 сек, RT = 0,021000 сек, WT = 0,577000 сек
  > B =  90, D =  21, MT = 0,588000 сек, RT = 0,028000 сек, WT = 0,616000 сек
  > B =  90, D =  22, MT = 0,598000 сек, RT = 0,035000 сек, WT = 0,633000 сек
  > B =  90, D =  23, MT = 0,585000 сек, RT = 0,054000 сек, WT = 0,639000 сек
  > B =  90, D =  24, MT = 0,549000 сек, RT = 0,023000 сек, WT = 0,572000 сек
  > B =  90, D =  25, MT = 0,582000 сек, RT = 0,025000 сек, WT = 0,607000 сек
  > B =  90, D =  26, MT = 0,581000 сек, RT = 0,037000 сек, WT = 0,618000 сек
  > B =  90, D =  27, MT = 0,604000 сек, RT = 0,022000 сек, WT = 0,626000 сек
  > B =  90, D =  28, MT = 0,601000 сек, RT = 0,036000 сек, WT = 0,637000 сек
  > B =  90, D =  29, MT = 0,614000 сек, RT = 0,050000 сек, WT = 0,664000 сек
  > B =  90, D =  30, MT = 0,605000 сек, RT = 0,021000 сек, WT = 0,626000 сек
  > B =  90, D =  31, MT = 0,605000 сек, RT = 0,055000 сек, WT = 0,660000 сек
  > B =  90, D =  32, MT = 0,605000 сек, RT = 0,035000 сек, WT = 0,640000 сек
  > B =  90, D =  33, MT = 0,615000 сек, RT = 0,029000 сек, WT = 0,644000 сек
  > B =  90, D =  34, MT = 0,618000 сек, RT = 0,034000 сек, WT = 0,652000 сек
  > B =  90, D =  35, MT = 0,622000 сек, RT = 0,025000 сек, WT = 0,647000 сек
  > B =  90, D =  36, MT = 0,614000 сек, RT = 0,023000 сек, WT = 0,637000 сек
  > B =  90, D =  37, MT = 0,632000 сек, RT = 0,052000 сек, WT = 0,684000 сек
  > B =  90, D =  38, MT = 0,626000 сек, RT = 0,035000 сек, WT = 0,661000 сек
  > B =  90, D =  39, MT = 0,631000 сек, RT = 0,029000 сек, WT = 0,660000 сек
  > B =  90, D =  40, MT = 0,625000 сек, RT = 0,022000 сек, WT = 0,647000 сек
  > B =  91, D =  10, MT = 0,656000 сек, RT = 0,101000 сек, WT = 0,757000 сек
  > B =  91, D =  11, MT = 0,701000 сек, RT = 0,110000 сек, WT = 0,811000 сек
  > B =  91, D =  12, MT = 0,583000 сек, RT = 0,111000 сек, WT = 0,694000 сек
  > B =  91, D =  13, MT = 0,583000 сек, RT = 0,086000 сек, WT = 0,669000 сек
  > B =  91, D =  14, MT = 0,607000 сек, RT = 0,088000 сек, WT = 0,695000 сек
  > B =  91, D =  15, MT = 0,610000 сек, RT = 0,113000 сек, WT = 0,723000 сек
  > B =  91, D =  16, MT = 0,564000 сек, RT = 0,106000 сек, WT = 0,670000 сек
  > B =  91, D =  17, MT = 0,578000 сек, RT = 0,111000 сек, WT = 0,689000 сек
  > B =  91, D =  18, MT = 0,593000 сек, RT = 0,114000 сек, WT = 0,707000 сек
  > B =  91, D =  19, MT = 0,576000 сек, RT = 0,116000 сек, WT = 0,692000 сек
  > B =  91, D =  20, MT = 0,568000 сек, RT = 0,111000 сек, WT = 0,679000 сек
  > B =  91, D =  21, MT = 0,591000 сек, RT = 0,088000 сек, WT = 0,679000 сек
  > B =  91, D =  22, MT = 0,582000 сек, RT = 0,108000 сек, WT = 0,690000 сек
  > B =  91, D =  23, MT = 0,582000 сек, RT = 0,113000 сек, WT = 0,695000 сек
  > B =  91, D =  24, MT = 0,548000 сек, RT = 0,111000 сек, WT = 0,659000 сек
  > B =  91, D =  25, MT = 0,570000 сек, RT = 0,112000 сек, WT = 0,682000 сек
  > B =  91, D =  26, MT = 0,580000 сек, RT = 0,083000 сек, WT = 0,663000 сек
  > B =  91, D =  27, MT = 0,608000 сек, RT = 0,108000 сек, WT = 0,716000 сек
  > B =  91, D =  28, MT = 0,594000 сек, RT = 0,085000 сек, WT = 0,679000 сек
  > B =  91, D =  29, MT = 0,603000 сек, RT = 0,112000 сек, WT = 0,715000 сек
  > B =  91, D =  30, MT = 0,607000 сек, RT = 0,106000 сек, WT = 0,713000 сек
  > B =  91, D =  31, MT = 0,620000 сек, RT = 0,116000 сек, WT = 0,736000 сек
  > B =  91, D =  32, MT = 0,628000 сек, RT = 0,114000 сек, WT = 0,742000 сек
  > B =  91, D =  33, MT = 0,620000 сек, RT = 0,112000 сек, WT = 0,732000 сек
  > B =  91, D =  34, MT = 0,619000 сек, RT = 0,111000 сек, WT = 0,730000 сек
  > B =  91, D =  35, MT = 0,631000 сек, RT = 0,086000 сек, WT = 0,717000 сек
  > B =  91, D =  36, MT = 0,612000 сек, RT = 0,111000 сек, WT = 0,723000 сек
  > B =  91, D =  37, MT = 0,618000 сек, RT = 0,113000 сек, WT = 0,731000 сек
  > B =  91, D =  38, MT = 0,622000 сек, RT = 0,110000 сек, WT = 0,732000 сек
  > B =  91, D =  39, MT = 0,633000 сек, RT = 0,081000 сек, WT = 0,714000 сек
  > B =  91, D =  40, MT = 0,621000 сек, RT = 0,107000 сек, WT = 0,728000 сек
  > B =  92, D =  10, MT = 0,652000 сек, RT = 0,072000 сек, WT = 0,724000 сек
  > B =  92, D =  11, MT = 0,674000 сек, RT = 0,090000 сек, WT = 0,764000 сек
  > B =  92, D =  12, MT = 0,585000 сек, RT = 0,065000 сек, WT = 0,650000 сек
  > B =  92, D =  13, MT = 0,602000 сек, RT = 0,091000 сек, WT = 0,693000 сек
  > B =  92, D =  14, MT = 0,582000 сек, RT = 0,075000 сек, WT = 0,657000 сек
  > B =  92, D =  15, MT = 0,611000 сек, RT = 0,085000 сек, WT = 0,696000 сек
  > B =  92, D =  16, MT = 0,553000 сек, RT = 0,069000 сек, WT = 0,622000 сек
  > B =  92, D =  17, MT = 0,572000 сек, RT = 0,093000 сек, WT = 0,665000 сек
  > B =  92, D =  18, MT = 0,575000 сек, RT = 0,073000 сек, WT = 0,648000 сек
  > B =  92, D =  19, MT = 0,582000 сек, RT = 0,095000 сек, WT = 0,677000 сек
  > B =  92, D =  20, MT = 0,563000 сек, RT = 0,065000 сек, WT = 0,628000 сек
  > B =  92, D =  21, MT = 0,568000 сек, RT = 0,092000 сек, WT = 0,660000 сек
  > B =  92, D =  22, MT = 0,579000 сек, RT = 0,074000 сек, WT = 0,653000 сек
  > B =  92, D =  23, MT = 0,581000 сек, RT = 0,062000 сек, WT = 0,643000 сек
  > B =  92, D =  24, MT = 0,545000 сек, RT = 0,063000 сек, WT = 0,608000 сек
  > B =  92, D =  25, MT = 0,577000 сек, RT = 0,089000 сек, WT = 0,666000 сек
  > B =  92, D =  26, MT = 0,578000 сек, RT = 0,076000 сек, WT = 0,654000 сек
  > B =  92, D =  27, MT = 0,604000 сек, RT = 0,091000 сек, WT = 0,695000 сек
  > B =  92, D =  28, MT = 0,593000 сек, RT = 0,066000 сек, WT = 0,659000 сек
  > B =  92, D =  29, MT = 0,634000 сек, RT = 0,094000 сек, WT = 0,728000 сек
  > B =  92, D =  30, MT = 0,652000 сек, RT = 0,076000 сек, WT = 0,728000 сек
  > B =  92, D =  31, MT = 0,661000 сек, RT = 0,094000 сек, WT = 0,755000 сек
  > B =  92, D =  32, MT = 0,665000 сек, RT = 0,069000 сек, WT = 0,734000 сек
  > B =  92, D =  33, MT = 0,718000 сек, RT = 0,101000 сек, WT = 0,819000 сек
  > B =  92, D =  34, MT = 0,691000 сек, RT = 0,084000 сек, WT = 0,775000 сек
  > B =  92, D =  35, MT = 0,698000 сек, RT = 0,098000 сек, WT = 0,796000 сек
  > B =  92, D =  36, MT = 0,695000 сек, RT = 0,093000 сек, WT = 0,788000 сек
  > B =  92, D =  37, MT = 0,676000 сек, RT = 0,095000 сек, WT = 0,771000 сек
  > B =  92, D =  38, MT = 0,678000 сек, RT = 0,124000 сек, WT = 0,802000 сек
  > B =  92, D =  39, MT = 0,765000 сек, RT = 0,095000 сек, WT = 0,860000 сек
  > B =  92, D =  40, MT = 0,624000 сек, RT = 0,070000 сек, WT = 0,694000 сек
  > B =  93, D =  10, MT = 0,706000 сек, RT = 0,111000 сек, WT = 0,817000 сек
  > B =  93, D =  11, MT = 0,698000 сек, RT = 0,121000 сек, WT = 0,819000 сек
  > B =  93, D =  12, MT = 0,600000 сек, RT = 0,098000 сек, WT = 0,698000 сек
  > B =  93, D =  13, MT = 0,602000 сек, RT = 0,115000 сек, WT = 0,717000 сек
  > B =  93, D =  14, MT = 0,572000 сек, RT = 0,110000 сек, WT = 0,682000 сек
  > B =  93, D =  15, MT = 0,600000 сек, RT = 0,089000 сек, WT = 0,689000 сек
  > B =  93, D =  16, MT = 0,553000 сек, RT = 0,113000 сек, WT = 0,666000 сек
  > B =  93, D =  17, MT = 0,564000 сек, RT = 0,114000 сек, WT = 0,678000 сек
  > B =  93, D =  18, MT = 0,573000 сек, RT = 0,091000 сек, WT = 0,664000 сек
  > B =  93, D =  19, MT = 0,574000 сек, RT = 0,117000 сек, WT = 0,691000 сек
  > B =  93, D =  20, MT = 0,549000 сек, RT = 0,111000 сек, WT = 0,660000 сек
  > B =  93, D =  21, MT = 0,569000 сек, RT = 0,090000 сек, WT = 0,659000 сек
  > B =  93, D =  22, MT = 0,584000 сек, RT = 0,111000 сек, WT = 0,695000 сек
  > B =  93, D =  23, MT = 0,607000 сек, RT = 0,116000 сек, WT = 0,723000 сек
  > B =  93, D =  24, MT = 0,577000 сек, RT = 0,095000 сек, WT = 0,672000 сек
  > B =  93, D =  25, MT = 0,624000 сек, RT = 0,118000 сек, WT = 0,742000 сек
  > B =  93, D =  26, MT = 0,585000 сек, RT = 0,114000 сек, WT = 0,699000 сек
  > B =  93, D =  27, MT = 0,641000 сек, RT = 0,120000 сек, WT = 0,761000 сек
  > B =  93, D =  28, MT = 0,649000 сек, RT = 0,131000 сек, WT = 0,780000 сек
  > B =  93, D =  29, MT = 0,651000 сек, RT = 0,123000 сек, WT = 0,774000 сек
  > B =  93, D =  30, MT = 0,629000 сек, RT = 0,120000 сек, WT = 0,749000 сек
  > B =  93, D =  31, MT = 0,662000 сек, RT = 0,088000 сек, WT = 0,750000 сек
  > B =  93, D =  32, MT = 0,622000 сек, RT = 0,119000 сек, WT = 0,741000 сек
  > B =  93, D =  33, MT = 0,665000 сек, RT = 0,110000 сек, WT = 0,775000 сек
  > B =  93, D =  34, MT = 0,668000 сек, RT = 0,121000 сек, WT = 0,789000 сек
  > B =  93, D =  35, MT = 0,681000 сек, RT = 0,119000 сек, WT = 0,800000 сек
  > B =  93, D =  36, MT = 0,634000 сек, RT = 0,097000 сек, WT = 0,731000 сек
  > B =  93, D =  37, MT = 0,673000 сек, RT = 0,124000 сек, WT = 0,797000 сек
  > B =  93, D =  38, MT = 0,695000 сек, RT = 0,135000 сек, WT = 0,830000 сек
  > B =  93, D =  39, MT = 0,703000 сек, RT = 0,101000 сек, WT = 0,804000 сек
  > B =  93, D =  40, MT = 0,624000 сек, RT = 0,117000 сек, WT = 0,741000 сек
  > B =  94, D =  10, MT = 0,641000 сек, RT = 0,071000 сек, WT = 0,712000 сек
  > B =  94, D =  11, MT = 0,746000 сек, RT = 0,102000 сек, WT = 0,848000 сек
  > B =  94, D =  12, MT = 0,627000 сек, RT = 0,075000 сек, WT = 0,702000 сек
  > B =  94, D =  13, MT = 0,639000 сек, RT = 0,092000 сек, WT = 0,731000 сек
  > B =  94, D =  14, MT = 0,606000 сек, RT = 0,089000 сек, WT = 0,695000 сек
  > B =  94, D =  15, MT = 0,645000 сек, RT = 0,085000 сек, WT = 0,730000 сек
  > B =  94, D =  16, MT = 0,661000 сек, RT = 0,076000 сек, WT = 0,737000 сек
  > B =  94, D =  17, MT = 0,626000 сек, RT = 0,115000 сек, WT = 0,741000 сек
  > B =  94, D =  18, MT = 0,667000 сек, RT = 0,075000 сек, WT = 0,742000 сек
  > B =  94, D =  19, MT = 0,684000 сек, RT = 0,093000 сек, WT = 0,777000 сек
  > B =  94, D =  20, MT = 0,601000 сек, RT = 0,075000 сек, WT = 0,676000 сек
  > B =  94, D =  21, MT = 0,618000 сек, RT = 0,089000 сек, WT = 0,707000 сек
  > B =  94, D =  22, MT = 0,621000 сек, RT = 0,077000 сек, WT = 0,698000 сек
  > B =  94, D =  23, MT = 0,723000 сек, RT = 0,090000 сек, WT = 0,813000 сек
  > B =  94, D =  24, MT = 0,616000 сек, RT = 0,084000 сек, WT = 0,700000 сек
  > B =  94, D =  25, MT = 0,637000 сек, RT = 0,093000 сек, WT = 0,730000 сек
  > B =  94, D =  26, MT = 0,614000 сек, RT = 0,094000 сек, WT = 0,708000 сек
  > B =  94, D =  27, MT = 0,671000 сек, RT = 0,089000 сек, WT = 0,760000 сек
  > B =  94, D =  28, MT = 0,641000 сек, RT = 0,080000 сек, WT = 0,721000 сек
  > B =  94, D =  29, MT = 0,687000 сек, RT = 0,095000 сек, WT = 0,782000 сек
  > B =  94, D =  30, MT = 0,682000 сек, RT = 0,077000 сек, WT = 0,759000 сек
  > B =  94, D =  31, MT = 0,712000 сек, RT = 0,096000 сек, WT = 0,808000 сек
  > B =  94, D =  32, MT = 0,672000 сек, RT = 0,076000 сек, WT = 0,748000 сек
  > B =  94, D =  33, MT = 0,682000 сек, RT = 0,099000 сек, WT = 0,781000 сек
  > B =  94, D =  34, MT = 0,668000 сек, RT = 0,076000 сек, WT = 0,744000 сек
  > B =  94, D =  35, MT = 0,748000 сек, RT = 0,094000 сек, WT = 0,842000 сек
  > B =  94, D =  36, MT = 0,817000 сек, RT = 0,076000 сек, WT = 0,893000 сек
  > B =  94, D =  37, MT = 0,834000 сек, RT = 0,100000 сек, WT = 0,934000 сек
  > B =  94, D =  38, MT = 0,835000 сек, RT = 0,075000 сек, WT = 0,910000 сек
  > B =  94, D =  39, MT = 0,827000 сек, RT = 0,098000 сек, WT = 0,925000 сек
  > B =  94, D =  40, MT = 0,819000 сек, RT = 0,074000 сек, WT = 0,893000 сек
  > B =  95, D =  10, MT = 0,719000 сек, RT = 0,039000 сек, WT = 0,758000 сек
  > B =  95, D =  11, MT = 0,760000 сек, RT = 0,144000 сек, WT = 0,904000 сек
  > B =  95, D =  12, MT = 0,762000 сек, RT = 0,092000 сек, WT = 0,854000 сек
  > B =  95, D =  13, MT = 0,815000 сек, RT = 0,062000 сек, WT = 0,877000 сек
  > B =  95, D =  14, MT = 0,632000 сек, RT = 0,070000 сек, WT = 0,702000 сек
  > B =  95, D =  15, MT = 0,686000 сек, RT = 0,053000 сек, WT = 0,739000 сек
  > B =  95, D =  16, MT = 0,609000 сек, RT = 0,066000 сек, WT = 0,675000 сек
  > B =  95, D =  17, MT = 0,565000 сек, RT = 0,061000 сек, WT = 0,626000 сек
  > B =  95, D =  18, MT = 0,609000 сек, RT = 0,062000 сек, WT = 0,671000 сек
  > B =  95, D =  19, MT = 0,592000 сек, RT = 0,035000 сек, WT = 0,627000 сек
  > B =  95, D =  20, MT = 0,589000 сек, RT = 0,035000 сек, WT = 0,624000 сек
  > B =  95, D =  21, MT = 0,608000 сек, RT = 0,065000 сек, WT = 0,673000 сек
  > B =  95, D =  22, MT = 0,644000 сек, RT = 0,064000 сек, WT = 0,708000 сек
  > B =  95, D =  23, MT = 0,622000 сек, RT = 0,068000 сек, WT = 0,690000 сек
  > B =  95, D =  24, MT = 0,593000 сек, RT = 0,074000 сек, WT = 0,667000 сек
  > B =  95, D =  25, MT = 0,612000 сек, RT = 0,037000 сек, WT = 0,649000 сек
  > B =  95, D =  26, MT = 0,641000 сек, RT = 0,066000 сек, WT = 0,707000 сек
  > B =  95, D =  27, MT = 0,647000 сек, RT = 0,068000 сек, WT = 0,715000 сек
  > B =  95, D =  28, MT = 0,631000 сек, RT = 0,063000 сек, WT = 0,694000 сек
  > B =  95, D =  29, MT = 0,656000 сек, RT = 0,085000 сек, WT = 0,741000 сек
  > B =  95, D =  30, MT = 0,678000 сек, RT = 0,038000 сек, WT = 0,716000 сек
  > B =  95, D =  31, MT = 0,683000 сек, RT = 0,065000 сек, WT = 0,748000 сек
  > B =  95, D =  32, MT = 0,695000 сек, RT = 0,070000 сек, WT = 0,765000 сек
  > B =  95, D =  33, MT = 0,707000 сек, RT = 0,068000 сек, WT = 0,775000 сек
  > B =  95, D =  34, MT = 0,672000 сек, RT = 0,083000 сек, WT = 0,755000 сек
  > B =  95, D =  35, MT = 0,699000 сек, RT = 0,051000 сек, WT = 0,750000 сек
  > B =  95, D =  36, MT = 0,668000 сек, RT = 0,066000 сек, WT = 0,734000 сек
  > B =  95, D =  37, MT = 0,877000 сек, RT = 0,076000 сек, WT = 0,953000 сек
  > B =  95, D =  38, MT = 0,677000 сек, RT = 0,067000 сек, WT = 0,744000 сек
  > B =  95, D =  39, MT = 0,851000 сек, RT = 0,070000 сек, WT = 0,921000 сек
  > B =  95, D =  40, MT = 0,675000 сек, RT = 0,037000 сек, WT = 0,712000 сек
  > B =  96, D =  10, MT = 0,789000 сек, RT = 0,073000 сек, WT = 0,862000 сек
  > B =  96, D =  11, MT = 0,920000 сек, RT = 0,059000 сек, WT = 0,979000 сек
  > B =  96, D =  12, MT = 0,618000 сек, RT = 0,031000 сек, WT = 0,649000 сек
  > B =  96, D =  13, MT = 0,662000 сек, RT = 0,065000 сек, WT = 0,727000 сек
  > B =  96, D =  14, MT = 0,637000 сек, RT = 0,045000 сек, WT = 0,682000 сек
  > B =  96, D =  15, MT = 0,641000 сек, RT = 0,036000 сек, WT = 0,677000 сек
  > B =  96, D =  16, MT = 0,612000 сек, RT = 0,046000 сек, WT = 0,658000 сек
  > B =  96, D =  17, MT = 0,640000 сек, RT = 0,061000 сек, WT = 0,701000 сек
  > B =  96, D =  18, MT = 0,634000 сек, RT = 0,031000 сек, WT = 0,665000 сек
  > B =  96, D =  19, MT = 0,646000 сек, RT = 0,066000 сек, WT = 0,712000 сек
  > B =  96, D =  20, MT = 0,625000 сек, RT = 0,040000 сек, WT = 0,665000 сек
  > B =  96, D =  21, MT = 0,631000 сек, RT = 0,039000 сек, WT = 0,670000 сек
  > B =  96, D =  22, MT = 0,656000 сек, RT = 0,043000 сек, WT = 0,699000 сек
  > B =  96, D =  23, MT = 0,674000 сек, RT = 0,060000 сек, WT = 0,734000 сек
  > B =  96, D =  24, MT = 0,614000 сек, RT = 0,029000 сек, WT = 0,643000 сек
  > B =  96, D =  25, MT = 0,665000 сек, RT = 0,062000 сек, WT = 0,727000 сек
  > B =  96, D =  26, MT = 0,638000 сек, RT = 0,043000 сек, WT = 0,681000 сек
  > B =  96, D =  27, MT = 0,680000 сек, RT = 0,038000 сек, WT = 0,718000 сек
  > B =  96, D =  28, MT = 0,637000 сек, RT = 0,036000 сек, WT = 0,673000 сек
  > B =  96, D =  29, MT = 0,677000 сек, RT = 0,058000 сек, WT = 0,735000 сек
  > B =  96, D =  30, MT = 0,700000 сек, RT = 0,030000 сек, WT = 0,730000 сек
  > B =  96, D =  31, MT = 0,704000 сек, RT = 0,060000 сек, WT = 0,764000 сек
  > B =  96, D =  32, MT = 0,778000 сек, RT = 0,028000 сек, WT = 0,806000 сек
  > B =  96, D =  33, MT = 0,697000 сек, RT = 0,045000 сек, WT = 0,742000 сек
  > B =  96, D =  34, MT = 0,708000 сек, RT = 0,045000 сек, WT = 0,753000 сек
  > B =  96, D =  35, MT = 0,716000 сек, RT = 0,061000 сек, WT = 0,777000 сек
  > B =  96, D =  36, MT = 0,689000 сек, RT = 0,032000 сек, WT = 0,721000 сек
  > B =  96, D =  37, MT = 0,707000 сек, RT = 0,061000 сек, WT = 0,768000 сек
  > B =  96, D =  38, MT = 0,681000 сек, RT = 0,044000 сек, WT = 0,725000 сек
  > B =  96, D =  39, MT = 0,717000 сек, RT = 0,041000 сек, WT = 0,758000 сек
  > B =  96, D =  40, MT = 0,666000 сек, RT = 0,036000 сек, WT = 0,702000 сек
  > B =  97, D =  10, MT = 0,644000 сек, RT = 0,086000 сек, WT = 0,730000 сек
  > B =  97, D =  11, MT = 0,748000 сек, RT = 0,092000 сек, WT = 0,840000 сек
  > B =  97, D =  12, MT = 0,645000 сек, RT = 0,090000 сек, WT = 0,735000 сек
  > B =  97, D =  13, MT = 0,642000 сек, RT = 0,092000 сек, WT = 0,734000 сек
  > B =  97, D =  14, MT = 0,596000 сек, RT = 0,092000 сек, WT = 0,688000 сек
  > B =  97, D =  15, MT = 0,599000 сек, RT = 0,088000 сек, WT = 0,687000 сек
  > B =  97, D =  16, MT = 0,569000 сек, RT = 0,089000 сек, WT = 0,658000 сек
  > B =  97, D =  17, MT = 0,559000 сек, RT = 0,086000 сек, WT = 0,645000 сек
  > B =  97, D =  18, MT = 0,579000 сек, RT = 0,088000 сек, WT = 0,667000 сек
  > B =  97, D =  19, MT = 0,603000 сек, RT = 0,088000 сек, WT = 0,691000 сек
  > B =  97, D =  20, MT = 0,556000 сек, RT = 0,089000 сек, WT = 0,645000 сек
  > B =  97, D =  21, MT = 0,569000 сек, RT = 0,090000 сек, WT = 0,659000 сек
  > B =  97, D =  22, MT = 0,585000 сек, RT = 0,086000 сек, WT = 0,671000 сек
  > B =  97, D =  23, MT = 0,638000 сек, RT = 0,087000 сек, WT = 0,725000 сек
  > B =  97, D =  24, MT = 0,591000 сек, RT = 0,089000 сек, WT = 0,680000 сек
  > B =  97, D =  25, MT = 0,615000 сек, RT = 0,093000 сек, WT = 0,708000 сек
  > B =  97, D =  26, MT = 0,605000 сек, RT = 0,090000 сек, WT = 0,695000 сек
  > B =  97, D =  27, MT = 0,649000 сек, RT = 0,093000 сек, WT = 0,742000 сек
  > B =  97, D =  28, MT = 0,623000 сек, RT = 0,094000 сек, WT = 0,717000 сек
  > B =  97, D =  29, MT = 0,635000 сек, RT = 0,092000 сек, WT = 0,727000 сек
  > B =  97, D =  30, MT = 0,625000 сек, RT = 0,090000 сек, WT = 0,715000 сек
  > B =  97, D =  31, MT = 0,629000 сек, RT = 0,087000 сек, WT = 0,716000 сек
  > B =  97, D =  32, MT = 0,634000 сек, RT = 0,087000 сек, WT = 0,721000 сек
  > B =  97, D =  33, MT = 0,648000 сек, RT = 0,089000 сек, WT = 0,737000 сек
  > B =  97, D =  34, MT = 0,652000 сек, RT = 0,094000 сек, WT = 0,746000 сек
  > B =  97, D =  35, MT = 0,669000 сек, RT = 0,097000 сек, WT = 0,766000 сек
  > B =  97, D =  36, MT = 0,642000 сек, RT = 0,102000 сек, WT = 0,744000 сек
  > B =  97, D =  37, MT = 0,671000 сек, RT = 0,093000 сек, WT = 0,764000 сек
  > B =  97, D =  38, MT = 0,649000 сек, RT = 0,093000 сек, WT = 0,742000 сек
  > B =  97, D =  39, MT = 0,627000 сек, RT = 0,092000 сек, WT = 0,719000 сек
  > B =  97, D =  40, MT = 0,612000 сек, RT = 0,090000 сек, WT = 0,702000 сек
  > B =  98, D =  10, MT = 0,629000 сек, RT = 0,053000 сек, WT = 0,682000 сек
  > B =  98, D =  11, MT = 0,653000 сек, RT = 0,070000 сек, WT = 0,723000 сек
  > B =  98, D =  12, MT = 0,593000 сек, RT = 0,054000 сек, WT = 0,647000 сек
  > B =  98, D =  13, MT = 0,587000 сек, RT = 0,072000 сек, WT = 0,659000 сек
  > B =  98, D =  14, MT = 0,576000 сек, RT = 0,041000 сек, WT = 0,617000 сек
  > B =  98, D =  15, MT = 0,594000 сек, RT = 0,069000 сек, WT = 0,663000 сек
  > B =  98, D =  16, MT = 0,569000 сек, RT = 0,054000 сек, WT = 0,623000 сек
  > B =  98, D =  17, MT = 0,558000 сек, RT = 0,070000 сек, WT = 0,628000 сек
  > B =  98, D =  18, MT = 0,572000 сек, RT = 0,054000 сек, WT = 0,626000 сек
  > B =  98, D =  19, MT = 0,602000 сек, RT = 0,069000 сек, WT = 0,671000 сек
  > B =  98, D =  20, MT = 0,556000 сек, RT = 0,052000 сек, WT = 0,608000 сек
  > B =  98, D =  21, MT = 0,602000 сек, RT = 0,042000 сек, WT = 0,644000 сек
  > B =  98, D =  22, MT = 0,619000 сек, RT = 0,053000 сек, WT = 0,672000 сек
  > B =  98, D =  23, MT = 0,651000 сек, RT = 0,072000 сек, WT = 0,723000 сек
  > B =  98, D =  24, MT = 0,601000 сек, RT = 0,054000 сек, WT = 0,655000 сек
  > B =  98, D =  25, MT = 0,599000 сек, RT = 0,072000 сек, WT = 0,671000 сек
  > B =  98, D =  26, MT = 0,606000 сек, RT = 0,057000 сек, WT = 0,663000 сек
  > B =  98, D =  27, MT = 0,624000 сек, RT = 0,088000 сек, WT = 0,712000 сек
  > B =  98, D =  28, MT = 0,608000 сек, RT = 0,040000 сек, WT = 0,648000 сек
  > B =  98, D =  29, MT = 0,646000 сек, RT = 0,075000 сек, WT = 0,721000 сек
  > B =  98, D =  30, MT = 0,704000 сек, RT = 0,055000 сек, WT = 0,759000 сек
  > B =  98, D =  31, MT = 0,639000 сек, RT = 0,074000 сек, WT = 0,713000 сек
  > B =  98, D =  32, MT = 0,689000 сек, RT = 0,066000 сек, WT = 0,755000 сек
  > B =  98, D =  33, MT = 0,659000 сек, RT = 0,074000 сек, WT = 0,733000 сек
  > B =  98, D =  34, MT = 0,637000 сек, RT = 0,064000 сек, WT = 0,701000 сек
  > B =  98, D =  35, MT = 0,625000 сек, RT = 0,043000 сек, WT = 0,668000 сек
  > B =  98, D =  36, MT = 0,616000 сек, RT = 0,056000 сек, WT = 0,672000 сек
  > B =  98, D =  37, MT = 0,617000 сек, RT = 0,071000 сек, WT = 0,688000 сек
  > B =  98, D =  38, MT = 0,616000 сек, RT = 0,053000 сек, WT = 0,669000 сек
  > B =  98, D =  39, MT = 0,640000 сек, RT = 0,069000 сек, WT = 0,709000 сек
  > B =  98, D =  40, MT = 0,644000 сек, RT = 0,056000 сек, WT = 0,700000 сек
  > B =  99, D =  10, MT = 0,630000 сек, RT = 0,083000 сек, WT = 0,713000 сек
  > B =  99, D =  11, MT = 0,664000 сек, RT = 0,050000 сек, WT = 0,714000 сек
  > B =  99, D =  12, MT = 0,598000 сек, RT = 0,060000 сек, WT = 0,658000 сек
  > B =  99, D =  13, MT = 0,583000 сек, RT = 0,081000 сек, WT = 0,664000 сек
  > B =  99, D =  14, MT = 0,595000 сек, RT = 0,081000 сек, WT = 0,676000 сек
  > B =  99, D =  15, MT = 0,594000 сек, RT = 0,060000 сек, WT = 0,654000 сек
  > B =  99, D =  16, MT = 0,569000 сек, RT = 0,083000 сек, WT = 0,652000 сек
  > B =  99, D =  17, MT = 0,565000 сек, RT = 0,083000 сек, WT = 0,648000 сек
  > B =  99, D =  18, MT = 0,570000 сек, RT = 0,050000 сек, WT = 0,620000 сек
  > B =  99, D =  19, MT = 0,600000 сек, RT = 0,081000 сек, WT = 0,681000 сек
  > B =  99, D =  20, MT = 0,560000 сек, RT = 0,082000 сек, WT = 0,642000 сек
  > B =  99, D =  21, MT = 0,580000 сек, RT = 0,060000 сек, WT = 0,640000 сек
  > B =  99, D =  22, MT = 0,583000 сек, RT = 0,050000 сек, WT = 0,633000 сек
  > B =  99, D =  23, MT = 0,598000 сек, RT = 0,081000 сек, WT = 0,679000 сек
  > B =  99, D =  24, MT = 0,570000 сек, RT = 0,060000 сек, WT = 0,630000 сек
  > B =  99, D =  25, MT = 0,579000 сек, RT = 0,084000 сек, WT = 0,663000 сек
  > B =  99, D =  26, MT = 0,582000 сек, RT = 0,083000 сек, WT = 0,665000 сек
  > B =  99, D =  27, MT = 0,600000 сек, RT = 0,052000 сек, WT = 0,652000 сек
  > B =  99, D =  28, MT = 0,581000 сек, RT = 0,083000 сек, WT = 0,664000 сек
  > B =  99, D =  29, MT = 0,600000 сек, RT = 0,082000 сек, WT = 0,682000 сек
  > B =  99, D =  30, MT = 0,602000 сек, RT = 0,060000 сек, WT = 0,662000 сек
  > B =  99, D =  31, MT = 0,632000 сек, RT = 0,078000 сек, WT = 0,710000 сек
  > B =  99, D =  32, MT = 0,637000 сек, RT = 0,084000 сек, WT = 0,721000 сек
  > B =  99, D =  33, MT = 0,643000 сек, RT = 0,050000 сек, WT = 0,693000 сек
  > B =  99, D =  34, MT = 0,643000 сек, RT = 0,090000 сек, WT = 0,733000 сек
  > B =  99, D =  35, MT = 0,645000 сек, RT = 0,085000 сек, WT = 0,730000 сек
  > B =  99, D =  36, MT = 0,622000 сек, RT = 0,051000 сек, WT = 0,673000 сек
  > B =  99, D =  37, MT = 0,664000 сек, RT = 0,082000 сек, WT = 0,746000 сек
  > B =  99, D =  38, MT = 0,658000 сек, RT = 0,090000 сек, WT = 0,748000 сек
  > B =  99, D =  39, MT = 0,636000 сек, RT = 0,063000 сек, WT = 0,699000 сек
  > B =  99, D =  40, MT = 0,619000 сек, RT = 0,081000 сек, WT = 0,700000 сек
  > B = 100, D =  10, MT = 0,628000 сек, RT = 0,010000 сек, WT = 0,638000 сек
  > B = 100, D =  11, MT = 0,683000 сек, RT = 0,037000 сек, WT = 0,720000 сек
  > B = 100, D =  12, MT = 0,589000 сек, RT = 0,014000 сек, WT = 0,603000 сек
  > B = 100, D =  13, MT = 0,579000 сек, RT = 0,041000 сек, WT = 0,620000 сек
  > B = 100, D =  14, MT = 0,601000 сек, RT = 0,022000 сек, WT = 0,623000 сек
  > B = 100, D =  15, MT = 0,614000 сек, RT = 0,013000 сек, WT = 0,627000 сек
  > B = 100, D =  16, MT = 0,558000 сек, RT = 0,014000 сек, WT = 0,572000 сек
  > B = 100, D =  17, MT = 0,560000 сек, RT = 0,040000 сек, WT = 0,600000 сек
  > B = 100, D =  18, MT = 0,568000 сек, RT = 0,023000 сек, WT = 0,591000 сек
  > B = 100, D =  19, MT = 0,595000 сек, RT = 0,037000 сек, WT = 0,632000 сек
  > B = 100, D =  20, MT = 0,593000 сек, RT = 0,011000 сек, WT = 0,604000 сек
  > B = 100, D =  21, MT = 0,603000 сек, RT = 0,043000 сек, WT = 0,646000 сек
  > B = 100, D =  22, MT = 0,589000 сек, RT = 0,024000 сек, WT = 0,613000 сек
  > B = 100, D =  23, MT = 0,628000 сек, RT = 0,039000 сек, WT = 0,667000 сек
  > B = 100, D =  24, MT = 0,595000 сек, RT = 0,015000 сек, WT = 0,610000 сек
  > B = 100, D =  25, MT = 0,599000 сек, RT = 0,011000 сек, WT = 0,610000 сек
  > B = 100, D =  26, MT = 0,595000 сек, RT = 0,024000 сек, WT = 0,619000 сек
  > B = 100, D =  27, MT = 0,647000 сек, RT = 0,043000 сек, WT = 0,690000 сек
  > B = 100, D =  28, MT = 0,609000 сек, RT = 0,016000 сек, WT = 0,625000 сек
  > B = 100, D =  29, MT = 0,653000 сек, RT = 0,041000 сек, WT = 0,694000 сек
  > B = 100, D =  30, MT = 0,656000 сек, RT = 0,010000 сек, WT = 0,666000 сек
  > B = 100, D =  31, MT = 0,681000 сек, RT = 0,055000 сек, WT = 0,736000 сек
  > B = 100, D =  32, MT = 0,684000 сек, RT = 0,015000 сек, WT = 0,699000 сек
  > B = 100, D =  33, MT = 0,701000 сек, RT = 0,040000 сек, WT = 0,741000 сек
  > B = 100, D =  34, MT = 0,702000 сек, RT = 0,026000 сек, WT = 0,728000 сек
  > B = 100, D =  35, MT = 0,670000 сек, RT = 0,014000 сек, WT = 0,684000 сек
  > B = 100, D =  36, MT = 0,765000 сек, RT = 0,043000 сек, WT = 0,808000 сек
  > B = 100, D =  37, MT = 0,806000 сек, RT = 0,050000 сек, WT = 0,856000 сек
  > B = 100, D =  38, MT = 0,804000 сек, RT = 0,026000 сек, WT = 0,830000 сек
  > B = 100, D =  39, MT = 0,674000 сек, RT = 0,045000 сек, WT = 0,719000 сек
  > B = 100, D =  40, MT = 0,681000 сек, RT = 0,010000 сек, WT = 0,691000 сек
  > B = 101, D =  10, MT = 0,685000 сек, RT = 0,122000 сек, WT = 0,807000 сек
  > B = 101, D =  11, MT = 0,734000 сек, RT = 0,121000 сек, WT = 0,855000 сек
  > B = 101, D =  12, MT = 0,623000 сек, RT = 0,125000 сек, WT = 0,748000 сек
  > B = 101, D =  13, MT = 0,628000 сек, RT = 0,121000 сек, WT = 0,749000 сек
  > B = 101, D =  14, MT = 0,648000 сек, RT = 0,122000 сек, WT = 0,770000 сек
  > B = 101, D =  15, MT = 0,638000 сек, RT = 0,127000 сек, WT = 0,765000 сек
  > B = 101, D =  16, MT = 0,608000 сек, RT = 0,123000 сек, WT = 0,731000 сек
  > B = 101, D =  17, MT = 0,558000 сек, RT = 0,121000 сек, WT = 0,679000 сек
  > B = 101, D =  18, MT = 0,619000 сек, RT = 0,127000 сек, WT = 0,746000 сек
  > B = 101, D =  19, MT = 0,649000 сек, RT = 0,126000 сек, WT = 0,775000 сек
  > B = 101, D =  20, MT = 0,585000 сек, RT = 0,120000 сек, WT = 0,705000 сек
  > B = 101, D =  21, MT = 0,604000 сек, RT = 0,124000 сек, WT = 0,728000 сек
  > B = 101, D =  22, MT = 0,606000 сек, RT = 0,135000 сек, WT = 0,741000 сек
  > B = 101, D =  23, MT = 0,634000 сек, RT = 0,125000 сек, WT = 0,759000 сек
  > B = 101, D =  24, MT = 0,600000 сек, RT = 0,127000 сек, WT = 0,727000 сек
  > B = 101, D =  25, MT = 0,637000 сек, RT = 0,123000 сек, WT = 0,760000 сек
  > B = 101, D =  26, MT = 0,626000 сек, RT = 0,125000 сек, WT = 0,751000 сек
  > B = 101, D =  27, MT = 0,615000 сек, RT = 0,125000 сек, WT = 0,740000 сек
  > B = 101, D =  28, MT = 0,583000 сек, RT = 0,122000 сек, WT = 0,705000 сек
  > B = 101, D =  29, MT = 0,604000 сек, RT = 0,122000 сек, WT = 0,726000 сек
  > B = 101, D =  30, MT = 0,610000 сек, RT = 0,124000 сек, WT = 0,734000 сек
  > B = 101, D =  31, MT = 0,622000 сек, RT = 0,122000 сек, WT = 0,744000 сек
  > B = 101, D =  32, MT = 0,663000 сек, RT = 0,124000 сек, WT = 0,787000 сек
  > B = 101, D =  33, MT = 0,668000 сек, RT = 0,125000 сек, WT = 0,793000 сек
  > B = 101, D =  34, MT = 0,663000 сек, RT = 0,125000 сек, WT = 0,788000 сек
  > B = 101, D =  35, MT = 0,678000 сек, RT = 0,132000 сек, WT = 0,810000 сек
  > B = 101, D =  36, MT = 0,671000 сек, RT = 0,132000 сек, WT = 0,803000 сек
  > B = 101, D =  37, MT = 0,651000 сек, RT = 0,130000 сек, WT = 0,781000 сек
  > B = 101, D =  38, MT = 0,735000 сек, RT = 0,124000 сек, WT = 0,859000 сек
  > B = 101, D =  39, MT = 0,674000 сек, RT = 0,123000 сек, WT = 0,797000 сек
  > B = 101, D =  40, MT = 0,672000 сек, RT = 0,134000 сек, WT = 0,806000 сек
  > B = 102, D =  10, MT = 0,718000 сек, RT = 0,063000 сек, WT = 0,781000 сек
  > B = 102, D =  11, MT = 0,766000 сек, RT = 0,081000 сек, WT = 0,847000 сек
  > B = 102, D =  12, MT = 0,746000 сек, RT = 0,056000 сек, WT = 0,802000 сек
  > B = 102, D =  13, MT = 0,640000 сек, RT = 0,092000 сек, WT = 0,732000 сек
  > B = 102, D =  14, MT = 0,623000 сек, RT = 0,062000 сек, WT = 0,685000 сек
  > B = 102, D =  15, MT = 0,615000 сек, RT = 0,055000 сек, WT = 0,670000 сек
  > B = 102, D =  16, MT = 0,590000 сек, RT = 0,056000 сек, WT = 0,646000 сек
  > B = 102, D =  17, MT = 0,568000 сек, RT = 0,048000 сек, WT = 0,616000 сек
  > B = 102, D =  18, MT = 0,572000 сек, RT = 0,047000 сек, WT = 0,619000 сек
  > B = 102, D =  19, MT = 0,602000 сек, RT = 0,081000 сек, WT = 0,683000 сек
  > B = 102, D =  20, MT = 0,620000 сек, RT = 0,059000 сек, WT = 0,679000 сек
  > B = 102, D =  21, MT = 0,570000 сек, RT = 0,055000 сек, WT = 0,625000 сек
  > B = 102, D =  22, MT = 0,576000 сек, RT = 0,059000 сек, WT = 0,635000 сек
  > B = 102, D =  23, MT = 0,624000 сек, RT = 0,074000 сек, WT = 0,698000 сек
  > B = 102, D =  24, MT = 0,600000 сек, RT = 0,045000 сек, WT = 0,645000 сек
  > B = 102, D =  25, MT = 0,635000 сек, RT = 0,075000 сек, WT = 0,710000 сек
  > B = 102, D =  26, MT = 0,700000 сек, RT = 0,058000 сек, WT = 0,758000 сек
  > B = 102, D =  27, MT = 0,648000 сек, RT = 0,060000 сек, WT = 0,708000 сек
  > B = 102, D =  28, MT = 0,588000 сек, RT = 0,062000 сек, WT = 0,650000 сек
  > B = 102, D =  29, MT = 0,628000 сек, RT = 0,073000 сек, WT = 0,701000 сек
  > B = 102, D =  30, MT = 0,602000 сек, RT = 0,048000 сек, WT = 0,650000 сек
  > B = 102, D =  31, MT = 0,624000 сек, RT = 0,076000 сек, WT = 0,700000 сек
  > B = 102, D =  32, MT = 0,651000 сек, RT = 0,062000 сек, WT = 0,713000 сек
  > B = 102, D =  33, MT = 0,677000 сек, RT = 0,054000 сек, WT = 0,731000 сек
  > B = 102, D =  34, MT = 0,635000 сек, RT = 0,042000 сек, WT = 0,677000 сек
  > B = 102, D =  35, MT = 0,636000 сек, RT = 0,078000 сек, WT = 0,714000 сек
  > B = 102, D =  36, MT = 0,625000 сек, RT = 0,047000 сек, WT = 0,672000 сек
  > B = 102, D =  37, MT = 0,629000 сек, RT = 0,076000 сек, WT = 0,705000 сек
  > B = 102, D =  38, MT = 0,623000 сек, RT = 0,056000 сек, WT = 0,679000 сек
  > B = 102, D =  39, MT = 0,654000 сек, RT = 0,053000 сек, WT = 0,707000 сек
  > B = 102, D =  40, MT = 0,641000 сек, RT = 0,056000 сек, WT = 0,697000 сек
  > B = 103, D =  10, MT = 0,656000 сек, RT = 0,200000 сек, WT = 0,856000 сек
  > B = 103, D =  11, MT = 0,684000 сек, RT = 0,199000 сек, WT = 0,883000 сек
  > B = 103, D =  12, MT = 0,597000 сек, RT = 0,207000 сек, WT = 0,804000 сек
  > B = 103, D =  13, MT = 0,600000 сек, RT = 0,220000 сек, WT = 0,820000 сек
  > B = 103, D =  14, MT = 0,630000 сек, RT = 0,205000 сек, WT = 0,835000 сек
  > B = 103, D =  15, MT = 0,648000 сек, RT = 0,220000 сек, WT = 0,868000 сек
  > B = 103, D =  16, MT = 0,615000 сек, RT = 0,214000 сек, WT = 0,829000 сек
  > B = 103, D =  17, MT = 0,654000 сек, RT = 0,217000 сек, WT = 0,871000 сек
  > B = 103, D =  18, MT = 0,622000 сек, RT = 0,347000 сек, WT = 0,969000 сек
  > B = 103, D =  19, MT = 0,649000 сек, RT = 0,362000 сек, WT = 1,011000 сек
  > B = 103, D =  20, MT = 0,762000 сек, RT = 0,208000 сек, WT = 0,970000 сек
  > B = 103, D =  21, MT = 0,600000 сек, RT = 0,237000 сек, WT = 0,837000 сек
  > B = 103, D =  22, MT = 0,607000 сек, RT = 0,215000 сек, WT = 0,822000 сек
  > B = 103, D =  23, MT = 0,642000 сек, RT = 0,200000 сек, WT = 0,842000 сек
  > B = 103, D =  24, MT = 0,573000 сек, RT = 0,207000 сек, WT = 0,780000 сек
  > B = 103, D =  25, MT = 0,630000 сек, RT = 0,219000 сек, WT = 0,849000 сек
  > B = 103, D =  26, MT = 0,602000 сек, RT = 0,204000 сек, WT = 0,806000 сек
  > B = 103, D =  27, MT = 0,597000 сек, RT = 0,204000 сек, WT = 0,801000 сек
  > B = 103, D =  28, MT = 0,576000 сек, RT = 0,199000 сек, WT = 0,775000 сек
  > B = 103, D =  29, MT = 0,615000 сек, RT = 0,198000 сек, WT = 0,813000 сек
  > B = 103, D =  30, MT = 0,637000 сек, RT = 0,198000 сек, WT = 0,835000 сек
  > B = 103, D =  31, MT = 0,641000 сек, RT = 0,204000 сек, WT = 0,845000 сек
  > B = 103, D =  32, MT = 0,665000 сек, RT = 0,197000 сек, WT = 0,862000 сек
  > B = 103, D =  33, MT = 0,676000 сек, RT = 0,223000 сек, WT = 0,899000 сек
  > B = 103, D =  34, MT = 0,683000 сек, RT = 0,203000 сек, WT = 0,886000 сек
  > B = 103, D =  35, MT = 0,649000 сек, RT = 0,209000 сек, WT = 0,858000 сек
  > B = 103, D =  36, MT = 0,622000 сек, RT = 0,200000 сек, WT = 0,822000 сек
  > B = 103, D =  37, MT = 0,663000 сек, RT = 0,200000 сек, WT = 0,863000 сек
  > B = 103, D =  38, MT = 0,681000 сек, RT = 0,211000 сек, WT = 0,892000 сек
  > B = 103, D =  39, MT = 0,677000 сек, RT = 0,228000 сек, WT = 0,905000 сек
  > B = 103, D =  40, MT = 0,673000 сек, RT = 0,230000 сек, WT = 0,903000 сек
  > B = 104, D =  10, MT = 0,653000 сек, RT = 0,045000 сек, WT = 0,698000 сек
  > B = 104, D =  11, MT = 0,818000 сек, RT = 0,065000 сек, WT = 0,883000 сек
  > B = 104, D =  12, MT = 0,634000 сек, RT = 0,041000 сек, WT = 0,675000 сек
  > B = 104, D =  13, MT = 0,723000 сек, RT = 0,038000 сек, WT = 0,761000 сек
  > B = 104, D =  14, MT = 0,631000 сек, RT = 0,054000 сек, WT = 0,685000 сек
  > B = 104, D =  15, MT = 0,761000 сек, RT = 0,080000 сек, WT = 0,841000 сек
  > B = 104, D =  16, MT = 0,613000 сек, RT = 0,035000 сек, WT = 0,648000 сек
  > B = 104, D =  17, MT = 0,682000 сек, RT = 0,070000 сек, WT = 0,752000 сек
  > B = 104, D =  18, MT = 0,724000 сек, RT = 0,051000 сек, WT = 0,775000 сек
  > B = 104, D =  19, MT = 0,793000 сек, RT = 0,067000 сек, WT = 0,860000 сек
  > B = 104, D =  20, MT = 0,601000 сек, RT = 0,037000 сек, WT = 0,638000 сек
  > B = 104, D =  21, MT = 0,627000 сек, RT = 0,066000 сек, WT = 0,693000 сек
  > B = 104, D =  22, MT = 0,663000 сек, RT = 0,145000 сек, WT = 0,808000 сек
  > B = 104, D =  23, MT = 0,698000 сек, RT = 0,070000 сек, WT = 0,768000 сек
  > B = 104, D =  24, MT = 0,647000 сек, RT = 0,080000 сек, WT = 0,727000 сек
  > B = 104, D =  25, MT = 0,803000 сек, RT = 0,064000 сек, WT = 0,867000 сек
  > B = 104, D =  26, MT = 0,620000 сек, RT = 0,035000 сек, WT = 0,655000 сек
  > B = 104, D =  27, MT = 0,649000 сек, RT = 0,073000 сек, WT = 0,722000 сек
  > B = 104, D =  28, MT = 0,621000 сек, RT = 0,046000 сек, WT = 0,667000 сек
  > B = 104, D =  29, MT = 0,642000 сек, RT = 0,064000 сек, WT = 0,706000 сек
  > B = 104, D =  30, MT = 0,640000 сек, RT = 0,049000 сек, WT = 0,689000 сек
  > B = 104, D =  31, MT = 0,643000 сек, RT = 0,066000 сек, WT = 0,709000 сек
  > B = 104, D =  32, MT = 0,707000 сек, RT = 0,046000 сек, WT = 0,753000 сек
  > B = 104, D =  33, MT = 0,725000 сек, RT = 0,080000 сек, WT = 0,805000 сек
  > B = 104, D =  34, MT = 0,663000 сек, RT = 0,051000 сек, WT = 0,714000 сек
  > B = 104, D =  35, MT = 0,729000 сек, RT = 0,083000 сек, WT = 0,812000 сек
  > B = 104, D =  36, MT = 0,720000 сек, RT = 0,094000 сек, WT = 0,814000 сек
  > B = 104, D =  37, MT = 0,681000 сек, RT = 0,070000 сек, WT = 0,751000 сек
  > B = 104, D =  38, MT = 0,773000 сек, RT = 0,049000 сек, WT = 0,822000 сек
  > B = 104, D =  39, MT = 0,678000 сек, RT = 0,043000 сек, WT = 0,721000 сек
  > B = 104, D =  40, MT = 0,756000 сек, RT = 0,038000 сек, WT = 0,794000 сек
  > B = 105, D =  10, MT = 0,681000 сек, RT = 0,038000 сек, WT = 0,719000 сек
  > B = 105, D =  11, MT = 0,684000 сек, RT = 0,069000 сек, WT = 0,753000 сек
  > B = 105, D =  12, MT = 0,633000 сек, RT = 0,040000 сек, WT = 0,673000 сек
  > B = 105, D =  13, MT = 0,599000 сек, RT = 0,063000 сек, WT = 0,662000 сек
  > B = 105, D =  14, MT = 0,593000 сек, RT = 0,035000 сек, WT = 0,628000 сек
  > B = 105, D =  15, MT = 0,588000 сек, RT = 0,030000 сек, WT = 0,618000 сек
  > B = 105, D =  16, MT = 0,556000 сек, RT = 0,062000 сек, WT = 0,618000 сек
  > B = 105, D =  17, MT = 0,576000 сек, RT = 0,064000 сек, WT = 0,640000 сек
  > B = 105, D =  18, MT = 0,569000 сек, RT = 0,041000 сек, WT = 0,610000 сек
  > B = 105, D =  19, MT = 0,583000 сек, RT = 0,062000 сек, WT = 0,645000 сек
  > B = 105, D =  20, MT = 0,563000 сек, RT = 0,038000 сек, WT = 0,601000 сек
  > B = 105, D =  21, MT = 0,574000 сек, RT = 0,035000 сек, WT = 0,609000 сек
  > B = 105, D =  22, MT = 0,637000 сек, RT = 0,059000 сек, WT = 0,696000 сек
  > B = 105, D =  23, MT = 0,682000 сек, RT = 0,063000 сек, WT = 0,745000 сек
  > B = 105, D =  24, MT = 0,599000 сек, RT = 0,045000 сек, WT = 0,644000 сек
  > B = 105, D =  25, MT = 0,635000 сек, RT = 0,035000 сек, WT = 0,670000 сек
  > B = 105, D =  26, MT = 0,755000 сек, RT = 0,064000 сек, WT = 0,819000 сек
  > B = 105, D =  27, MT = 0,663000 сек, RT = 0,043000 сек, WT = 0,706000 сек
  > B = 105, D =  28, MT = 0,619000 сек, RT = 0,036000 сек, WT = 0,655000 сек
  > B = 105, D =  29, MT = 0,624000 сек, RT = 0,067000 сек, WT = 0,691000 сек
  > B = 105, D =  30, MT = 0,633000 сек, RT = 0,032000 сек, WT = 0,665000 сек
  > B = 105, D =  31, MT = 0,653000 сек, RT = 0,064000 сек, WT = 0,717000 сек
  > B = 105, D =  32, MT = 0,650000 сек, RT = 0,065000 сек, WT = 0,715000 сек
  > B = 105, D =  33, MT = 0,673000 сек, RT = 0,041000 сек, WT = 0,714000 сек
  > B = 105, D =  34, MT = 0,647000 сек, RT = 0,062000 сек, WT = 0,709000 сек
  > B = 105, D =  35, MT = 0,640000 сек, RT = 0,030000 сек, WT = 0,670000 сек
  > B = 105, D =  36, MT = 0,630000 сек, RT = 0,042000 сек, WT = 0,672000 сек
  > B = 105, D =  37, MT = 0,639000 сек, RT = 0,066000 сек, WT = 0,705000 сек
  > B = 105, D =  38, MT = 0,634000 сек, RT = 0,069000 сек, WT = 0,703000 сек
  > B = 105, D =  39, MT = 0,638000 сек, RT = 0,045000 сек, WT = 0,683000 сек
  > B = 105, D =  40, MT = 0,684000 сек, RT = 0,037000 сек, WT = 0,721000 сек
  > B = 106, D =  10, MT = 0,699000 сек, RT = 0,054000 сек, WT = 0,753000 сек
  > B = 106, D =  11, MT = 0,708000 сек, RT = 0,073000 сек, WT = 0,781000 сек
  > B = 106, D =  12, MT = 0,615000 сек, RT = 0,057000 сек, WT = 0,672000 сек
  > B = 106, D =  13, MT = 0,646000 сек, RT = 0,072000 сек, WT = 0,718000 сек
  > B = 106, D =  14, MT = 0,642000 сек, RT = 0,056000 сек, WT = 0,698000 сек
  > B = 106, D =  15, MT = 0,651000 сек, RT = 0,078000 сек, WT = 0,729000 сек
  > B = 106, D =  16, MT = 0,557000 сек, RT = 0,054000 сек, WT = 0,611000 сек
  > B = 106, D =  17, MT = 0,570000 сек, RT = 0,068000 сек, WT = 0,638000 сек
  > B = 106, D =  18, MT = 0,581000 сек, RT = 0,056000 сек, WT = 0,637000 сек
  > B = 106, D =  19, MT = 0,632000 сек, RT = 0,075000 сек, WT = 0,707000 сек
  > B = 106, D =  20, MT = 0,602000 сек, RT = 0,057000 сек, WT = 0,659000 сек
  > B = 106, D =  21, MT = 0,632000 сек, RT = 0,075000 сек, WT = 0,707000 сек
  > B = 106, D =  22, MT = 0,664000 сек, RT = 0,054000 сек, WT = 0,718000 сек
  > B = 106, D =  23, MT = 0,632000 сек, RT = 0,084000 сек, WT = 0,716000 сек
  > B = 106, D =  24, MT = 0,660000 сек, RT = 0,055000 сек, WT = 0,715000 сек
  > B = 106, D =  25, MT = 0,628000 сек, RT = 0,071000 сек, WT = 0,699000 сек
  > B = 106, D =  26, MT = 0,635000 сек, RT = 0,101000 сек, WT = 0,736000 сек
  > B = 106, D =  27, MT = 0,758000 сек, RT = 0,079000 сек, WT = 0,837000 сек
  > B = 106, D =  28, MT = 0,598000 сек, RT = 0,058000 сек, WT = 0,656000 сек
  > B = 106, D =  29, MT = 0,662000 сек, RT = 0,092000 сек, WT = 0,754000 сек
  > B = 106, D =  30, MT = 0,650000 сек, RT = 0,056000 сек, WT = 0,706000 сек
  > B = 106, D =  31, MT = 0,660000 сек, RT = 0,077000 сек, WT = 0,737000 сек
  > B = 106, D =  32, MT = 0,675000 сек, RT = 0,068000 сек, WT = 0,743000 сек
  > B = 106, D =  33, MT = 0,700000 сек, RT = 0,092000 сек, WT = 0,792000 сек
  > B = 106, D =  34, MT = 0,744000 сек, RT = 0,056000 сек, WT = 0,800000 сек
  > B = 106, D =  35, MT = 0,852000 сек, RT = 0,072000 сек, WT = 0,924000 сек
  > B = 106, D =  36, MT = 0,656000 сек, RT = 0,060000 сек, WT = 0,716000 сек
  > B = 106, D =  37, MT = 0,735000 сек, RT = 0,080000 сек, WT = 0,815000 сек
  > B = 106, D =  38, MT = 0,681000 сек, RT = 0,124000 сек, WT = 0,805000 сек
  > B = 106, D =  39, MT = 0,640000 сек, RT = 0,083000 сек, WT = 0,723000 сек
  > B = 106, D =  40, MT = 0,662000 сек, RT = 0,056000 сек, WT = 0,718000 сек
  > B = 107, D =  10, MT = 0,682000 сек, RT = 0,111000 сек, WT = 0,793000 сек
  > B = 107, D =  11, MT = 0,684000 сек, RT = 0,115000 сек, WT = 0,799000 сек
  > B = 107, D =  12, MT = 0,620000 сек, RT = 0,102000 сек, WT = 0,722000 сек
  > B = 107, D =  13, MT = 0,605000 сек, RT = 0,106000 сек, WT = 0,711000 сек
  > B = 107, D =  14, MT = 0,584000 сек, RT = 0,103000 сек, WT = 0,687000 сек
  > B = 107, D =  15, MT = 0,617000 сек, RT = 0,101000 сек, WT = 0,718000 сек
  > B = 107, D =  16, MT = 0,593000 сек, RT = 0,104000 сек, WT = 0,697000 сек
  > B = 107, D =  17, MT = 0,597000 сек, RT = 0,109000 сек, WT = 0,706000 сек
  > B = 107, D =  18, MT = 0,568000 сек, RT = 0,104000 сек, WT = 0,672000 сек
  > B = 107, D =  19, MT = 0,626000 сек, RT = 0,101000 сек, WT = 0,727000 сек
  > B = 107, D =  20, MT = 0,595000 сек, RT = 0,106000 сек, WT = 0,701000 сек
  > B = 107, D =  21, MT = 0,634000 сек, RT = 0,104000 сек, WT = 0,738000 сек
  > B = 107, D =  22, MT = 0,615000 сек, RT = 0,106000 сек, WT = 0,721000 сек
  > B = 107, D =  23, MT = 0,643000 сек, RT = 0,106000 сек, WT = 0,749000 сек
  > B = 107, D =  24, MT = 0,623000 сек, RT = 0,130000 сек, WT = 0,753000 сек
  > B = 107, D =  25, MT = 0,656000 сек, RT = 0,107000 сек, WT = 0,763000 сек
  > B = 107, D =  26, MT = 0,644000 сек, RT = 0,122000 сек, WT = 0,766000 сек
  > B = 107, D =  27, MT = 0,698000 сек, RT = 0,107000 сек, WT = 0,805000 сек
  > B = 107, D =  28, MT = 0,617000 сек, RT = 0,109000 сек, WT = 0,726000 сек
  > B = 107, D =  29, MT = 0,623000 сек, RT = 0,109000 сек, WT = 0,732000 сек
  > B = 107, D =  30, MT = 0,619000 сек, RT = 0,106000 сек, WT = 0,725000 сек
  > B = 107, D =  31, MT = 0,636000 сек, RT = 0,104000 сек, WT = 0,740000 сек
  > B = 107, D =  32, MT = 0,662000 сек, RT = 0,116000 сек, WT = 0,778000 сек
  > B = 107, D =  33, MT = 0,695000 сек, RT = 0,131000 сек, WT = 0,826000 сек
  > B = 107, D =  34, MT = 0,681000 сек, RT = 0,106000 сек, WT = 0,787000 сек
  > B = 107, D =  35, MT = 0,660000 сек, RT = 0,104000 сек, WT = 0,764000 сек
  > B = 107, D =  36, MT = 0,655000 сек, RT = 0,101000 сек, WT = 0,756000 сек
  > B = 107, D =  37, MT = 0,666000 сек, RT = 0,103000 сек, WT = 0,769000 сек
  > B = 107, D =  38, MT = 0,654000 сек, RT = 0,104000 сек, WT = 0,758000 сек
  > B = 107, D =  39, MT = 0,642000 сек, RT = 0,104000 сек, WT = 0,746000 сек
  > B = 107, D =  40, MT = 0,616000 сек, RT = 0,107000 сек, WT = 0,723000 сек
  > B = 108, D =  10, MT = 0,643000 сек, RT = 0,057000 сек, WT = 0,700000 сек
  > B = 108, D =  11, MT = 0,714000 сек, RT = 0,076000 сек, WT = 0,790000 сек
  > B = 108, D =  12, MT = 0,602000 сек, RT = 0,042000 сек, WT = 0,644000 сек
  > B = 108, D =  13, MT = 0,602000 сек, RT = 0,073000 сек, WT = 0,675000 сек
  > B = 108, D =  14, MT = 0,590000 сек, RT = 0,058000 сек, WT = 0,648000 сек
  > B = 108, D =  15, MT = 0,618000 сек, RT = 0,049000 сек, WT = 0,667000 сек
  > B = 108, D =  16, MT = 0,555000 сек, RT = 0,049000 сек, WT = 0,604000 сек
  > B = 108, D =  17, MT = 0,595000 сек, RT = 0,074000 сек, WT = 0,669000 сек
  > B = 108, D =  18, MT = 0,555000 сек, RT = 0,044000 сек, WT = 0,599000 сек
  > B = 108, D =  19, MT = 0,593000 сек, RT = 0,074000 сек, WT = 0,667000 сек
  > B = 108, D =  20, MT = 0,571000 сек, RT = 0,047000 сек, WT = 0,618000 сек
  > B = 108, D =  21, MT = 0,599000 сек, RT = 0,049000 сек, WT = 0,648000 сек
  > B = 108, D =  22, MT = 0,572000 сек, RT = 0,054000 сек, WT = 0,626000 сек
  > B = 108, D =  23, MT = 0,587000 сек, RT = 0,076000 сек, WT = 0,663000 сек
  > B = 108, D =  24, MT = 0,571000 сек, RT = 0,043000 сек, WT = 0,614000 сек
  > B = 108, D =  25, MT = 0,607000 сек, RT = 0,071000 сек, WT = 0,678000 сек
  > B = 108, D =  26, MT = 0,594000 сек, RT = 0,057000 сек, WT = 0,651000 сек
  > B = 108, D =  27, MT = 0,587000 сек, RT = 0,042000 сек, WT = 0,629000 сек
  > B = 108, D =  28, MT = 0,566000 сек, RT = 0,046000 сек, WT = 0,612000 сек
  > B = 108, D =  29, MT = 0,579000 сек, RT = 0,073000 сек, WT = 0,652000 сек
  > B = 108, D =  30, MT = 0,581000 сек, RT = 0,044000 сек, WT = 0,625000 сек
  > B = 108, D =  31, MT = 0,598000 сек, RT = 0,070000 сек, WT = 0,668000 сек
  > B = 108, D =  32, MT = 0,599000 сек, RT = 0,046000 сек, WT = 0,645000 сек
  > B = 108, D =  33, MT = 0,634000 сек, RT = 0,048000 сек, WT = 0,682000 сек
  > B = 108, D =  34, MT = 0,627000 сек, RT = 0,054000 сек, WT = 0,681000 сек
  > B = 108, D =  35, MT = 0,641000 сек, RT = 0,068000 сек, WT = 0,709000 сек
  > B = 108, D =  36, MT = 0,610000 сек, RT = 0,039000 сек, WT = 0,649000 сек
  > B = 108, D =  37, MT = 0,622000 сек, RT = 0,075000 сек, WT = 0,697000 сек
  > B = 108, D =  38, MT = 0,611000 сек, RT = 0,055000 сек, WT = 0,666000 сек
  > B = 108, D =  39, MT = 0,616000 сек, RT = 0,050000 сек, WT = 0,666000 сек
  > B = 108, D =  40, MT = 0,601000 сек, RT = 0,047000 сек, WT = 0,648000 сек
  > B = 109, D =  10, MT = 0,621000 сек, RT = 0,189000 сек, WT = 0,810000 сек
  > B = 109, D =  11, MT = 0,648000 сек, RT = 0,189000 сек, WT = 0,837000 сек
  > B = 109, D =  12, MT = 0,575000 сек, RT = 0,187000 сек, WT = 0,762000 сек
  > B = 109, D =  13, MT = 0,572000 сек, RT = 0,187000 сек, WT = 0,759000 сек
  > B = 109, D =  14, MT = 0,574000 сек, RT = 0,188000 сек, WT = 0,762000 сек
  > B = 109, D =  15, MT = 0,585000 сек, RT = 0,187000 сек, WT = 0,772000 сек
  > B = 109, D =  16, MT = 0,541000 сек, RT = 0,189000 сек, WT = 0,730000 сек
  > B = 109, D =  17, MT = 0,555000 сек, RT = 0,189000 сек, WT = 0,744000 сек
  > B = 109, D =  18, MT = 0,566000 сек, RT = 0,187000 сек, WT = 0,753000 сек
  > B = 109, D =  19, MT = 0,572000 сек, RT = 0,186000 сек, WT = 0,758000 сек
  > B = 109, D =  20, MT = 0,553000 сек, RT = 0,188000 сек, WT = 0,741000 сек
  > B = 109, D =  21, MT = 0,567000 сек, RT = 0,188000 сек, WT = 0,755000 сек
  > B = 109, D =  22, MT = 0,559000 сек, RT = 0,187000 сек, WT = 0,746000 сек
  > B = 109, D =  23, MT = 0,569000 сек, RT = 0,188000 сек, WT = 0,757000 сек
  > B = 109, D =  24, MT = 0,541000 сек, RT = 0,188000 сек, WT = 0,729000 сек
  > B = 109, D =  25, MT = 0,585000 сек, RT = 0,187000 сек, WT = 0,772000 сек
  > B = 109, D =  26, MT = 0,579000 сек, RT = 0,190000 сек, WT = 0,769000 сек
  > B = 109, D =  27, MT = 0,602000 сек, RT = 0,187000 сек, WT = 0,789000 сек
  > B = 109, D =  28, MT = 0,565000 сек, RT = 0,189000 сек, WT = 0,754000 сек
  > B = 109, D =  29, MT = 0,576000 сек, RT = 0,189000 сек, WT = 0,765000 сек
  > B = 109, D =  30, MT = 0,588000 сек, RT = 0,188000 сек, WT = 0,776000 сек
  > B = 109, D =  31, MT = 0,587000 сек, RT = 0,187000 сек, WT = 0,774000 сек
  > B = 109, D =  32, MT = 0,609000 сек, RT = 0,190000 сек, WT = 0,799000 сек
  > B = 109, D =  33, MT = 0,614000 сек, RT = 0,189000 сек, WT = 0,803000 сек
  > B = 109, D =  34, MT = 0,626000 сек, RT = 0,188000 сек, WT = 0,814000 сек
  > B = 109, D =  35, MT = 0,643000 сек, RT = 0,186000 сек, WT = 0,829000 сек
  > B = 109, D =  36, MT = 0,622000 сек, RT = 0,186000 сек, WT = 0,808000 сек
  > B = 109, D =  37, MT = 0,625000 сек, RT = 0,190000 сек, WT = 0,815000 сек
  > B = 109, D =  38, MT = 0,621000 сек, RT = 0,191000 сек, WT = 0,812000 сек
  > B = 109, D =  39, MT = 0,634000 сек, RT = 0,190000 сек, WT = 0,824000 сек
  > B = 109, D =  40, MT = 0,603000 сек, RT = 0,194000 сек, WT = 0,797000 сек
  > B = 110, D =  10, MT = 0,616000 сек, RT = 0,022000 сек, WT = 0,638000 сек
  > B = 110, D =  11, MT = 0,661000 сек, RT = 0,022000 сек, WT = 0,683000 сек
  > B = 110, D =  12, MT = 0,588000 сек, RT = 0,036000 сек, WT = 0,624000 сек
  > B = 110, D =  13, MT = 0,574000 сек, RT = 0,053000 сек, WT = 0,627000 сек
  > B = 110, D =  14, MT = 0,566000 сек, RT = 0,036000 сек, WT = 0,602000 сек
  > B = 110, D =  15, MT = 0,586000 сек, RT = 0,026000 сек, WT = 0,612000 сек
  > B = 110, D =  16, MT = 0,542000 сек, RT = 0,035000 сек, WT = 0,577000 сек
  > B = 110, D =  17, MT = 0,553000 сек, RT = 0,054000 сек, WT = 0,607000 сек
  > B = 110, D =  18, MT = 0,573000 сек, RT = 0,036000 сек, WT = 0,609000 сек
  > B = 110, D =  19, MT = 0,568000 сек, RT = 0,052000 сек, WT = 0,620000 сек
  > B = 110, D =  20, MT = 0,565000 сек, RT = 0,025000 сек, WT = 0,590000 сек
  > B = 110, D =  21, MT = 0,648000 сек, RT = 0,056000 сек, WT = 0,704000 сек
  > B = 110, D =  22, MT = 0,619000 сек, RT = 0,026000 сек, WT = 0,645000 сек
  > B = 110, D =  23, MT = 0,621000 сек, RT = 0,056000 сек, WT = 0,677000 сек
  > B = 110, D =  24, MT = 0,572000 сек, RT = 0,038000 сек, WT = 0,610000 сек
  > B = 110, D =  25, MT = 0,598000 сек, RT = 0,027000 сек, WT = 0,625000 сек
  > B = 110, D =  26, MT = 0,621000 сек, RT = 0,036000 сек, WT = 0,657000 сек
  > B = 110, D =  27, MT = 0,744000 сек, RT = 0,055000 сек, WT = 0,799000 сек
  > B = 110, D =  28, MT = 0,610000 сек, RT = 0,040000 сек, WT = 0,650000 сек
  > B = 110, D =  29, MT = 0,613000 сек, RT = 0,057000 сек, WT = 0,670000 сек
  > B = 110, D =  30, MT = 0,588000 сек, RT = 0,024000 сек, WT = 0,612000 сек
  > B = 110, D =  31, MT = 0,615000 сек, RT = 0,053000 сек, WT = 0,668000 сек
  > B = 110, D =  32, MT = 0,620000 сек, RT = 0,037000 сек, WT = 0,657000 сек
  > B = 110, D =  33, MT = 0,639000 сек, RT = 0,024000 сек, WT = 0,663000 сек
  > B = 110, D =  34, MT = 0,638000 сек, RT = 0,036000 сек, WT = 0,674000 сек
  > B = 110, D =  35, MT = 0,658000 сек, RT = 0,027000 сек, WT = 0,685000 сек
  > B = 110, D =  36, MT = 0,632000 сек, RT = 0,036000 сек, WT = 0,668000 сек
  > B = 110, D =  37, MT = 0,627000 сек, RT = 0,055000 сек, WT = 0,682000 сек
  > B = 110, D =  38, MT = 0,658000 сек, RT = 0,038000 сек, WT = 0,696000 сек
  > B = 110, D =  39, MT = 0,659000 сек, RT = 0,055000 сек, WT = 0,714000 сек
  > B = 110, D =  40, MT = 0,645000 сек, RT = 0,025000 сек, WT = 0,670000 сек
  > B = 111, D =  10, MT = 0,667000 сек, RT = 0,090000 сек, WT = 0,757000 сек
  > B = 111, D =  11, MT = 0,724000 сек, RT = 0,100000 сек, WT = 0,824000 сек
  > B = 111, D =  12, MT = 0,631000 сек, RT = 0,067000 сек, WT = 0,698000 сек
  > B = 111, D =  13, MT = 0,604000 сек, RT = 0,086000 сек, WT = 0,690000 сек
  > B = 111, D =  14, MT = 0,606000 сек, RT = 0,102000 сек, WT = 0,708000 сек
  > B = 111, D =  15, MT = 0,668000 сек, RT = 0,068000 сек, WT = 0,736000 сек
  > B = 111, D =  16, MT = 0,580000 сек, RT = 0,091000 сек, WT = 0,671000 сек
  > B = 111, D =  17, MT = 0,559000 сек, RT = 0,083000 сек, WT = 0,642000 сек
  > B = 111, D =  18, MT = 0,587000 сек, RT = 0,062000 сек, WT = 0,649000 сек
  > B = 111, D =  19, MT = 0,586000 сек, RT = 0,086000 сек, WT = 0,672000 сек
  > B = 111, D =  20, MT = 0,562000 сек, RT = 0,091000 сек, WT = 0,653000 сек
  > B = 111, D =  21, MT = 0,586000 сек, RT = 0,062000 сек, WT = 0,648000 сек
  > B = 111, D =  22, MT = 0,589000 сек, RT = 0,083000 сек, WT = 0,672000 сек
  > B = 111, D =  23, MT = 0,583000 сек, RT = 0,086000 сек, WT = 0,669000 сек
  > B = 111, D =  24, MT = 0,573000 сек, RT = 0,065000 сек, WT = 0,638000 сек
  > B = 111, D =  25, MT = 0,582000 сек, RT = 0,084000 сек, WT = 0,666000 сек
  > B = 111, D =  26, MT = 0,599000 сек, RT = 0,085000 сек, WT = 0,684000 сек
  > B = 111, D =  27, MT = 0,607000 сек, RT = 0,063000 сек, WT = 0,670000 сек
  > B = 111, D =  28, MT = 0,578000 сек, RT = 0,088000 сек, WT = 0,666000 сек
  > B = 111, D =  29, MT = 0,580000 сек, RT = 0,086000 сек, WT = 0,666000 сек
  > B = 111, D =  30, MT = 0,592000 сек, RT = 0,063000 сек, WT = 0,655000 сек
  > B = 111, D =  31, MT = 0,602000 сек, RT = 0,086000 сек, WT = 0,688000 сек
  > B = 111, D =  32, MT = 0,610000 сек, RT = 0,085000 сек, WT = 0,695000 сек
  > B = 111, D =  33, MT = 0,631000 сек, RT = 0,062000 сек, WT = 0,693000 сек
  > B = 111, D =  34, MT = 0,630000 сек, RT = 0,084000 сек, WT = 0,714000 сек
  > B = 111, D =  35, MT = 0,649000 сек, RT = 0,083000 сек, WT = 0,732000 сек
  > B = 111, D =  36, MT = 0,626000 сек, RT = 0,063000 сек, WT = 0,689000 сек
  > B = 111, D =  37, MT = 0,625000 сек, RT = 0,053000 сек, WT = 0,678000 сек
  > B = 111, D =  38, MT = 0,625000 сек, RT = 0,086000 сек, WT = 0,711000 сек
  > B = 111, D =  39, MT = 0,635000 сек, RT = 0,062000 сек, WT = 0,697000 сек
  > B = 111, D =  40, MT = 0,619000 сек, RT = 0,085000 сек, WT = 0,704000 сек
  > B = 112, D =  10, MT = 0,640000 сек, RT = 0,134000 сек, WT = 0,774000 сек
  > B = 112, D =  11, MT = 0,671000 сек, RT = 0,147000 сек, WT = 0,818000 сек
  > B = 112, D =  12, MT = 0,575000 сек, RT = 0,124000 сек, WT = 0,699000 сек
  > B = 112, D =  13, MT = 0,607000 сек, RT = 0,144000 сек, WT = 0,751000 сек
  > B = 112, D =  14, MT = 0,594000 сек, RT = 0,125000 сек, WT = 0,719000 сек
  > B = 112, D =  15, MT = 0,586000 сек, RT = 0,148000 сек, WT = 0,734000 сек
  > B = 112, D =  16, MT = 0,568000 сек, RT = 0,119000 сек, WT = 0,687000 сек
  > B = 112, D =  17, MT = 0,558000 сек, RT = 0,150000 сек, WT = 0,708000 сек
  > B = 112, D =  18, MT = 0,564000 сек, RT = 0,133000 сек, WT = 0,697000 сек
  > B = 112, D =  19, MT = 0,603000 сек, RT = 0,148000 сек, WT = 0,751000 сек
  > B = 112, D =  20, MT = 0,557000 сек, RT = 0,129000 сек, WT = 0,686000 сек
  > B = 112, D =  21, MT = 0,606000 сек, RT = 0,134000 сек, WT = 0,740000 сек
  > B = 112, D =  22, MT = 0,618000 сек, RT = 0,136000 сек, WT = 0,754000 сек
  > B = 112, D =  23, MT = 0,669000 сек, RT = 0,164000 сек, WT = 0,833000 сек
  > B = 112, D =  24, MT = 0,616000 сек, RT = 0,152000 сек, WT = 0,768000 сек
  > B = 112, D =  25, MT = 0,629000 сек, RT = 0,158000 сек, WT = 0,787000 сек
  > B = 112, D =  26, MT = 0,636000 сек, RT = 0,134000 сек, WT = 0,770000 сек
  > B = 112, D =  27, MT = 0,642000 сек, RT = 0,152000 сек, WT = 0,794000 сек
  > B = 112, D =  28, MT = 0,594000 сек, RT = 0,126000 сек, WT = 0,720000 сек
  > B = 112, D =  29, MT = 0,633000 сек, RT = 0,179000 сек, WT = 0,812000 сек
  > B = 112, D =  30, MT = 0,632000 сек, RT = 0,138000 сек, WT = 0,770000 сек
  > B = 112, D =  31, MT = 0,675000 сек, RT = 0,159000 сек, WT = 0,834000 сек
  > B = 112, D =  32, MT = 0,670000 сек, RT = 0,137000 сек, WT = 0,807000 сек
  > B = 112, D =  33, MT = 0,624000 сек, RT = 0,150000 сек, WT = 0,774000 сек
  > B = 112, D =  34, MT = 0,641000 сек, RT = 0,131000 сек, WT = 0,772000 сек
  > B = 112, D =  35, MT = 0,664000 сек, RT = 0,124000 сек, WT = 0,788000 сек
  > B = 112, D =  36, MT = 0,683000 сек, RT = 0,130000 сек, WT = 0,813000 сек
  > B = 112, D =  37, MT = 0,684000 сек, RT = 0,156000 сек, WT = 0,840000 сек
  > B = 112, D =  38, MT = 0,704000 сек, RT = 0,142000 сек, WT = 0,846000 сек
  > B = 112, D =  39, MT = 0,651000 сек, RT = 0,156000 сек, WT = 0,807000 сек
  > B = 112, D =  40, MT = 0,616000 сек, RT = 0,120000 сек, WT = 0,736000 сек
  > B = 113, D =  10, MT = 0,631000 сек, RT = 0,116000 сек, WT = 0,747000 сек
  > B = 113, D =  11, MT = 0,665000 сек, RT = 0,118000 сек, WT = 0,783000 сек
  > B = 113, D =  12, MT = 0,569000 сек, RT = 0,117000 сек, WT = 0,686000 сек
  > B = 113, D =  13, MT = 0,566000 сек, RT = 0,119000 сек, WT = 0,685000 сек
  > B = 113, D =  14, MT = 0,578000 сек, RT = 0,116000 сек, WT = 0,694000 сек
  > B = 113, D =  15, MT = 0,582000 сек, RT = 0,112000 сек, WT = 0,694000 сек
  > B = 113, D =  16, MT = 0,549000 сек, RT = 0,114000 сек, WT = 0,663000 сек
  > B = 113, D =  17, MT = 0,597000 сек, RT = 0,122000 сек, WT = 0,719000 сек
  > B = 113, D =  18, MT = 0,584000 сек, RT = 0,125000 сек, WT = 0,709000 сек
  > B = 113, D =  19, MT = 0,607000 сек, RT = 0,131000 сек, WT = 0,738000 сек
  > B = 113, D =  20, MT = 0,574000 сек, RT = 0,131000 сек, WT = 0,705000 сек
  > B = 113, D =  21, MT = 0,589000 сек, RT = 0,124000 сек, WT = 0,713000 сек
  > B = 113, D =  22, MT = 0,596000 сек, RT = 0,123000 сек, WT = 0,719000 сек
  > B = 113, D =  23, MT = 0,591000 сек, RT = 0,135000 сек, WT = 0,726000 сек
  > B = 113, D =  24, MT = 0,563000 сек, RT = 0,117000 сек, WT = 0,680000 сек
  > B = 113, D =  25, MT = 0,566000 сек, RT = 0,124000 сек, WT = 0,690000 сек
  > B = 113, D =  26, MT = 0,601000 сек, RT = 0,119000 сек, WT = 0,720000 сек
  > B = 113, D =  27, MT = 0,617000 сек, RT = 0,127000 сек, WT = 0,744000 сек
  > B = 113, D =  28, MT = 0,610000 сек, RT = 0,122000 сек, WT = 0,732000 сек
  > B = 113, D =  29, MT = 0,603000 сек, RT = 0,131000 сек, WT = 0,734000 сек
  > B = 113, D =  30, MT = 0,597000 сек, RT = 0,123000 сек, WT = 0,720000 сек
  > B = 113, D =  31, MT = 0,603000 сек, RT = 0,127000 сек, WT = 0,730000 сек
  > B = 113, D =  32, MT = 0,609000 сек, RT = 0,122000 сек, WT = 0,731000 сек
  > B = 113, D =  33, MT = 0,641000 сек, RT = 0,124000 сек, WT = 0,765000 сек
  > B = 113, D =  34, MT = 0,640000 сек, RT = 0,127000 сек, WT = 0,767000 сек
  > B = 113, D =  35, MT = 0,646000 сек, RT = 0,126000 сек, WT = 0,772000 сек
  > B = 113, D =  36, MT = 0,684000 сек, RT = 0,119000 сек, WT = 0,803000 сек
  > B = 113, D =  37, MT = 0,690000 сек, RT = 0,129000 сек, WT = 0,819000 сек
  > B = 113, D =  38, MT = 0,661000 сек, RT = 0,130000 сек, WT = 0,791000 сек
  > B = 113, D =  39, MT = 0,688000 сек, RT = 0,130000 сек, WT = 0,818000 сек
  > B = 113, D =  40, MT = 0,669000 сек, RT = 0,134000 сек, WT = 0,803000 сек
  > B = 114, D =  10, MT = 0,636000 сек, RT = 0,107000 сек, WT = 0,743000 сек
  > B = 114, D =  11, MT = 0,695000 сек, RT = 0,118000 сек, WT = 0,813000 сек
  > B = 114, D =  12, MT = 0,618000 сек, RT = 0,096000 сек, WT = 0,714000 сек
  > B = 114, D =  13, MT = 0,592000 сек, RT = 0,129000 сек, WT = 0,721000 сек
  > B = 114, D =  14, MT = 0,650000 сек, RT = 0,105000 сек, WT = 0,755000 сек
  > B = 114, D =  15, MT = 0,638000 сек, RT = 0,108000 сек, WT = 0,746000 сек
  > B = 114, D =  16, MT = 0,572000 сек, RT = 0,110000 сек, WT = 0,682000 сек
  > B = 114, D =  17, MT = 0,597000 сек, RT = 0,121000 сек, WT = 0,718000 сек
  > B = 114, D =  18, MT = 0,622000 сек, RT = 0,100000 сек, WT = 0,722000 сек
  > B = 114, D =  19, MT = 0,581000 сек, RT = 0,102000 сек, WT = 0,683000 сек
  > B = 114, D =  20, MT = 0,559000 сек, RT = 0,105000 сек, WT = 0,664000 сек
  > B = 114, D =  21, MT = 0,572000 сек, RT = 0,102000 сек, WT = 0,674000 сек
  > B = 114, D =  22, MT = 0,607000 сек, RT = 0,102000 сек, WT = 0,709000 сек
  > B = 114, D =  23, MT = 0,633000 сек, RT = 0,130000 сек, WT = 0,763000 сек
  > B = 114, D =  24, MT = 0,563000 сек, RT = 0,097000 сек, WT = 0,660000 сек
  > B = 114, D =  25, MT = 0,617000 сек, RT = 0,124000 сек, WT = 0,741000 сек
  > B = 114, D =  26, MT = 0,625000 сек, RT = 0,120000 сек, WT = 0,745000 сек
  > B = 114, D =  27, MT = 0,645000 сек, RT = 0,107000 сек, WT = 0,752000 сек
  > B = 114, D =  28, MT = 0,630000 сек, RT = 0,110000 сек, WT = 0,740000 сек
  > B = 114, D =  29, MT = 0,642000 сек, RT = 0,131000 сек, WT = 0,773000 сек
  > B = 114, D =  30, MT = 0,592000 сек, RT = 0,101000 сек, WT = 0,693000 сек
  > B = 114, D =  31, MT = 0,604000 сек, RT = 0,125000 сек, WT = 0,729000 сек
  > B = 114, D =  32, MT = 0,636000 сек, RT = 0,104000 сек, WT = 0,740000 сек
  > B = 114, D =  33, MT = 0,692000 сек, RT = 0,102000 сек, WT = 0,794000 сек
  > B = 114, D =  34, MT = 0,692000 сек, RT = 0,112000 сек, WT = 0,804000 сек
  > B = 114, D =  35, MT = 0,704000 сек, RT = 0,144000 сек, WT = 0,848000 сек
  > B = 114, D =  36, MT = 0,695000 сек, RT = 0,098000 сек, WT = 0,793000 сек
  > B = 114, D =  37, MT = 0,682000 сек, RT = 0,145000 сек, WT = 0,827000 сек
  > B = 114, D =  38, MT = 0,674000 сек, RT = 0,097000 сек, WT = 0,771000 сек
  > B = 114, D =  39, MT = 0,643000 сек, RT = 0,105000 сек, WT = 0,748000 сек
  > B = 114, D =  40, MT = 0,615000 сек, RT = 0,108000 сек, WT = 0,723000 сек
  > B = 115, D =  10, MT = 0,623000 сек, RT = 0,055000 сек, WT = 0,678000 сек
  > B = 115, D =  11, MT = 0,669000 сек, RT = 0,081000 сек, WT = 0,750000 сек
  > B = 115, D =  12, MT = 0,736000 сек, RT = 0,085000 сек, WT = 0,821000 сек
  > B = 115, D =  13, MT = 0,621000 сек, RT = 0,093000 сек, WT = 0,714000 сек
  > B = 115, D =  14, MT = 0,625000 сек, RT = 0,086000 сек, WT = 0,711000 сек
  > B = 115, D =  15, MT = 0,576000 сек, RT = 0,055000 сек, WT = 0,631000 сек
  > B = 115, D =  16, MT = 0,557000 сек, RT = 0,078000 сек, WT = 0,635000 сек
  > B = 115, D =  17, MT = 0,580000 сек, RT = 0,081000 сек, WT = 0,661000 сек
  > B = 115, D =  18, MT = 0,580000 сек, RT = 0,086000 сек, WT = 0,666000 сек
  > B = 115, D =  19, MT = 0,591000 сек, RT = 0,085000 сек, WT = 0,676000 сек
  > B = 115, D =  20, MT = 0,589000 сек, RT = 0,058000 сек, WT = 0,647000 сек
  > B = 115, D =  21, MT = 0,577000 сек, RT = 0,086000 сек, WT = 0,663000 сек
  > B = 115, D =  22, MT = 0,581000 сек, RT = 0,080000 сек, WT = 0,661000 сек
  > B = 115, D =  23, MT = 0,595000 сек, RT = 0,055000 сек, WT = 0,650000 сек
  > B = 115, D =  24, MT = 0,546000 сек, RT = 0,082000 сек, WT = 0,628000 сек
  > B = 115, D =  25, MT = 0,593000 сек, RT = 0,061000 сек, WT = 0,654000 сек
  > B = 115, D =  26, MT = 0,606000 сек, RT = 0,081000 сек, WT = 0,687000 сек
  > B = 115, D =  27, MT = 0,595000 сек, RT = 0,091000 сек, WT = 0,686000 сек
  > B = 115, D =  28, MT = 0,600000 сек, RT = 0,082000 сек, WT = 0,682000 сек
  > B = 115, D =  29, MT = 0,583000 сек, RT = 0,089000 сек, WT = 0,672000 сек
  > B = 115, D =  30, MT = 0,592000 сек, RT = 0,056000 сек, WT = 0,648000 сек
  > B = 115, D =  31, MT = 0,600000 сек, RT = 0,085000 сек, WT = 0,685000 сек
  > B = 115, D =  32, MT = 0,603000 сек, RT = 0,079000 сек, WT = 0,682000 сек
  > B = 115, D =  33, MT = 0,609000 сек, RT = 0,082000 сек, WT = 0,691000 сек
  > B = 115, D =  34, MT = 0,610000 сек, RT = 0,081000 сек, WT = 0,691000 сек
  > B = 115, D =  35, MT = 0,629000 сек, RT = 0,055000 сек, WT = 0,684000 сек
  > B = 115, D =  36, MT = 0,623000 сек, RT = 0,079000 сек, WT = 0,702000 сек
  > B = 115, D =  37, MT = 0,631000 сек, RT = 0,083000 сек, WT = 0,714000 сек
  > B = 115, D =  38, MT = 0,634000 сек, RT = 0,080000 сек, WT = 0,714000 сек
  > B = 115, D =  39, MT = 0,636000 сек, RT = 0,088000 сек, WT = 0,724000 сек
  > B = 115, D =  40, MT = 0,615000 сек, RT = 0,055000 сек, WT = 0,670000 сек
  > B = 116, D =  10, MT = 0,636000 сек, RT = 0,089000 сек, WT = 0,725000 сек
  > B = 116, D =  11, MT = 0,685000 сек, RT = 0,110000 сек, WT = 0,795000 сек
  > B = 116, D =  12, MT = 0,573000 сек, RT = 0,087000 сек, WT = 0,660000 сек
  > B = 116, D =  13, MT = 0,562000 сек, RT = 0,110000 сек, WT = 0,672000 сек
  > B = 116, D =  14, MT = 0,602000 сек, RT = 0,089000 сек, WT = 0,691000 сек
  > B = 116, D =  15, MT = 0,605000 сек, RT = 0,105000 сек, WT = 0,710000 сек
  > B = 116, D =  16, MT = 0,548000 сек, RT = 0,081000 сек, WT = 0,629000 сек
  > B = 116, D =  17, MT = 0,559000 сек, RT = 0,106000 сек, WT = 0,665000 сек
  > B = 116, D =  18, MT = 0,564000 сек, RT = 0,089000 сек, WT = 0,653000 сек
  > B = 116, D =  19, MT = 0,586000 сек, RT = 0,105000 сек, WT = 0,691000 сек
  > B = 116, D =  20, MT = 0,577000 сек, RT = 0,081000 сек, WT = 0,658000 сек
  > B = 116, D =  21, MT = 0,584000 сек, RT = 0,119000 сек, WT = 0,703000 сек
  > B = 116, D =  22, MT = 0,602000 сек, RT = 0,096000 сек, WT = 0,698000 сек
  > B = 116, D =  23, MT = 0,590000 сек, RT = 0,105000 сек, WT = 0,695000 сек
  > B = 116, D =  24, MT = 0,579000 сек, RT = 0,082000 сек, WT = 0,661000 сек
  > B = 116, D =  25, MT = 0,572000 сек, RT = 0,113000 сек, WT = 0,685000 сек
  > B = 116, D =  26, MT = 0,581000 сек, RT = 0,093000 сек, WT = 0,674000 сек
  > B = 116, D =  27, MT = 0,591000 сек, RT = 0,104000 сек, WT = 0,695000 сек
  > B = 116, D =  28, MT = 0,574000 сек, RT = 0,081000 сек, WT = 0,655000 сек
  > B = 116, D =  29, MT = 0,586000 сек, RT = 0,079000 сек, WT = 0,665000 сек
  > B = 116, D =  30, MT = 0,583000 сек, RT = 0,092000 сек, WT = 0,675000 сек
  > B = 116, D =  31, MT = 0,603000 сек, RT = 0,109000 сек, WT = 0,712000 сек
  > B = 116, D =  32, MT = 0,597000 сек, RT = 0,083000 сек, WT = 0,680000 сек
  > B = 116, D =  33, MT = 0,621000 сек, RT = 0,106000 сек, WT = 0,727000 сек
  > B = 116, D =  34, MT = 0,611000 сек, RT = 0,090000 сек, WT = 0,701000 сек
  > B = 116, D =  35, MT = 0,635000 сек, RT = 0,108000 сек, WT = 0,743000 сек
  > B = 116, D =  36, MT = 0,613000 сек, RT = 0,082000 сек, WT = 0,695000 сек
  > B = 116, D =  37, MT = 0,629000 сек, RT = 0,107000 сек, WT = 0,736000 сек
  > B = 116, D =  38, MT = 0,623000 сек, RT = 0,091000 сек, WT = 0,714000 сек
  > B = 116, D =  39, MT = 0,623000 сек, RT = 0,110000 сек, WT = 0,733000 сек
  > B = 116, D =  40, MT = 0,610000 сек, RT = 0,081000 сек, WT = 0,691000 сек
  > B = 117, D =  10, MT = 0,624000 сек, RT = 0,106000 сек, WT = 0,730000 сек
  > B = 117, D =  11, MT = 0,653000 сек, RT = 0,107000 сек, WT = 0,760000 сек
  > B = 117, D =  12, MT = 0,565000 сек, RT = 0,086000 сек, WT = 0,651000 сек
  > B = 117, D =  13, MT = 0,561000 сек, RT = 0,079000 сек, WT = 0,640000 сек
  > B = 117, D =  14, MT = 0,573000 сек, RT = 0,106000 сек, WT = 0,679000 сек
  > B = 117, D =  15, MT = 0,574000 сек, RT = 0,088000 сек, WT = 0,662000 сек
  > B = 117, D =  16, MT = 0,546000 сек, RT = 0,105000 сек, WT = 0,651000 сек
  > B = 117, D =  17, MT = 0,547000 сек, RT = 0,109000 сек, WT = 0,656000 сек
  > B = 117, D =  18, MT = 0,572000 сек, RT = 0,081000 сек, WT = 0,653000 сек
  > B = 117, D =  19, MT = 0,617000 сек, RT = 0,109000 сек, WT = 0,726000 сек
  > B = 117, D =  20, MT = 0,547000 сек, RT = 0,113000 сек, WT = 0,660000 сек
  > B = 117, D =  21, MT = 0,584000 сек, RT = 0,088000 сек, WT = 0,672000 сек
  > B = 117, D =  22, MT = 0,592000 сек, RT = 0,115000 сек, WT = 0,707000 сек
  > B = 117, D =  23, MT = 0,613000 сек, RT = 0,115000 сек, WT = 0,728000 сек
  > B = 117, D =  24, MT = 0,584000 сек, RT = 0,101000 сек, WT = 0,685000 сек
  > B = 117, D =  25, MT = 0,587000 сек, RT = 0,117000 сек, WT = 0,704000 сек
  > B = 117, D =  26, MT = 0,606000 сек, RT = 0,085000 сек, WT = 0,691000 сек
  > B = 117, D =  27, MT = 0,606000 сек, RT = 0,090000 сек, WT = 0,696000 сек
  > B = 117, D =  28, MT = 0,592000 сек, RT = 0,109000 сек, WT = 0,701000 сек
  > B = 117, D =  29, MT = 0,604000 сек, RT = 0,109000 сек, WT = 0,713000 сек
  > B = 117, D =  30, MT = 0,598000 сек, RT = 0,089000 сек, WT = 0,687000 сек
  > B = 117, D =  31, MT = 0,618000 сек, RT = 0,115000 сек, WT = 0,733000 сек
  > B = 117, D =  32, MT = 0,599000 сек, RT = 0,110000 сек, WT = 0,709000 сек
  > B = 117, D =  33, MT = 0,674000 сек, RT = 0,093000 сек, WT = 0,767000 сек
  > B = 117, D =  34, MT = 0,656000 сек, RT = 0,116000 сек, WT = 0,772000 сек
  > B = 117, D =  35, MT = 0,647000 сек, RT = 0,121000 сек, WT = 0,768000 сек
  > B = 117, D =  36, MT = 0,628000 сек, RT = 0,082000 сек, WT = 0,710000 сек
  > B = 117, D =  37, MT = 0,664000 сек, RT = 0,120000 сек, WT = 0,784000 сек
  > B = 117, D =  38, MT = 0,633000 сек, RT = 0,111000 сек, WT = 0,744000 сек
  > B = 117, D =  39, MT = 0,631000 сек, RT = 0,088000 сек, WT = 0,719000 сек
  > B = 117, D =  40, MT = 0,653000 сек, RT = 0,118000 сек, WT = 0,771000 сек
  > B = 118, D =  10, MT = 0,668000 сек, RT = 0,090000 сек, WT = 0,758000 сек
  > B = 118, D =  11, MT = 0,685000 сек, RT = 0,110000 сек, WT = 0,795000 сек
  > B = 118, D =  12, MT = 0,595000 сек, RT = 0,090000 сек, WT = 0,685000 сек
  > B = 118, D =  13, MT = 0,591000 сек, RT = 0,101000 сек, WT = 0,692000 сек
  > B = 118, D =  14, MT = 0,626000 сек, RT = 0,086000 сек, WT = 0,712000 сек
  > B = 118, D =  15, MT = 0,609000 сек, RT = 0,106000 сек, WT = 0,715000 сек
  > B = 118, D =  16, MT = 0,588000 сек, RT = 0,094000 сек, WT = 0,682000 сек
  > B = 118, D =  17, MT = 0,599000 сек, RT = 0,109000 сек, WT = 0,708000 сек
  > B = 118, D =  18, MT = 0,621000 сек, RT = 0,090000 сек, WT = 0,711000 сек
  > B = 118, D =  19, MT = 0,591000 сек, RT = 0,108000 сек, WT = 0,699000 сек
  > B = 118, D =  20, MT = 0,546000 сек, RT = 0,084000 сек, WT = 0,630000 сек
  > B = 118, D =  21, MT = 0,559000 сек, RT = 0,101000 сек, WT = 0,660000 сек
  > B = 118, D =  22, MT = 0,579000 сек, RT = 0,086000 сек, WT = 0,665000 сек
  > B = 118, D =  23, MT = 0,616000 сек, RT = 0,101000 сек, WT = 0,717000 сек
  > B = 118, D =  24, MT = 0,552000 сек, RT = 0,086000 сек, WT = 0,638000 сек
  > B = 118, D =  25, MT = 0,594000 сек, RT = 0,110000 сек, WT = 0,704000 сек
  > B = 118, D =  26, MT = 0,593000 сек, RT = 0,093000 сек, WT = 0,686000 сек
  > B = 118, D =  27, MT = 0,618000 сек, RT = 0,103000 сек, WT = 0,721000 сек
  > B = 118, D =  28, MT = 0,613000 сек, RT = 0,093000 сек, WT = 0,706000 сек
  > B = 118, D =  29, MT = 0,602000 сек, RT = 0,108000 сек, WT = 0,710000 сек
  > B = 118, D =  30, MT = 0,585000 сек, RT = 0,089000 сек, WT = 0,674000 сек
  > B = 118, D =  31, MT = 0,622000 сек, RT = 0,111000 сек, WT = 0,733000 сек
  > B = 118, D =  32, MT = 0,605000 сек, RT = 0,087000 сек, WT = 0,692000 сек
  > B = 118, D =  33, MT = 0,612000 сек, RT = 0,103000 сек, WT = 0,715000 сек
  > B = 118, D =  34, MT = 0,608000 сек, RT = 0,087000 сек, WT = 0,695000 сек
  > B = 118, D =  35, MT = 0,627000 сек, RT = 0,100000 сек, WT = 0,727000 сек
  > B = 118, D =  36, MT = 0,609000 сек, RT = 0,084000 сек, WT = 0,693000 сек
  > B = 118, D =  37, MT = 0,645000 сек, RT = 0,103000 сек, WT = 0,748000 сек
  > B = 118, D =  38, MT = 0,654000 сек, RT = 0,092000 сек, WT = 0,746000 сек
  > B = 118, D =  39, MT = 0,645000 сек, RT = 0,102000 сек, WT = 0,747000 сек
  > B = 118, D =  40, MT = 0,614000 сек, RT = 0,088000 сек, WT = 0,702000 сек
  > B = 119, D =  10, MT = 0,631000 сек, RT = 0,107000 сек, WT = 0,738000 сек
  > B = 119, D =  11, MT = 0,683000 сек, RT = 0,108000 сек, WT = 0,791000 сек
  > B = 119, D =  12, MT = 0,579000 сек, RT = 0,110000 сек, WT = 0,689000 сек
  > B = 119, D =  13, MT = 0,623000 сек, RT = 0,110000 сек, WT = 0,733000 сек
  > B = 119, D =  14, MT = 0,612000 сек, RT = 0,087000 сек, WT = 0,699000 сек
  > B = 119, D =  15, MT = 0,604000 сек, RT = 0,112000 сек, WT = 0,716000 сек
  > B = 119, D =  16, MT = 0,562000 сек, RT = 0,110000 сек, WT = 0,672000 сек
  > B = 119, D =  17, MT = 0,585000 сек, RT = 0,086000 сек, WT = 0,671000 сек
  > B = 119, D =  18, MT = 0,592000 сек, RT = 0,117000 сек, WT = 0,709000 сек
  > B = 119, D =  19, MT = 0,698000 сек, RT = 0,129000 сек, WT = 0,827000 сек
  > B = 119, D =  20, MT = 0,694000 сек, RT = 0,129000 сек, WT = 0,823000 сек
  > B = 119, D =  21, MT = 0,648000 сек, RT = 0,094000 сек, WT = 0,742000 сек
  > B = 119, D =  22, MT = 0,641000 сек, RT = 0,123000 сек, WT = 0,764000 сек
  > B = 119, D =  23, MT = 0,649000 сек, RT = 0,138000 сек, WT = 0,787000 сек
  > B = 119, D =  24, MT = 0,635000 сек, RT = 0,146000 сек, WT = 0,781000 сек
  > B = 119, D =  25, MT = 0,671000 сек, RT = 0,121000 сек, WT = 0,792000 сек
  > B = 119, D =  26, MT = 0,651000 сек, RT = 0,121000 сек, WT = 0,772000 сек
  > B = 119, D =  27, MT = 0,643000 сек, RT = 0,125000 сек, WT = 0,768000 сек
  > B = 119, D =  28, MT = 0,620000 сек, RT = 0,085000 сек, WT = 0,705000 сек
  > B = 119, D =  29, MT = 0,665000 сек, RT = 0,119000 сек, WT = 0,784000 сек
  > B = 119, D =  30, MT = 0,654000 сек, RT = 0,121000 сек, WT = 0,775000 сек
  > B = 119, D =  31, MT = 0,642000 сек, RT = 0,119000 сек, WT = 0,761000 сек
  > B = 119, D =  32, MT = 0,612000 сек, RT = 0,113000 сек, WT = 0,725000 сек
  > B = 119, D =  33, MT = 0,632000 сек, RT = 0,109000 сек, WT = 0,741000 сек
  > B = 119, D =  34, MT = 0,643000 сек, RT = 0,085000 сек, WT = 0,728000 сек
  > B = 119, D =  35, MT = 0,656000 сек, RT = 0,086000 сек, WT = 0,742000 сек
  > B = 119, D =  36, MT = 0,630000 сек, RT = 0,111000 сек, WT = 0,741000 сек
  > B = 119, D =  37, MT = 0,669000 сек, RT = 0,124000 сек, WT = 0,793000 сек
  > B = 119, D =  38, MT = 0,643000 сек, RT = 0,112000 сек, WT = 0,755000 сек
  > B = 119, D =  39, MT = 0,652000 сек, RT = 0,106000 сек, WT = 0,758000 сек
  > B = 119, D =  40, MT = 0,665000 сек, RT = 0,110000 сек, WT = 0,775000 сек
  > B = 120, D =  10, MT = 0,646000 сек, RT = 0,018000 сек, WT = 0,664000 сек
  > B = 120, D =  11, MT = 0,682000 сек, RT = 0,049000 сек, WT = 0,731000 сек
  > B = 120, D =  12, MT = 0,612000 сек, RT = 0,018000 сек, WT = 0,630000 сек
  > B = 120, D =  13, MT = 0,626000 сек, RT = 0,052000 сек, WT = 0,678000 сек
  > B = 120, D =  14, MT = 0,596000 сек, RT = 0,030000 сек, WT = 0,626000 сек
  > B = 120, D =  15, MT = 0,610000 сек, RT = 0,016000 сек, WT = 0,626000 сек
  > B = 120, D =  16, MT = 0,561000 сек, RT = 0,016000 сек, WT = 0,577000 сек
  > B = 120, D =  17, MT = 0,572000 сек, RT = 0,045000 сек, WT = 0,617000 сек
  > B = 120, D =  18, MT = 0,596000 сек, RT = 0,020000 сек, WT = 0,616000 сек
  > B = 120, D =  19, MT = 0,626000 сек, RT = 0,050000 сек, WT = 0,676000 сек
  > B = 120, D =  20, MT = 0,549000 сек, RT = 0,021000 сек, WT = 0,570000 сек
  > B = 120, D =  21, MT = 0,571000 сек, RT = 0,026000 сек, WT = 0,597000 сек
  > B = 120, D =  22, MT = 0,570000 сек, RT = 0,030000 сек, WT = 0,600000 сек
  > B = 120, D =  23, MT = 0,590000 сек, RT = 0,047000 сек, WT = 0,637000 сек
  > B = 120, D =  24, MT = 0,568000 сек, RT = 0,016000 сек, WT = 0,584000 сек
  > B = 120, D =  25, MT = 0,579000 сек, RT = 0,021000 сек, WT = 0,600000 сек
  > B = 120, D =  26, MT = 0,565000 сек, RT = 0,032000 сек, WT = 0,597000 сек
  > B = 120, D =  27, MT = 0,589000 сек, RT = 0,026000 сек, WT = 0,615000 сек
  > B = 120, D =  28, MT = 0,594000 сек, RT = 0,021000 сек, WT = 0,615000 сек
  > B = 120, D =  29, MT = 0,619000 сек, RT = 0,045000 сек, WT = 0,664000 сек
  > B = 120, D =  30, MT = 0,640000 сек, RT = 0,022000 сек, WT = 0,662000 сек
  > B = 120, D =  31, MT = 0,624000 сек, RT = 0,048000 сек, WT = 0,672000 сек
  > B = 120, D =  32, MT = 0,623000 сек, RT = 0,017000 сек, WT = 0,640000 сек
  > B = 120, D =  33, MT = 0,647000 сек, RT = 0,026000 сек, WT = 0,673000 сек
  > B = 120, D =  34, MT = 0,627000 сек, RT = 0,030000 сек, WT = 0,657000 сек
  > B = 120, D =  35, MT = 0,631000 сек, RT = 0,020000 сек, WT = 0,651000 сек
  > B = 120, D =  36, MT = 0,608000 сек, RT = 0,016000 сек, WT = 0,624000 сек
  > B = 120, D =  37, MT = 0,618000 сек, RT = 0,045000 сек, WT = 0,663000 сек
  > B = 120, D =  38, MT = 0,624000 сек, RT = 0,029000 сек, WT = 0,653000 сек
  > B = 120, D =  39, MT = 0,642000 сек, RT = 0,026000 сек, WT = 0,668000 сек
  > B = 120, D =  40, MT = 0,622000 сек, RT = 0,013000 сек, WT = 0,635000 сек
  > B = 121, D =  10, MT = 0,635000 сек, RT = 0,097000 сек, WT = 0,732000 сек
  > B = 121, D =  11, MT = 0,660000 сек, RT = 0,069000 сек, WT = 0,729000 сек
  > B = 121, D =  12, MT = 0,598000 сек, RT = 0,102000 сек, WT = 0,700000 сек
  > B = 121, D =  13, MT = 0,597000 сек, RT = 0,097000 сек, WT = 0,694000 сек
  > B = 121, D =  14, MT = 0,571000 сек, RT = 0,097000 сек, WT = 0,668000 сек
  > B = 121, D =  15, MT = 0,614000 сек, RT = 0,096000 сек, WT = 0,710000 сек
  > B = 121, D =  16, MT = 0,638000 сек, RT = 0,118000 сек, WT = 0,756000 сек
  > B = 121, D =  17, MT = 0,592000 сек, RT = 0,107000 сек, WT = 0,699000 сек
  > B = 121, D =  18, MT = 0,550000 сек, RT = 0,097000 сек, WT = 0,647000 сек
  > B = 121, D =  19, MT = 0,583000 сек, RT = 0,099000 сек, WT = 0,682000 сек
  > B = 121, D =  20, MT = 0,556000 сек, RT = 0,095000 сек, WT = 0,651000 сек
  > B = 121, D =  21, MT = 0,551000 сек, RT = 0,099000 сек, WT = 0,650000 сек
  > B = 121, D =  22, MT = 0,563000 сек, RT = 0,068000 сек, WT = 0,631000 сек
  > B = 121, D =  23, MT = 0,588000 сек, RT = 0,097000 сек, WT = 0,685000 сек
  > B = 121, D =  24, MT = 0,554000 сек, RT = 0,095000 сек, WT = 0,649000 сек
  > B = 121, D =  25, MT = 0,570000 сек, RT = 0,099000 сек, WT = 0,669000 сек
  > B = 121, D =  26, MT = 0,620000 сек, RT = 0,097000 сек, WT = 0,717000 сек
  > B = 121, D =  27, MT = 0,601000 сек, RT = 0,101000 сек, WT = 0,702000 сек
  > B = 121, D =  28, MT = 0,594000 сек, RT = 0,101000 сек, WT = 0,695000 сек
  > B = 121, D =  29, MT = 0,665000 сек, RT = 0,106000 сек, WT = 0,771000 сек
  > B = 121, D =  30, MT = 0,641000 сек, RT = 0,103000 сек, WT = 0,744000 сек
  > B = 121, D =  31, MT = 0,629000 сек, RT = 0,102000 сек, WT = 0,731000 сек
  > B = 121, D =  32, MT = 0,626000 сек, RT = 0,105000 сек, WT = 0,731000 сек
  > B = 121, D =  33, MT = 0,647000 сек, RT = 0,067000 сек, WT = 0,714000 сек
  > B = 121, D =  34, MT = 0,623000 сек, RT = 0,099000 сек, WT = 0,722000 сек
  > B = 121, D =  35, MT = 0,643000 сек, RT = 0,104000 сек, WT = 0,747000 сек
  > B = 121, D =  36, MT = 0,617000 сек, RT = 0,099000 сек, WT = 0,716000 сек
  > B = 121, D =  37, MT = 0,639000 сек, RT = 0,097000 сек, WT = 0,736000 сек
  > B = 121, D =  38, MT = 0,637000 сек, RT = 0,097000 сек, WT = 0,734000 сек
  > B = 121, D =  39, MT = 0,648000 сек, RT = 0,097000 сек, WT = 0,745000 сек
  > B = 121, D =  40, MT = 0,626000 сек, RT = 0,096000 сек, WT = 0,722000 сек
  > B = 122, D =  10, MT = 0,639000 сек, RT = 0,046000 сек, WT = 0,685000 сек
  > B = 122, D =  11, MT = 0,675000 сек, RT = 0,060000 сек, WT = 0,735000 сек
  > B = 122, D =  12, MT = 0,586000 сек, RT = 0,045000 сек, WT = 0,631000 сек
  > B = 122, D =  13, MT = 0,579000 сек, RT = 0,062000 сек, WT = 0,641000 сек
  > B = 122, D =  14, MT = 0,583000 сек, RT = 0,046000 сек, WT = 0,629000 сек
  > B = 122, D =  15, MT = 0,608000 сек, RT = 0,064000 сек, WT = 0,672000 сек
  > B = 122, D =  16, MT = 0,555000 сек, RT = 0,047000 сек, WT = 0,602000 сек
  > B = 122, D =  17, MT = 0,568000 сек, RT = 0,062000 сек, WT = 0,630000 сек
  > B = 122, D =  18, MT = 0,556000 сек, RT = 0,045000 сек, WT = 0,601000 сек
  > B = 122, D =  19, MT = 0,586000 сек, RT = 0,063000 сек, WT = 0,649000 сек
  > B = 122, D =  20, MT = 0,563000 сек, RT = 0,045000 сек, WT = 0,608000 сек
  > B = 122, D =  21, MT = 0,565000 сек, RT = 0,065000 сек, WT = 0,630000 сек
  > B = 122, D =  22, MT = 0,568000 сек, RT = 0,046000 сек, WT = 0,614000 сек
  > B = 122, D =  23, MT = 0,592000 сек, RT = 0,061000 сек, WT = 0,653000 сек
  > B = 122, D =  24, MT = 0,563000 сек, RT = 0,046000 сек, WT = 0,609000 сек
  > B = 122, D =  25, MT = 0,580000 сек, RT = 0,062000 сек, WT = 0,642000 сек
  > B = 122, D =  26, MT = 0,571000 сек, RT = 0,047000 сек, WT = 0,618000 сек
  > B = 122, D =  27, MT = 0,589000 сек, RT = 0,064000 сек, WT = 0,653000 сек
  > B = 122, D =  28, MT = 0,576000 сек, RT = 0,046000 сек, WT = 0,622000 сек
  > B = 122, D =  29, MT = 0,601000 сек, RT = 0,061000 сек, WT = 0,662000 сек
  > B = 122, D =  30, MT = 0,606000 сек, RT = 0,046000 сек, WT = 0,652000 сек
  > B = 122, D =  31, MT = 0,600000 сек, RT = 0,066000 сек, WT = 0,666000 сек
  > B = 122, D =  32, MT = 0,603000 сек, RT = 0,048000 сек, WT = 0,651000 сек
  > B = 122, D =  33, MT = 0,621000 сек, RT = 0,062000 сек, WT = 0,683000 сек
  > B = 122, D =  34, MT = 0,608000 сек, RT = 0,046000 сек, WT = 0,654000 сек
  > B = 122, D =  35, MT = 0,626000 сек, RT = 0,062000 сек, WT = 0,688000 сек
  > B = 122, D =  36, MT = 0,616000 сек, RT = 0,045000 сек, WT = 0,661000 сек
  > B = 122, D =  37, MT = 0,630000 сек, RT = 0,061000 сек, WT = 0,691000 сек
  > B = 122, D =  38, MT = 0,623000 сек, RT = 0,046000 сек, WT = 0,669000 сек
  > B = 122, D =  39, MT = 0,646000 сек, RT = 0,061000 сек, WT = 0,707000 сек
  > B = 122, D =  40, MT = 0,628000 сек, RT = 0,045000 сек, WT = 0,673000 сек
  > B = 123, D =  10, MT = 0,640000 сек, RT = 0,109000 сек, WT = 0,749000 сек
  > B = 123, D =  11, MT = 0,673000 сек, RT = 0,110000 сек, WT = 0,783000 сек
  > B = 123, D =  12, MT = 0,589000 сек, RT = 0,087000 сек, WT = 0,676000 сек
  > B = 123, D =  13, MT = 0,581000 сек, RT = 0,110000 сек, WT = 0,691000 сек
  > B = 123, D =  14, MT = 0,580000 сек, RT = 0,110000 сек, WT = 0,690000 сек
  > B = 123, D =  15, MT = 0,605000 сек, RT = 0,087000 сек, WT = 0,692000 сек
  > B = 123, D =  16, MT = 0,550000 сек, RT = 0,111000 сек, WT = 0,661000 сек
  > B = 123, D =  17, MT = 0,559000 сек, RT = 0,107000 сек, WT = 0,666000 сек
  > B = 123, D =  18, MT = 0,562000 сек, RT = 0,088000 сек, WT = 0,650000 сек
  > B = 123, D =  19, MT = 0,581000 сек, RT = 0,110000 сек, WT = 0,691000 сек
  > B = 123, D =  20, MT = 0,563000 сек, RT = 0,107000 сек, WT = 0,670000 сек
  > B = 123, D =  21, MT = 0,562000 сек, RT = 0,087000 сек, WT = 0,649000 сек
  > B = 123, D =  22, MT = 0,569000 сек, RT = 0,110000 сек, WT = 0,679000 сек
  > B = 123, D =  23, MT = 0,583000 сек, RT = 0,109000 сек, WT = 0,692000 сек
  > B = 123, D =  24, MT = 0,561000 сек, RT = 0,088000 сек, WT = 0,649000 сек
  > B = 123, D =  25, MT = 0,583000 сек, RT = 0,110000 сек, WT = 0,693000 сек
  > B = 123, D =  26, MT = 0,576000 сек, RT = 0,112000 сек, WT = 0,688000 сек
  > B = 123, D =  27, MT = 0,595000 сек, RT = 0,088000 сек, WT = 0,683000 сек
  > B = 123, D =  28, MT = 0,583000 сек, RT = 0,110000 сек, WT = 0,693000 сек
  > B = 123, D =  29, MT = 0,599000 сек, RT = 0,111000 сек, WT = 0,710000 сек
  > B = 123, D =  30, MT = 0,605000 сек, RT = 0,089000 сек, WT = 0,694000 сек
  > B = 123, D =  31, MT = 0,603000 сек, RT = 0,111000 сек, WT = 0,714000 сек
  > B = 123, D =  32, MT = 0,608000 сек, RT = 0,110000 сек, WT = 0,718000 сек
  > B = 123, D =  33, MT = 0,610000 сек, RT = 0,087000 сек, WT = 0,697000 сек
  > B = 123, D =  34, MT = 0,614000 сек, RT = 0,110000 сек, WT = 0,724000 сек
  > B = 123, D =  35, MT = 0,632000 сек, RT = 0,109000 сек, WT = 0,741000 сек
  > B = 123, D =  36, MT = 0,615000 сек, RT = 0,088000 сек, WT = 0,703000 сек
  > B = 123, D =  37, MT = 0,621000 сек, RT = 0,110000 сек, WT = 0,731000 сек
  > B = 123, D =  38, MT = 0,624000 сек, RT = 0,109000 сек, WT = 0,733000 сек
  > B = 123, D =  39, MT = 0,646000 сек, RT = 0,086000 сек, WT = 0,732000 сек
  > B = 123, D =  40, MT = 0,658000 сек, RT = 0,109000 сек, WT = 0,767000 сек
  > B = 124, D =  10, MT = 0,630000 сек, RT = 0,044000 сек, WT = 0,674000 сек
  > B = 124, D =  11, MT = 0,674000 сек, RT = 0,060000 сек, WT = 0,734000 сек
  > B = 124, D =  12, MT = 0,580000 сек, RT = 0,036000 сек, WT = 0,616000 сек
  > B = 124, D =  13, MT = 0,580000 сек, RT = 0,060000 сек, WT = 0,640000 сек
  > B = 124, D =  14, MT = 0,577000 сек, RT = 0,043000 сек, WT = 0,620000 сек
  > B = 124, D =  15, MT = 0,591000 сек, RT = 0,061000 сек, WT = 0,652000 сек
  > B = 124, D =  16, MT = 0,546000 сек, RT = 0,036000 сек, WT = 0,582000 сек
  > B = 124, D =  17, MT = 0,559000 сек, RT = 0,060000 сек, WT = 0,619000 сек
  > B = 124, D =  18, MT = 0,555000 сек, RT = 0,044000 сек, WT = 0,599000 сек
  > B = 124, D =  19, MT = 0,581000 сек, RT = 0,061000 сек, WT = 0,642000 сек
  > B = 124, D =  20, MT = 0,560000 сек, RT = 0,035000 сек, WT = 0,595000 сек
  > B = 124, D =  21, MT = 0,561000 сек, RT = 0,061000 сек, WT = 0,622000 сек
  > B = 124, D =  22, MT = 0,576000 сек, RT = 0,043000 сек, WT = 0,619000 сек
  > B = 124, D =  23, MT = 0,595000 сек, RT = 0,059000 сек, WT = 0,654000 сек
  > B = 124, D =  24, MT = 0,566000 сек, RT = 0,038000 сек, WT = 0,604000 сек
  > B = 124, D =  25, MT = 0,586000 сек, RT = 0,061000 сек, WT = 0,647000 сек
  > B = 124, D =  26, MT = 0,592000 сек, RT = 0,045000 сек, WT = 0,637000 сек
  > B = 124, D =  27, MT = 0,609000 сек, RT = 0,063000 сек, WT = 0,672000 сек
  > B = 124, D =  28, MT = 0,593000 сек, RT = 0,037000 сек, WT = 0,630000 сек
  > B = 124, D =  29, MT = 0,607000 сек, RT = 0,064000 сек, WT = 0,671000 сек
  > B = 124, D =  30, MT = 0,611000 сек, RT = 0,044000 сек, WT = 0,655000 сек
  > B = 124, D =  31, MT = 0,622000 сек, RT = 0,030000 сек, WT = 0,652000 сек
  > B = 124, D =  32, MT = 0,621000 сек, RT = 0,037000 сек, WT = 0,658000 сек
  > B = 124, D =  33, MT = 0,636000 сек, RT = 0,063000 сек, WT = 0,699000 сек
  > B = 124, D =  34, MT = 0,626000 сек, RT = 0,046000 сек, WT = 0,672000 сек
  > B = 124, D =  35, MT = 0,636000 сек, RT = 0,062000 сек, WT = 0,698000 сек
  > B = 124, D =  36, MT = 0,628000 сек, RT = 0,037000 сек, WT = 0,665000 сек
  > B = 124, D =  37, MT = 0,634000 сек, RT = 0,061000 сек, WT = 0,695000 сек
  > B = 124, D =  38, MT = 0,635000 сек, RT = 0,043000 сек, WT = 0,678000 сек
  > B = 124, D =  39, MT = 0,670000 сек, RT = 0,062000 сек, WT = 0,732000 сек
  > B = 124, D =  40, MT = 0,642000 сек, RT = 0,037000 сек, WT = 0,679000 сек
  > B = 125, D =  10, MT = 0,638000 сек, RT = 0,013000 сек, WT = 0,651000 сек
  > B = 125, D =  11, MT = 0,667000 сек, RT = 0,041000 сек, WT = 0,708000 сек
  > B = 125, D =  12, MT = 0,588000 сек, RT = 0,040000 сек, WT = 0,628000 сек
  > B = 125, D =  13, MT = 0,579000 сек, RT = 0,040000 сек, WT = 0,619000 сек
  > B = 125, D =  14, MT = 0,577000 сек, RT = 0,041000 сек, WT = 0,618000 сек
  > B = 125, D =  15, MT = 0,596000 сек, RT = 0,013000 сек, WT = 0,609000 сек
  > B = 125, D =  16, MT = 0,552000 сек, RT = 0,039000 сек, WT = 0,591000 сек
  > B = 125, D =  17, MT = 0,576000 сек, RT = 0,039000 сек, WT = 0,615000 сек
  > B = 125, D =  18, MT = 0,557000 сек, RT = 0,040000 сек, WT = 0,597000 сек
  > B = 125, D =  19, MT = 0,598000 сек, RT = 0,049000 сек, WT = 0,647000 сек
  > B = 125, D =  20, MT = 0,577000 сек, RT = 0,014000 сек, WT = 0,591000 сек
  > B = 125, D =  21, MT = 0,571000 сек, RT = 0,043000 сек, WT = 0,614000 сек
  > B = 125, D =  22, MT = 0,575000 сек, RT = 0,040000 сек, WT = 0,615000 сек
  > B = 125, D =  23, MT = 0,595000 сек, RT = 0,040000 сек, WT = 0,635000 сек
  > B = 125, D =  24, MT = 0,558000 сек, RT = 0,039000 сек, WT = 0,597000 сек
  > B = 125, D =  25, MT = 0,587000 сек, RT = 0,009000 сек, WT = 0,596000 сек
  > B = 125, D =  26, MT = 0,578000 сек, RT = 0,041000 сек, WT = 0,619000 сек
  > B = 125, D =  27, MT = 0,594000 сек, RT = 0,041000 сек, WT = 0,635000 сек
  > B = 125, D =  28, MT = 0,589000 сек, RT = 0,041000 сек, WT = 0,630000 сек
  > B = 125, D =  29, MT = 0,601000 сек, RT = 0,040000 сек, WT = 0,641000 сек
  > B = 125, D =  30, MT = 0,615000 сек, RT = 0,013000 сек, WT = 0,628000 сек
  > B = 125, D =  31, MT = 0,623000 сек, RT = 0,038000 сек, WT = 0,661000 сек
  > B = 125, D =  32, MT = 0,619000 сек, RT = 0,041000 сек, WT = 0,660000 сек
  > B = 125, D =  33, MT = 0,629000 сек, RT = 0,042000 сек, WT = 0,671000 сек
  > B = 125, D =  34, MT = 0,628000 сек, RT = 0,042000 сек, WT = 0,670000 сек
  > B = 125, D =  35, MT = 0,633000 сек, RT = 0,013000 сек, WT = 0,646000 сек
  > B = 125, D =  36, MT = 0,633000 сек, RT = 0,041000 сек, WT = 0,674000 сек
  > B = 125, D =  37, MT = 0,637000 сек, RT = 0,040000 сек, WT = 0,677000 сек
  > B = 125, D =  38, MT = 0,629000 сек, RT = 0,040000 сек, WT = 0,669000 сек
  > B = 125, D =  39, MT = 0,656000 сек, RT = 0,040000 сек, WT = 0,696000 сек
  > B = 125, D =  40, MT = 0,633000 сек, RT = 0,013000 сек, WT = 0,646000 сек
  > B = 126, D =  10, MT = 0,634000 сек, RT = 0,123000 сек, WT = 0,757000 сек
  > B = 126, D =  11, MT = 0,664000 сек, RT = 0,143000 сек, WT = 0,807000 сек
  > B = 126, D =  12, MT = 0,587000 сек, RT = 0,112000 сек, WT = 0,699000 сек
  > B = 126, D =  13, MT = 0,582000 сек, RT = 0,137000 сек, WT = 0,719000 сек
  > B = 126, D =  14, MT = 0,575000 сек, RT = 0,111000 сек, WT = 0,686000 сек
  > B = 126, D =  15, MT = 0,587000 сек, RT = 0,119000 сек, WT = 0,706000 сек
  > B = 126, D =  16, MT = 0,559000 сек, RT = 0,123000 сек, WT = 0,682000 сек
  > B = 126, D =  17, MT = 0,563000 сек, RT = 0,140000 сек, WT = 0,703000 сек
  > B = 126, D =  18, MT = 0,556000 сек, RT = 0,115000 сек, WT = 0,671000 сек
  > B = 126, D =  19, MT = 0,586000 сек, RT = 0,141000 сек, WT = 0,727000 сек
  > B = 126, D =  20, MT = 0,566000 сек, RT = 0,123000 сек, WT = 0,689000 сек
  > B = 126, D =  21, MT = 0,561000 сек, RT = 0,114000 сек, WT = 0,675000 сек
  > B = 126, D =  22, MT = 0,570000 сек, RT = 0,123000 сек, WT = 0,693000 сек
  > B = 126, D =  23, MT = 0,609000 сек, RT = 0,140000 сек, WT = 0,749000 сек
  > B = 126, D =  24, MT = 0,560000 сек, RT = 0,112000 сек, WT = 0,672000 сек
  > B = 126, D =  25, MT = 0,598000 сек, RT = 0,142000 сек, WT = 0,740000 сек
  > B = 126, D =  26, MT = 0,588000 сек, RT = 0,124000 сек, WT = 0,712000 сек
  > B = 126, D =  27, MT = 0,599000 сек, RT = 0,115000 сек, WT = 0,714000 сек
  > B = 126, D =  28, MT = 0,585000 сек, RT = 0,115000 сек, WT = 0,700000 сек
  > B = 126, D =  29, MT = 0,603000 сек, RT = 0,141000 сек, WT = 0,744000 сек
  > B = 126, D =  30, MT = 0,618000 сек, RT = 0,113000 сек, WT = 0,731000 сек
  > B = 126, D =  31, MT = 0,626000 сек, RT = 0,142000 сек, WT = 0,768000 сек
  > B = 126, D =  32, MT = 0,640000 сек, RT = 0,126000 сек, WT = 0,766000 сек
  > B = 126, D =  33, MT = 0,636000 сек, RT = 0,122000 сек, WT = 0,758000 сек
  > B = 126, D =  34, MT = 0,624000 сек, RT = 0,124000 сек, WT = 0,748000 сек
  > B = 126, D =  35, MT = 0,633000 сек, RT = 0,115000 сек, WT = 0,748000 сек
  > B = 126, D =  36, MT = 0,625000 сек, RT = 0,112000 сек, WT = 0,737000 сек
  > B = 126, D =  37, MT = 0,640000 сек, RT = 0,143000 сек, WT = 0,783000 сек
  > B = 126, D =  38, MT = 0,635000 сек, RT = 0,123000 сек, WT = 0,758000 сек
  > B = 126, D =  39, MT = 0,670000 сек, RT = 0,121000 сек, WT = 0,791000 сек
  > B = 126, D =  40, MT = 0,636000 сек, RT = 0,124000 сек, WT = 0,760000 сек
  > B = 127, D =  10, MT = 0,634000 сек, RT = 0,144000 сек, WT = 0,778000 сек
  > B = 127, D =  11, MT = 0,671000 сек, RT = 0,139000 сек, WT = 0,810000 сек
  > B = 127, D =  12, MT = 0,583000 сек, RT = 0,137000 сек, WT = 0,720000 сек
  > B = 127, D =  13, MT = 0,578000 сек, RT = 0,138000 сек, WT = 0,716000 сек
  > B = 127, D =  14, MT = 0,580000 сек, RT = 0,143000 сек, WT = 0,723000 сек
  > B = 127, D =  15, MT = 0,593000 сек, RT = 0,137000 сек, WT = 0,730000 сек
  > B = 127, D =  16, MT = 0,570000 сек, RT = 0,141000 сек, WT = 0,711000 сек
  > B = 127, D =  17, MT = 0,559000 сек, RT = 0,139000 сек, WT = 0,698000 сек
  > B = 127, D =  18, MT = 0,574000 сек, RT = 0,137000 сек, WT = 0,711000 сек
  > B = 127, D =  19, MT = 0,584000 сек, RT = 0,142000 сек, WT = 0,726000 сек
  > B = 127, D =  20, MT = 0,563000 сек, RT = 0,140000 сек, WT = 0,703000 сек
  > B = 127, D =  21, MT = 0,576000 сек, RT = 0,141000 сек, WT = 0,717000 сек
  > B = 127, D =  22, MT = 0,573000 сек, RT = 0,144000 сек, WT = 0,717000 сек
  > B = 127, D =  23, MT = 0,591000 сек, RT = 0,140000 сек, WT = 0,731000 сек
  > B = 127, D =  24, MT = 0,565000 сек, RT = 0,139000 сек, WT = 0,704000 сек
  > B = 127, D =  25, MT = 0,594000 сек, RT = 0,139000 сек, WT = 0,733000 сек
  > B = 127, D =  26, MT = 0,591000 сек, RT = 0,141000 сек, WT = 0,732000 сек
  > B = 127, D =  27, MT = 0,603000 сек, RT = 0,139000 сек, WT = 0,742000 сек
  > B = 127, D =  28, MT = 0,586000 сек, RT = 0,142000 сек, WT = 0,728000 сек
  > B = 127, D =  29, MT = 0,599000 сек, RT = 0,145000 сек, WT = 0,744000 сек
  > B = 127, D =  30, MT = 0,615000 сек, RT = 0,139000 сек, WT = 0,754000 сек
  > B = 127, D =  31, MT = 0,615000 сек, RT = 0,139000 сек, WT = 0,754000 сек
  > B = 127, D =  32, MT = 0,635000 сек, RT = 0,143000 сек, WT = 0,778000 сек
  > B = 127, D =  33, MT = 0,622000 сек, RT = 0,143000 сек, WT = 0,765000 сек
  > B = 127, D =  34, MT = 0,628000 сек, RT = 0,143000 сек, WT = 0,771000 сек
  > B = 127, D =  35, MT = 0,643000 сек, RT = 0,143000 сек, WT = 0,786000 сек
  > B = 127, D =  36, MT = 0,624000 сек, RT = 0,138000 сек, WT = 0,762000 сек
  > B = 127, D =  37, MT = 0,622000 сек, RT = 0,141000 сек, WT = 0,763000 сек
  > B = 127, D =  38, MT = 0,626000 сек, RT = 0,142000 сек, WT = 0,768000 сек
  > B = 127, D =  39, MT = 0,654000 сек, RT = 0,140000 сек, WT = 0,794000 сек
  > B = 127, D =  40, MT = 0,631000 сек, RT = 0,142000 сек, WT = 0,773000 сек
  > B = 128, D =  10, MT = 0,628000 сек, RT = 0,031000 сек, WT = 0,659000 сек
  > B = 128, D =  11, MT = 0,674000 сек, RT = 0,048000 сек, WT = 0,722000 сек
  > B = 128, D =  12, MT = 0,580000 сек, RT = 0,023000 сек, WT = 0,603000 сек
  > B = 128, D =  13, MT = 0,586000 сек, RT = 0,046000 сек, WT = 0,632000 сек
  > B = 128, D =  14, MT = 0,595000 сек, RT = 0,030000 сек, WT = 0,625000 сек
  > B = 128, D =  15, MT = 0,590000 сек, RT = 0,050000 сек, WT = 0,640000 сек
  > B = 128, D =  16, MT = 0,570000 сек, RT = 0,017000 сек, WT = 0,587000 сек
  > B = 128, D =  17, MT = 0,564000 сек, RT = 0,048000 сек, WT = 0,612000 сек
  > B = 128, D =  18, MT = 0,570000 сек, RT = 0,031000 сек, WT = 0,601000 сек
  > B = 128, D =  19, MT = 0,591000 сек, RT = 0,048000 сек, WT = 0,639000 сек
  > B = 128, D =  20, MT = 0,571000 сек, RT = 0,022000 сек, WT = 0,593000 сек
  > B = 128, D =  21, MT = 0,587000 сек, RT = 0,049000 сек, WT = 0,636000 сек
  > B = 128, D =  22, MT = 0,584000 сек, RT = 0,033000 сек, WT = 0,617000 сек
  > B = 128, D =  23, MT = 0,600000 сек, RT = 0,049000 сек, WT = 0,649000 сек
  > B = 128, D =  24, MT = 0,575000 сек, RT = 0,021000 сек, WT = 0,596000 сек
  > B = 128, D =  25, MT = 0,604000 сек, RT = 0,048000 сек, WT = 0,652000 сек
  > B = 128, D =  26, MT = 0,594000 сек, RT = 0,031000 сек, WT = 0,625000 сек
  > B = 128, D =  27, MT = 0,623000 сек, RT = 0,051000 сек, WT = 0,674000 сек
  > B = 128, D =  28, MT = 0,597000 сек, RT = 0,023000 сек, WT = 0,620000 сек
  > B = 128, D =  29, MT = 0,604000 сек, RT = 0,049000 сек, WT = 0,653000 сек
  > B = 128, D =  30, MT = 0,620000 сек, RT = 0,032000 сек, WT = 0,652000 сек
  > B = 128, D =  31, MT = 0,630000 сек, RT = 0,048000 сек, WT = 0,678000 сек
  > B = 128, D =  32, MT = 0,716000 сек, RT = 0,017000 сек, WT = 0,733000 сек
  > B = 128, D =  33, MT = 0,644000 сек, RT = 0,052000 сек, WT = 0,696000 сек
  > B = 128, D =  34, MT = 0,660000 сек, RT = 0,034000 сек, WT = 0,694000 сек
  > B = 128, D =  35, MT = 0,669000 сек, RT = 0,054000 сек, WT = 0,723000 сек
  > B = 128, D =  36, MT = 0,644000 сек, RT = 0,025000 сек, WT = 0,669000 сек
  > B = 128, D =  37, MT = 0,645000 сек, RT = 0,052000 сек, WT = 0,697000 сек
  > B = 128, D =  38, MT = 0,667000 сек, RT = 0,033000 сек, WT = 0,700000 сек
  > B = 128, D =  39, MT = 0,688000 сек, RT = 0,047000 сек, WT = 0,735000 сек
  > B = 128, D =  40, MT = 0,650000 сек, RT = 0,019000 сек, WT = 0,669000 сек
  > B = 129, D =  10, MT = 0,636000 сек, RT = 0,101000 сек, WT = 0,737000 сек
  > B = 129, D =  11, MT = 0,668000 сек, RT = 0,101000 сек, WT = 0,769000 сек
  > B = 129, D =  12, MT = 0,576000 сек, RT = 0,081000 сек, WT = 0,657000 сек
  > B = 129, D =  13, MT = 0,574000 сек, RT = 0,100000 сек, WT = 0,674000 сек
  > B = 129, D =  14, MT = 0,601000 сек, RT = 0,100000 сек, WT = 0,701000 сек
  > B = 129, D =  15, MT = 0,591000 сек, RT = 0,085000 сек, WT = 0,676000 сек
  > B = 129, D =  16, MT = 0,582000 сек, RT = 0,100000 сек, WT = 0,682000 сек
  > B = 129, D =  17, MT = 0,560000 сек, RT = 0,100000 сек, WT = 0,660000 сек
  > B = 129, D =  18, MT = 0,574000 сек, RT = 0,079000 сек, WT = 0,653000 сек
  > B = 129, D =  19, MT = 0,611000 сек, RT = 0,109000 сек, WT = 0,720000 сек
  > B = 129, D =  20, MT = 0,566000 сек, RT = 0,105000 сек, WT = 0,671000 сек
  > B = 129, D =  21, MT = 0,586000 сек, RT = 0,085000 сек, WT = 0,671000 сек
  > B = 129, D =  22, MT = 0,585000 сек, RT = 0,102000 сек, WT = 0,687000 сек
  > B = 129, D =  23, MT = 0,601000 сек, RT = 0,103000 сек, WT = 0,704000 сек
  > B = 129, D =  24, MT = 0,558000 сек, RT = 0,080000 сек, WT = 0,638000 сек
  > B = 129, D =  25, MT = 0,610000 сек, RT = 0,105000 сек, WT = 0,715000 сек
  > B = 129, D =  26, MT = 0,592000 сек, RT = 0,104000 сек, WT = 0,696000 сек
  > B = 129, D =  27, MT = 0,592000 сек, RT = 0,081000 сек, WT = 0,673000 сек
  > B = 129, D =  28, MT = 0,579000 сек, RT = 0,103000 сек, WT = 0,682000 сек
  > B = 129, D =  29, MT = 0,602000 сек, RT = 0,102000 сек, WT = 0,704000 сек
  > B = 129, D =  30, MT = 0,613000 сек, RT = 0,080000 сек, WT = 0,693000 сек
  > B = 129, D =  31, MT = 0,616000 сек, RT = 0,106000 сек, WT = 0,722000 сек
  > B = 129, D =  32, MT = 0,675000 сек, RT = 0,101000 сек, WT = 0,776000 сек
  > B = 129, D =  33, MT = 0,633000 сек, RT = 0,084000 сек, WT = 0,717000 сек
  > B = 129, D =  34, MT = 0,633000 сек, RT = 0,106000 сек, WT = 0,739000 сек
  > B = 129, D =  35, MT = 0,629000 сек, RT = 0,104000 сек, WT = 0,733000 сек
  > B = 129, D =  36, MT = 0,630000 сек, RT = 0,082000 сек, WT = 0,712000 сек
  > B = 129, D =  37, MT = 0,633000 сек, RT = 0,111000 сек, WT = 0,744000 сек
  > B = 129, D =  38, MT = 0,620000 сек, RT = 0,105000 сек, WT = 0,725000 сек
  > B = 129, D =  39, MT = 0,642000 сек, RT = 0,084000 сек, WT = 0,726000 сек
  > B = 129, D =  40, MT = 0,626000 сек, RT = 0,101000 сек, WT = 0,727000 сек
  > B = 130, D =  10, MT = 0,620000 сек, RT = 0,058000 сек, WT = 0,678000 сек
  > B = 130, D =  11, MT = 0,677000 сек, RT = 0,089000 сек, WT = 0,766000 сек
  > B = 130, D =  12, MT = 0,576000 сек, RT = 0,071000 сек, WT = 0,647000 сек
  > B = 130, D =  13, MT = 0,576000 сек, RT = 0,060000 сек, WT = 0,636000 сек
  > B = 130, D =  14, MT = 0,581000 сек, RT = 0,071000 сек, WT = 0,652000 сек
  > B = 130, D =  15, MT = 0,587000 сек, RT = 0,061000 сек, WT = 0,648000 сек
  > B = 130, D =  16, MT = 0,567000 сек, RT = 0,071000 сек, WT = 0,638000 сек
  > B = 130, D =  17, MT = 0,557000 сек, RT = 0,090000 сек, WT = 0,647000 сек
  > B = 130, D =  18, MT = 0,566000 сек, RT = 0,070000 сек, WT = 0,636000 сек
  > B = 130, D =  19, MT = 0,579000 сек, RT = 0,091000 сек, WT = 0,670000 сек
  > B = 130, D =  20, MT = 0,553000 сек, RT = 0,058000 сек, WT = 0,611000 сек
  > B = 130, D =  21, MT = 0,590000 сек, RT = 0,085000 сек, WT = 0,675000 сек
  > B = 130, D =  22, MT = 0,581000 сек, RT = 0,078000 сек, WT = 0,659000 сек
  > B = 130, D =  23, MT = 0,600000 сек, RT = 0,091000 сек, WT = 0,691000 сек
  > B = 130, D =  24, MT = 0,562000 сек, RT = 0,070000 сек, WT = 0,632000 сек
  > B = 130, D =  25, MT = 0,589000 сек, RT = 0,062000 сек, WT = 0,651000 сек
  > B = 130, D =  26, MT = 0,590000 сек, RT = 0,060000 сек, WT = 0,650000 сек
  > B = 130, D =  27, MT = 0,601000 сек, RT = 0,087000 сек, WT = 0,688000 сек
  > B = 130, D =  28, MT = 0,590000 сек, RT = 0,072000 сек, WT = 0,662000 сек
  > B = 130, D =  29, MT = 0,601000 сек, RT = 0,091000 сек, WT = 0,692000 сек
  > B = 130, D =  30, MT = 0,610000 сек, RT = 0,058000 сек, WT = 0,668000 сек
  > B = 130, D =  31, MT = 0,629000 сек, RT = 0,092000 сек, WT = 0,721000 сек
  > B = 130, D =  32, MT = 0,676000 сек, RT = 0,072000 сек, WT = 0,748000 сек
  > B = 130, D =  33, MT = 0,636000 сек, RT = 0,090000 сек, WT = 0,726000 сек
  > B = 130, D =  34, MT = 0,623000 сек, RT = 0,072000 сек, WT = 0,695000 сек
  > B = 130, D =  35, MT = 0,637000 сек, RT = 0,063000 сек, WT = 0,700000 сек
  > B = 130, D =  36, MT = 0,620000 сек, RT = 0,073000 сек, WT = 0,693000 сек
  > B = 130, D =  37, MT = 0,637000 сек, RT = 0,091000 сек, WT = 0,728000 сек
  > B = 130, D =  38, MT = 0,632000 сек, RT = 0,073000 сек, WT = 0,705000 сек
  > B = 130, D =  39, MT = 0,659000 сек, RT = 0,058000 сек, WT = 0,717000 сек
  > B = 130, D =  40, MT = 0,629000 сек, RT = 0,059000 сек, WT = 0,688000 сек
  > B = 131, D =  10, MT = 0,638000 сек, RT = 0,132000 сек, WT = 0,770000 сек
  > B = 131, D =  11, MT = 0,658000 сек, RT = 0,132000 сек, WT = 0,790000 сек
  > B = 131, D =  12, MT = 0,573000 сек, RT = 0,133000 сек, WT = 0,706000 сек
  > B = 131, D =  13, MT = 0,579000 сек, RT = 0,137000 сек, WT = 0,716000 сек
  > B = 131, D =  14, MT = 0,583000 сек, RT = 0,132000 сек, WT = 0,715000 сек
  > B = 131, D =  15, MT = 0,585000 сек, RT = 0,134000 сек, WT = 0,719000 сек
  > B = 131, D =  16, MT = 0,556000 сек, RT = 0,134000 сек, WT = 0,690000 сек
  > B = 131, D =  17, MT = 0,555000 сек, RT = 0,134000 сек, WT = 0,689000 сек
  > B = 131, D =  18, MT = 0,563000 сек, RT = 0,133000 сек, WT = 0,696000 сек
  > B = 131, D =  19, MT = 0,576000 сек, RT = 0,135000 сек, WT = 0,711000 сек
  > B = 131, D =  20, MT = 0,558000 сек, RT = 0,137000 сек, WT = 0,695000 сек
  > B = 131, D =  21, MT = 0,571000 сек, RT = 0,135000 сек, WT = 0,706000 сек
  > B = 131, D =  22, MT = 0,566000 сек, RT = 0,135000 сек, WT = 0,701000 сек
  > B = 131, D =  23, MT = 0,582000 сек, RT = 0,137000 сек, WT = 0,719000 сек
  > B = 131, D =  24, MT = 0,556000 сек, RT = 0,133000 сек, WT = 0,689000 сек
  > B = 131, D =  25, MT = 0,589000 сек, RT = 0,135000 сек, WT = 0,724000 сек
  > B = 131, D =  26, MT = 0,583000 сек, RT = 0,132000 сек, WT = 0,715000 сек
  > B = 131, D =  27, MT = 0,595000 сек, RT = 0,137000 сек, WT = 0,732000 сек
  > B = 131, D =  28, MT = 0,584000 сек, RT = 0,136000 сек, WT = 0,720000 сек
  > B = 131, D =  29, MT = 0,589000 сек, RT = 0,137000 сек, WT = 0,726000 сек
  > B = 131, D =  30, MT = 0,595000 сек, RT = 0,136000 сек, WT = 0,731000 сек
  > B = 131, D =  31, MT = 0,616000 сек, RT = 0,134000 сек, WT = 0,750000 сек
  > B = 131, D =  32, MT = 0,635000 сек, RT = 0,134000 сек, WT = 0,769000 сек
  > B = 131, D =  33, MT = 0,624000 сек, RT = 0,136000 сек, WT = 0,760000 сек
  > B = 131, D =  34, MT = 0,616000 сек, RT = 0,137000 сек, WT = 0,753000 сек
  > B = 131, D =  35, MT = 0,634000 сек, RT = 0,135000 сек, WT = 0,769000 сек
  > B = 131, D =  36, MT = 0,621000 сек, RT = 0,137000 сек, WT = 0,758000 сек
  > B = 131, D =  37, MT = 0,622000 сек, RT = 0,138000 сек, WT = 0,760000 сек
  > B = 131, D =  38, MT = 0,618000 сек, RT = 0,137000 сек, WT = 0,755000 сек
  > B = 131, D =  39, MT = 0,643000 сек, RT = 0,138000 сек, WT = 0,781000 сек
  > B = 131, D =  40, MT = 0,625000 сек, RT = 0,134000 сек, WT = 0,759000 сек
  > B = 132, D =  10, MT = 0,640000 сек, RT = 0,080000 сек, WT = 0,720000 сек
  > B = 132, D =  11, MT = 0,654000 сек, RT = 0,071000 сек, WT = 0,725000 сек
  > B = 132, D =  12, MT = 0,573000 сек, RT = 0,067000 сек, WT = 0,640000 сек
  > B = 132, D =  13, MT = 0,592000 сек, RT = 0,097000 сек, WT = 0,689000 сек
  > B = 132, D =  14, MT = 0,580000 сек, RT = 0,081000 сек, WT = 0,661000 сек
  > B = 132, D =  15, MT = 0,584000 сек, RT = 0,077000 сек, WT = 0,661000 сек
  > B = 132, D =  16, MT = 0,554000 сек, RT = 0,072000 сек, WT = 0,626000 сек
  > B = 132, D =  17, MT = 0,551000 сек, RT = 0,098000 сек, WT = 0,649000 сек
  > B = 132, D =  18, MT = 0,571000 сек, RT = 0,070000 сек, WT = 0,641000 сек
  > B = 132, D =  19, MT = 0,572000 сек, RT = 0,096000 сек, WT = 0,668000 сек
  > B = 132, D =  20, MT = 0,547000 сек, RT = 0,072000 сек, WT = 0,619000 сек
  > B = 132, D =  21, MT = 0,575000 сек, RT = 0,076000 сек, WT = 0,651000 сек
  > B = 132, D =  22, MT = 0,571000 сек, RT = 0,068000 сек, WT = 0,639000 сек
  > B = 132, D =  23, MT = 0,589000 сек, RT = 0,100000 сек, WT = 0,689000 сек
  > B = 132, D =  24, MT = 0,555000 сек, RT = 0,067000 сек, WT = 0,622000 сек
  > B = 132, D =  25, MT = 0,592000 сек, RT = 0,097000 сек, WT = 0,689000 сек
  > B = 132, D =  26, MT = 0,588000 сек, RT = 0,083000 сек, WT = 0,671000 сек
  > B = 132, D =  27, MT = 0,583000 сек, RT = 0,078000 сек, WT = 0,661000 сек
  > B = 132, D =  28, MT = 0,573000 сек, RT = 0,072000 сек, WT = 0,645000 сек
  > B = 132, D =  29, MT = 0,589000 сек, RT = 0,102000 сек, WT = 0,691000 сек
  > B = 132, D =  30, MT = 0,595000 сек, RT = 0,071000 сек, WT = 0,666000 сек
  > B = 132, D =  31, MT = 0,613000 сек, RT = 0,099000 сек, WT = 0,712000 сек
  > B = 132, D =  32, MT = 0,627000 сек, RT = 0,072000 сек, WT = 0,699000 сек
  > B = 132, D =  33, MT = 0,642000 сек, RT = 0,069000 сек, WT = 0,711000 сек
  > B = 132, D =  34, MT = 0,643000 сек, RT = 0,087000 сек, WT = 0,730000 сек
  > B = 132, D =  35, MT = 0,653000 сек, RT = 0,100000 сек, WT = 0,753000 сек
  > B = 132, D =  36, MT = 0,638000 сек, RT = 0,070000 сек, WT = 0,708000 сек
  > B = 132, D =  37, MT = 0,662000 сек, RT = 0,103000 сек, WT = 0,765000 сек
  > B = 132, D =  38, MT = 0,632000 сек, RT = 0,085000 сек, WT = 0,717000 сек
  > B = 132, D =  39, MT = 0,671000 сек, RT = 0,082000 сек, WT = 0,753000 сек
  > B = 132, D =  40, MT = 0,646000 сек, RT = 0,076000 сек, WT = 0,722000 сек
  > B = 133, D =  10, MT = 0,651000 сек, RT = 0,246000 сек, WT = 0,897000 сек
  > B = 133, D =  11, MT = 0,687000 сек, RT = 0,248000 сек, WT = 0,935000 сек
  > B = 133, D =  12, MT = 0,591000 сек, RT = 0,234000 сек, WT = 0,825000 сек
  > B = 133, D =  13, MT = 0,600000 сек, RT = 0,245000 сек, WT = 0,845000 сек
  > B = 133, D =  14, MT = 0,591000 сек, RT = 0,217000 сек, WT = 0,808000 сек
  > B = 133, D =  15, MT = 0,594000 сек, RT = 0,246000 сек, WT = 0,840000 сек
  > B = 133, D =  16, MT = 0,555000 сек, RT = 0,246000 сек, WT = 0,801000 сек
  > B = 133, D =  17, MT = 0,565000 сек, RT = 0,247000 сек, WT = 0,812000 сек
  > B = 133, D =  18, MT = 0,573000 сек, RT = 0,245000 сек, WT = 0,818000 сек
  > B = 133, D =  19, MT = 0,588000 сек, RT = 0,220000 сек, WT = 0,808000 сек
  > B = 133, D =  20, MT = 0,556000 сек, RT = 0,246000 сек, WT = 0,802000 сек
  > B = 133, D =  21, MT = 0,581000 сек, RT = 0,220000 сек, WT = 0,801000 сек
  > B = 133, D =  22, MT = 0,587000 сек, RT = 0,246000 сек, WT = 0,833000 сек
  > B = 133, D =  23, MT = 0,607000 сек, RT = 0,241000 сек, WT = 0,848000 сек
  > B = 133, D =  24, MT = 0,563000 сек, RT = 0,246000 сек, WT = 0,809000 сек
  > B = 133, D =  25, MT = 0,603000 сек, RT = 0,253000 сек, WT = 0,856000 сек
  > B = 133, D =  26, MT = 0,598000 сек, RT = 0,249000 сек, WT = 0,847000 сек
  > B = 133, D =  27, MT = 0,592000 сек, RT = 0,247000 сек, WT = 0,839000 сек
  > B = 133, D =  28, MT = 0,581000 сек, RT = 0,222000 сек, WT = 0,803000 сек
  > B = 133, D =  29, MT = 0,596000 сек, RT = 0,249000 сек, WT = 0,845000 сек
  > B = 133, D =  30, MT = 0,612000 сек, RT = 0,248000 сек, WT = 0,860000 сек
  > B = 133, D =  31, MT = 0,629000 сек, RT = 0,255000 сек, WT = 0,884000 сек
  > B = 133, D =  32, MT = 0,672000 сек, RT = 0,252000 сек, WT = 0,924000 сек
  > B = 133, D =  33, MT = 0,682000 сек, RT = 0,251000 сек, WT = 0,933000 сек
  > B = 133, D =  34, MT = 0,643000 сек, RT = 0,273000 сек, WT = 0,916000 сек
  > B = 133, D =  35, MT = 0,629000 сек, RT = 0,219000 сек, WT = 0,848000 сек
  > B = 133, D =  36, MT = 0,624000 сек, RT = 0,242000 сек, WT = 0,866000 сек
  > B = 133, D =  37, MT = 0,612000 сек, RT = 0,247000 сек, WT = 0,859000 сек
  > B = 133, D =  38, MT = 0,618000 сек, RT = 0,213000 сек, WT = 0,831000 сек
  > B = 133, D =  39, MT = 0,621000 сек, RT = 0,243000 сек, WT = 0,864000 сек
  > B = 133, D =  40, MT = 0,606000 сек, RT = 0,242000 сек, WT = 0,848000 сек
  > B = 134, D =  10, MT = 0,622000 сек, RT = 0,056000 сек, WT = 0,678000 сек
  > B = 134, D =  11, MT = 0,663000 сек, RT = 0,072000 сек, WT = 0,735000 сек
  > B = 134, D =  12, MT = 0,599000 сек, RT = 0,056000 сек, WT = 0,655000 сек
  > B = 134, D =  13, MT = 0,602000 сек, RT = 0,079000 сек, WT = 0,681000 сек
  > B = 134, D =  14, MT = 0,766000 сек, RT = 0,060000 сек, WT = 0,826000 сек
  > B = 134, D =  15, MT = 0,638000 сек, RT = 0,102000 сек, WT = 0,740000 сек
  > B = 134, D =  16, MT = 0,595000 сек, RT = 0,061000 сек, WT = 0,656000 сек
  > B = 134, D =  17, MT = 0,596000 сек, RT = 0,082000 сек, WT = 0,678000 сек
  > B = 134, D =  18, MT = 0,586000 сек, RT = 0,061000 сек, WT = 0,647000 сек
  > B = 134, D =  19, MT = 0,605000 сек, RT = 0,074000 сек, WT = 0,679000 сек
  > B = 134, D =  20, MT = 0,561000 сек, RT = 0,063000 сек, WT = 0,624000 сек
  > B = 134, D =  21, MT = 0,577000 сек, RT = 0,080000 сек, WT = 0,657000 сек
  > B = 134, D =  22, MT = 0,588000 сек, RT = 0,059000 сек, WT = 0,647000 сек
  > B = 134, D =  23, MT = 0,603000 сек, RT = 0,081000 сек, WT = 0,684000 сек
  > B = 134, D =  24, MT = 0,559000 сек, RT = 0,061000 сек, WT = 0,620000 сек
  > B = 134, D =  25, MT = 0,582000 сек, RT = 0,076000 сек, WT = 0,658000 сек
  > B = 134, D =  26, MT = 0,577000 сек, RT = 0,058000 сек, WT = 0,635000 сек
  > B = 134, D =  27, MT = 0,584000 сек, RT = 0,076000 сек, WT = 0,660000 сек
  > B = 134, D =  28, MT = 0,565000 сек, RT = 0,058000 сек, WT = 0,623000 сек
  > B = 134, D =  29, MT = 0,595000 сек, RT = 0,075000 сек, WT = 0,670000 сек
  > B = 134, D =  30, MT = 0,615000 сек, RT = 0,062000 сек, WT = 0,677000 сек
  > B = 134, D =  31, MT = 0,640000 сек, RT = 0,072000 сек, WT = 0,712000 сек
  > B = 134, D =  32, MT = 0,620000 сек, RT = 0,062000 сек, WT = 0,682000 сек
  > B = 134, D =  33, MT = 0,629000 сек, RT = 0,074000 сек, WT = 0,703000 сек
  > B = 134, D =  34, MT = 0,623000 сек, RT = 0,059000 сек, WT = 0,682000 сек
  > B = 134, D =  35, MT = 0,653000 сек, RT = 0,082000 сек, WT = 0,735000 сек
  > B = 134, D =  36, MT = 0,615000 сек, RT = 0,064000 сек, WT = 0,679000 сек
  > B = 134, D =  37, MT = 0,620000 сек, RT = 0,076000 сек, WT = 0,696000 сек
  > B = 134, D =  38, MT = 0,641000 сек, RT = 0,064000 сек, WT = 0,705000 сек
  > B = 134, D =  39, MT = 0,662000 сек, RT = 0,080000 сек, WT = 0,742000 сек
  > B = 134, D =  40, MT = 0,631000 сек, RT = 0,063000 сек, WT = 0,694000 сек
  > B = 135, D =  10, MT = 0,640000 сек, RT = 0,030000 сек, WT = 0,670000 сек
  > B = 135, D =  11, MT = 0,668000 сек, RT = 0,054000 сек, WT = 0,722000 сек
  > B = 135, D =  12, MT = 0,592000 сек, RT = 0,036000 сек, WT = 0,628000 сек
  > B = 135, D =  13, MT = 0,574000 сек, RT = 0,055000 сек, WT = 0,629000 сек
  > B = 135, D =  14, MT = 0,569000 сек, RT = 0,056000 сек, WT = 0,625000 сек
  > B = 135, D =  15, MT = 0,575000 сек, RT = 0,027000 сек, WT = 0,602000 сек
  > B = 135, D =  16, MT = 0,565000 сек, RT = 0,056000 сек, WT = 0,621000 сек
  > B = 135, D =  17, MT = 0,552000 сек, RT = 0,061000 сек, WT = 0,613000 сек
  > B = 135, D =  18, MT = 0,555000 сек, RT = 0,028000 сек, WT = 0,583000 сек
  > B = 135, D =  19, MT = 0,597000 сек, RT = 0,057000 сек, WT = 0,654000 сек
  > B = 135, D =  20, MT = 0,544000 сек, RT = 0,030000 сек, WT = 0,574000 сек
  > B = 135, D =  21, MT = 0,592000 сек, RT = 0,037000 сек, WT = 0,629000 сек
  > B = 135, D =  22, MT = 0,578000 сек, RT = 0,057000 сек, WT = 0,635000 сек
  > B = 135, D =  23, MT = 0,568000 сек, RT = 0,058000 сек, WT = 0,626000 сек
  > B = 135, D =  24, MT = 0,558000 сек, RT = 0,036000 сек, WT = 0,594000 сек
  > B = 135, D =  25, MT = 0,575000 сек, RT = 0,031000 сек, WT = 0,606000 сек
  > B = 135, D =  26, MT = 0,576000 сек, RT = 0,057000 сек, WT = 0,633000 сек
  > B = 135, D =  27, MT = 0,588000 сек, RT = 0,029000 сек, WT = 0,617000 сек
  > B = 135, D =  28, MT = 0,568000 сек, RT = 0,060000 сек, WT = 0,628000 сек
  > B = 135, D =  29, MT = 0,583000 сек, RT = 0,060000 сек, WT = 0,643000 сек
  > B = 135, D =  30, MT = 0,600000 сек, RT = 0,029000 сек, WT = 0,629000 сек
  > B = 135, D =  31, MT = 0,609000 сек, RT = 0,060000 сек, WT = 0,669000 сек
  > B = 135, D =  32, MT = 0,649000 сек, RT = 0,060000 сек, WT = 0,709000 сек
  > B = 135, D =  33, MT = 0,635000 сек, RT = 0,036000 сек, WT = 0,671000 сек
  > B = 135, D =  34, MT = 0,638000 сек, RT = 0,061000 сек, WT = 0,699000 сек
  > B = 135, D =  35, MT = 0,656000 сек, RT = 0,033000 сек, WT = 0,689000 сек
  > B = 135, D =  36, MT = 0,611000 сек, RT = 0,031000 сек, WT = 0,642000 сек
  > B = 135, D =  37, MT = 0,635000 сек, RT = 0,064000 сек, WT = 0,699000 сек
  > B = 135, D =  38, MT = 0,608000 сек, RT = 0,060000 сек, WT = 0,668000 сек
  > B = 135, D =  39, MT = 0,618000 сек, RT = 0,037000 сек, WT = 0,655000 сек
  > B = 135, D =  40, MT = 0,604000 сек, RT = 0,030000 сек, WT = 0,634000 сек
  > B = 136, D =  10, MT = 0,622000 сек, RT = 0,120000 сек, WT = 0,742000 сек
  > B = 136, D =  11, MT = 0,667000 сек, RT = 0,137000 сек, WT = 0,804000 сек
  > B = 136, D =  12, MT = 0,581000 сек, RT = 0,112000 сек, WT = 0,693000 сек
  > B = 136, D =  13, MT = 0,604000 сек, RT = 0,144000 сек, WT = 0,748000 сек
  > B = 136, D =  14, MT = 0,605000 сек, RT = 0,128000 сек, WT = 0,733000 сек
  > B = 136, D =  15, MT = 0,590000 сек, RT = 0,141000 сек, WT = 0,731000 сек
  > B = 136, D =  16, MT = 0,544000 сек, RT = 0,109000 сек, WT = 0,653000 сек
  > B = 136, D =  17, MT = 0,555000 сек, RT = 0,112000 сек, WT = 0,667000 сек
  > B = 136, D =  18, MT = 0,592000 сек, RT = 0,127000 сек, WT = 0,719000 сек
  > B = 136, D =  19, MT = 0,623000 сек, RT = 0,142000 сек, WT = 0,765000 сек
  > B = 136, D =  20, MT = 0,582000 сек, RT = 0,124000 сек, WT = 0,706000 сек
  > B = 136, D =  21, MT = 0,609000 сек, RT = 0,146000 сек, WT = 0,755000 сек
  > B = 136, D =  22, MT = 0,616000 сек, RT = 0,137000 сек, WT = 0,753000 сек
  > B = 136, D =  23, MT = 0,588000 сек, RT = 0,146000 сек, WT = 0,734000 сек
  > B = 136, D =  24, MT = 0,593000 сек, RT = 0,117000 сек, WT = 0,710000 сек
  > B = 136, D =  25, MT = 0,602000 сек, RT = 0,145000 сек, WT = 0,747000 сек
  > B = 136, D =  26, MT = 0,633000 сек, RT = 0,123000 сек, WT = 0,756000 сек
  > B = 136, D =  27, MT = 0,647000 сек, RT = 0,172000 сек, WT = 0,819000 сек
  > B = 136, D =  28, MT = 0,613000 сек, RT = 0,130000 сек, WT = 0,743000 сек
  > B = 136, D =  29, MT = 0,611000 сек, RT = 0,150000 сек, WT = 0,761000 сек
  > B = 136, D =  30, MT = 0,587000 сек, RT = 0,122000 сек, WT = 0,709000 сек
  > B = 136, D =  31, MT = 0,598000 сек, RT = 0,139000 сек, WT = 0,737000 сек
  > B = 136, D =  32, MT = 0,610000 сек, RT = 0,110000 сек, WT = 0,720000 сек
  > B = 136, D =  33, MT = 0,628000 сек, RT = 0,137000 сек, WT = 0,765000 сек
  > B = 136, D =  34, MT = 0,616000 сек, RT = 0,107000 сек, WT = 0,723000 сек
  > B = 136, D =  35, MT = 0,625000 сек, RT = 0,141000 сек, WT = 0,766000 сек
  > B = 136, D =  36, MT = 0,601000 сек, RT = 0,113000 сек, WT = 0,714000 сек
  > B = 136, D =  37, MT = 0,608000 сек, RT = 0,142000 сек, WT = 0,750000 сек
  > B = 136, D =  38, MT = 0,605000 сек, RT = 0,122000 сек, WT = 0,727000 сек
  > B = 136, D =  39, MT = 0,618000 сек, RT = 0,139000 сек, WT = 0,757000 сек
  > B = 136, D =  40, MT = 0,604000 сек, RT = 0,109000 сек, WT = 0,713000 сек
  > B = 137, D =  10, MT = 0,623000 сек, RT = 0,120000 сек, WT = 0,743000 сек
  > B = 137, D =  11, MT = 0,654000 сек, RT = 0,119000 сек, WT = 0,773000 сек
  > B = 137, D =  12, MT = 0,567000 сек, RT = 0,120000 сек, WT = 0,687000 сек
  > B = 137, D =  13, MT = 0,577000 сек, RT = 0,119000 сек, WT = 0,696000 сек
  > B = 137, D =  14, MT = 0,570000 сек, RT = 0,119000 сек, WT = 0,689000 сек
  > B = 137, D =  15, MT = 0,586000 сек, RT = 0,119000 сек, WT = 0,705000 сек
  > B = 137, D =  16, MT = 0,544000 сек, RT = 0,119000 сек, WT = 0,663000 сек
  > B = 137, D =  17, MT = 0,555000 сек, RT = 0,120000 сек, WT = 0,675000 сек
  > B = 137, D =  18, MT = 0,551000 сек, RT = 0,115000 сек, WT = 0,666000 сек
  > B = 137, D =  19, MT = 0,580000 сек, RT = 0,120000 сек, WT = 0,700000 сек
  > B = 137, D =  20, MT = 0,545000 сек, RT = 0,120000 сек, WT = 0,665000 сек
  > B = 137, D =  21, MT = 0,554000 сек, RT = 0,121000 сек, WT = 0,675000 сек
  > B = 137, D =  22, MT = 0,564000 сек, RT = 0,120000 сек, WT = 0,684000 сек
  > B = 137, D =  23, MT = 0,588000 сек, RT = 0,121000 сек, WT = 0,709000 сек
  > B = 137, D =  24, MT = 0,536000 сек, RT = 0,123000 сек, WT = 0,659000 сек
  > B = 137, D =  25, MT = 0,568000 сек, RT = 0,121000 сек, WT = 0,689000 сек
  > B = 137, D =  26, MT = 0,590000 сек, RT = 0,120000 сек, WT = 0,710000 сек
  > B = 137, D =  27, MT = 0,596000 сек, RT = 0,119000 сек, WT = 0,715000 сек
  > B = 137, D =  28, MT = 0,565000 сек, RT = 0,121000 сек, WT = 0,686000 сек
  > B = 137, D =  29, MT = 0,585000 сек, RT = 0,122000 сек, WT = 0,707000 сек
  > B = 137, D =  30, MT = 0,584000 сек, RT = 0,121000 сек, WT = 0,705000 сек
  > B = 137, D =  31, MT = 0,594000 сек, RT = 0,121000 сек, WT = 0,715000 сек
  > B = 137, D =  32, MT = 0,618000 сек, RT = 0,120000 сек, WT = 0,738000 сек
  > B = 137, D =  33, MT = 0,626000 сек, RT = 0,122000 сек, WT = 0,748000 сек
  > B = 137, D =  34, MT = 0,642000 сек, RT = 0,119000 сек, WT = 0,761000 сек
  > B = 137, D =  35, MT = 0,633000 сек, RT = 0,126000 сек, WT = 0,759000 сек
  > B = 137, D =  36, MT = 0,624000 сек, RT = 0,127000 сек, WT = 0,751000 сек
  > B = 137, D =  37, MT = 0,621000 сек, RT = 0,125000 сек, WT = 0,746000 сек
  > B = 137, D =  38, MT = 0,634000 сек, RT = 0,121000 сек, WT = 0,755000 сек
  > B = 137, D =  39, MT = 0,628000 сек, RT = 0,122000 сек, WT = 0,750000 сек
  > B = 137, D =  40, MT = 0,604000 сек, RT = 0,121000 сек, WT = 0,725000 сек
  > B = 138, D =  10, MT = 0,618000 сек, RT = 0,049000 сек, WT = 0,667000 сек
  > B = 138, D =  11, MT = 0,655000 сек, RT = 0,065000 сек, WT = 0,720000 сек
  > B = 138, D =  12, MT = 0,571000 сек, RT = 0,039000 сек, WT = 0,610000 сек
  > B = 138, D =  13, MT = 0,573000 сек, RT = 0,067000 сек, WT = 0,640000 сек
  > B = 138, D =  14, MT = 0,596000 сек, RT = 0,051000 сек, WT = 0,647000 сек
  > B = 138, D =  15, MT = 0,630000 сек, RT = 0,048000 сек, WT = 0,678000 сек
  > B = 138, D =  16, MT = 0,585000 сек, RT = 0,065000 сек, WT = 0,650000 сек
  > B = 138, D =  17, MT = 0,598000 сек, RT = 0,075000 сек, WT = 0,673000 сек
  > B = 138, D =  18, MT = 0,573000 сек, RT = 0,041000 сек, WT = 0,614000 сек
  > B = 138, D =  19, MT = 0,612000 сек, RT = 0,070000 сек, WT = 0,682000 сек
  > B = 138, D =  20, MT = 0,556000 сек, RT = 0,052000 сек, WT = 0,608000 сек
  > B = 138, D =  21, MT = 0,578000 сек, RT = 0,047000 сек, WT = 0,625000 сек
  > B = 138, D =  22, MT = 0,614000 сек, RT = 0,049000 сек, WT = 0,663000 сек
  > B = 138, D =  23, MT = 0,607000 сек, RT = 0,041000 сек, WT = 0,648000 сек
  > B = 138, D =  24, MT = 0,567000 сек, RT = 0,041000 сек, WT = 0,608000 сек
  > B = 138, D =  25, MT = 0,630000 сек, RT = 0,068000 сек, WT = 0,698000 сек
  > B = 138, D =  26, MT = 0,602000 сек, RT = 0,055000 сек, WT = 0,657000 сек
  > B = 138, D =  27, MT = 0,619000 сек, RT = 0,047000 сек, WT = 0,666000 сек
  > B = 138, D =  28, MT = 0,579000 сек, RT = 0,056000 сек, WT = 0,635000 сек
  > B = 138, D =  29, MT = 0,589000 сек, RT = 0,068000 сек, WT = 0,657000 сек
  > B = 138, D =  30, MT = 0,596000 сек, RT = 0,039000 сек, WT = 0,635000 сек
  > B = 138, D =  31, MT = 0,605000 сек, RT = 0,066000 сек, WT = 0,671000 сек
  > B = 138, D =  32, MT = 0,615000 сек, RT = 0,050000 сек, WT = 0,665000 сек
  > B = 138, D =  33, MT = 0,639000 сек, RT = 0,044000 сек, WT = 0,683000 сек
  > B = 138, D =  34, MT = 0,623000 сек, RT = 0,048000 сек, WT = 0,671000 сек
  > B = 138, D =  35, MT = 0,641000 сек, RT = 0,069000 сек, WT = 0,710000 сек
  > B = 138, D =  36, MT = 0,618000 сек, RT = 0,038000 сек, WT = 0,656000 сек
  > B = 138, D =  37, MT = 0,615000 сек, RT = 0,066000 сек, WT = 0,681000 сек
  > B = 138, D =  38, MT = 0,628000 сек, RT = 0,051000 сек, WT = 0,679000 сек
  > B = 138, D =  39, MT = 0,640000 сек, RT = 0,044000 сек, WT = 0,684000 сек
  > B = 138, D =  40, MT = 0,615000 сек, RT = 0,051000 сек, WT = 0,666000 сек
  > B = 139, D =  10, MT = 0,654000 сек, RT = 0,103000 сек, WT = 0,757000 сек
  > B = 139, D =  11, MT = 0,677000 сек, RT = 0,110000 сек, WT = 0,787000 сек
  > B = 139, D =  12, MT = 0,612000 сек, RT = 0,108000 сек, WT = 0,720000 сек
  > B = 139, D =  13, MT = 0,604000 сек, RT = 0,110000 сек, WT = 0,714000 сек
  > B = 139, D =  14, MT = 0,584000 сек, RT = 0,111000 сек, WT = 0,695000 сек
  > B = 139, D =  15, MT = 0,622000 сек, RT = 0,117000 сек, WT = 0,739000 сек
  > B = 139, D =  16, MT = 0,558000 сек, RT = 0,110000 сек, WT = 0,668000 сек
  > B = 139, D =  17, MT = 0,567000 сек, RT = 0,105000 сек, WT = 0,672000 сек
  > B = 139, D =  18, MT = 0,553000 сек, RT = 0,105000 сек, WT = 0,658000 сек
  > B = 139, D =  19, MT = 0,584000 сек, RT = 0,107000 сек, WT = 0,691000 сек
  > B = 139, D =  20, MT = 0,547000 сек, RT = 0,106000 сек, WT = 0,653000 сек
  > B = 139, D =  21, MT = 0,557000 сек, RT = 0,105000 сек, WT = 0,662000 сек
  > B = 139, D =  22, MT = 0,573000 сек, RT = 0,104000 сек, WT = 0,677000 сек
  > B = 139, D =  23, MT = 0,590000 сек, RT = 0,104000 сек, WT = 0,694000 сек
  > B = 139, D =  24, MT = 0,557000 сек, RT = 0,107000 сек, WT = 0,664000 сек
  > B = 139, D =  25, MT = 0,576000 сек, RT = 0,108000 сек, WT = 0,684000 сек
  > B = 139, D =  26, MT = 0,600000 сек, RT = 0,105000 сек, WT = 0,705000 сек
  > B = 139, D =  27, MT = 0,590000 сек, RT = 0,104000 сек, WT = 0,694000 сек
  > B = 139, D =  28, MT = 0,572000 сек, RT = 0,105000 сек, WT = 0,677000 сек
  > B = 139, D =  29, MT = 0,587000 сек, RT = 0,106000 сек, WT = 0,693000 сек
  > B = 139, D =  30, MT = 0,590000 сек, RT = 0,106000 сек, WT = 0,696000 сек
  > B = 139, D =  31, MT = 0,607000 сек, RT = 0,109000 сек, WT = 0,716000 сек
  > B = 139, D =  32, MT = 0,625000 сек, RT = 0,105000 сек, WT = 0,730000 сек
  > B = 139, D =  33, MT = 0,639000 сек, RT = 0,105000 сек, WT = 0,744000 сек
  > B = 139, D =  34, MT = 0,647000 сек, RT = 0,104000 сек, WT = 0,751000 сек
  > B = 139, D =  35, MT = 0,630000 сек, RT = 0,109000 сек, WT = 0,739000 сек
  > B = 139, D =  36, MT = 0,609000 сек, RT = 0,105000 сек, WT = 0,714000 сек
  > B = 139, D =  37, MT = 0,614000 сек, RT = 0,104000 сек, WT = 0,718000 сек
  > B = 139, D =  38, MT = 0,615000 сек, RT = 0,107000 сек, WT = 0,722000 сек
  > B = 139, D =  39, MT = 0,617000 сек, RT = 0,107000 сек, WT = 0,724000 сек
  > B = 139, D =  40, MT = 0,608000 сек, RT = 0,106000 сек, WT = 0,714000 сек
  > B = 140, D =  10, MT = 0,631000 сек, RT = 0,021000 сек, WT = 0,652000 сек
  > B = 140, D =  11, MT = 0,685000 сек, RT = 0,054000 сек, WT = 0,739000 сек
  > B = 140, D =  12, MT = 0,596000 сек, RT = 0,026000 сек, WT = 0,622000 сек
  > B = 140, D =  13, MT = 0,584000 сек, RT = 0,051000 сек, WT = 0,635000 сек
  > B = 140, D =  14, MT = 0,591000 сек, RT = 0,022000 сек, WT = 0,613000 сек
  > B = 140, D =  15, MT = 0,617000 сек, RT = 0,026000 сек, WT = 0,643000 сек
  > B = 140, D =  16, MT = 0,568000 сек, RT = 0,029000 сек, WT = 0,597000 сек
  > B = 140, D =  17, MT = 0,587000 сек, RT = 0,055000 сек, WT = 0,642000 сек
  > B = 140, D =  18, MT = 0,567000 сек, RT = 0,035000 сек, WT = 0,602000 сек
  > B = 140, D =  19, MT = 0,599000 сек, RT = 0,055000 сек, WT = 0,654000 сек
  > B = 140, D =  20, MT = 0,566000 сек, RT = 0,022000 сек, WT = 0,588000 сек
  > B = 140, D =  21, MT = 0,603000 сек, RT = 0,031000 сек, WT = 0,634000 сек
  > B = 140, D =  22, MT = 0,586000 сек, RT = 0,037000 сек, WT = 0,623000 сек
  > B = 140, D =  23, MT = 0,620000 сек, RT = 0,053000 сек, WT = 0,673000 сек
  > B = 140, D =  24, MT = 0,575000 сек, RT = 0,029000 сек, WT = 0,604000 сек
  > B = 140, D =  25, MT = 0,604000 сек, RT = 0,026000 сек, WT = 0,630000 сек
  > B = 140, D =  26, MT = 0,594000 сек, RT = 0,036000 сек, WT = 0,630000 сек
  > B = 140, D =  27, MT = 0,612000 сек, RT = 0,055000 сек, WT = 0,667000 сек
  > B = 140, D =  28, MT = 0,628000 сек, RT = 0,020000 сек, WT = 0,648000 сек
  > B = 140, D =  29, MT = 0,643000 сек, RT = 0,054000 сек, WT = 0,697000 сек
  > B = 140, D =  30, MT = 0,640000 сек, RT = 0,039000 сек, WT = 0,679000 сек
  > B = 140, D =  31, MT = 0,646000 сек, RT = 0,057000 сек, WT = 0,703000 сек
  > B = 140, D =  32, MT = 0,649000 сек, RT = 0,028000 сек, WT = 0,677000 сек
  > B = 140, D =  33, MT = 0,670000 сек, RT = 0,051000 сек, WT = 0,721000 сек
  > B = 140, D =  34, MT = 0,693000 сек, RT = 0,037000 сек, WT = 0,730000 сек
  > B = 140, D =  35, MT = 0,684000 сек, RT = 0,023000 сек, WT = 0,707000 сек
  > B = 140, D =  36, MT = 0,653000 сек, RT = 0,027000 сек, WT = 0,680000 сек
  > B = 140, D =  37, MT = 0,677000 сек, RT = 0,057000 сек, WT = 0,734000 сек
  > B = 140, D =  38, MT = 0,707000 сек, RT = 0,041000 сек, WT = 0,748000 сек
  > B = 140, D =  39, MT = 0,700000 сек, RT = 0,057000 сек, WT = 0,757000 сек
  > B = 140, D =  40, MT = 0,692000 сек, RT = 0,033000 сек, WT = 0,725000 сек
  > B = 141, D =  10, MT = 0,708000 сек, RT = 0,124000 сек, WT = 0,832000 сек
  > B = 141, D =  11, MT = 0,735000 сек, RT = 0,128000 сек, WT = 0,863000 сек
  > B = 141, D =  12, MT = 0,635000 сек, RT = 0,092000 сек, WT = 0,727000 сек
  > B = 141, D =  13, MT = 0,631000 сек, RT = 0,117000 сек, WT = 0,748000 сек
  > B = 141, D =  14, MT = 0,644000 сек, RT = 0,110000 сек, WT = 0,754000 сек
  > B = 141, D =  15, MT = 0,618000 сек, RT = 0,095000 сек, WT = 0,713000 сек
  > B = 141, D =  16, MT = 0,617000 сек, RT = 0,107000 сек, WT = 0,724000 сек
  > B = 141, D =  17, MT = 0,599000 сек, RT = 0,109000 сек, WT = 0,708000 сек
  > B = 141, D =  18, MT = 0,585000 сек, RT = 0,088000 сек, WT = 0,673000 сек
  > B = 141, D =  19, MT = 0,651000 сек, RT = 0,108000 сек, WT = 0,759000 сек
  > B = 141, D =  20, MT = 0,579000 сек, RT = 0,106000 сек, WT = 0,685000 сек
  > B = 141, D =  21, MT = 0,586000 сек, RT = 0,084000 сек, WT = 0,670000 сек
  > B = 141, D =  22, MT = 0,598000 сек, RT = 0,106000 сек, WT = 0,704000 сек
  > B = 141, D =  23, MT = 0,616000 сек, RT = 0,108000 сек, WT = 0,724000 сек
  > B = 141, D =  24, MT = 0,573000 сек, RT = 0,095000 сек, WT = 0,668000 сек
  > B = 141, D =  25, MT = 0,609000 сек, RT = 0,107000 сек, WT = 0,716000 сек
  > B = 141, D =  26, MT = 0,610000 сек, RT = 0,107000 сек, WT = 0,717000 сек
  > B = 141, D =  27, MT = 0,627000 сек, RT = 0,084000 сек, WT = 0,711000 сек
  > B = 141, D =  28, MT = 0,602000 сек, RT = 0,104000 сек, WT = 0,706000 сек
  > B = 141, D =  29, MT = 0,608000 сек, RT = 0,109000 сек, WT = 0,717000 сек
  > B = 141, D =  30, MT = 0,609000 сек, RT = 0,084000 сек, WT = 0,693000 сек
  > B = 141, D =  31, MT = 0,621000 сек, RT = 0,109000 сек, WT = 0,730000 сек
  > B = 141, D =  32, MT = 0,636000 сек, RT = 0,107000 сек, WT = 0,743000 сек
  > B = 141, D =  33, MT = 0,648000 сек, RT = 0,084000 сек, WT = 0,732000 сек
  > B = 141, D =  34, MT = 0,652000 сек, RT = 0,105000 сек, WT = 0,757000 сек
  > B = 141, D =  35, MT = 0,670000 сек, RT = 0,106000 сек, WT = 0,776000 сек
  > B = 141, D =  36, MT = 0,642000 сек, RT = 0,084000 сек, WT = 0,726000 сек
  > B = 141, D =  37, MT = 0,647000 сек, RT = 0,108000 сек, WT = 0,755000 сек
  > B = 141, D =  38, MT = 0,642000 сек, RT = 0,109000 сек, WT = 0,751000 сек
  > B = 141, D =  39, MT = 0,651000 сек, RT = 0,086000 сек, WT = 0,737000 сек
  > B = 141, D =  40, MT = 0,627000 сек, RT = 0,107000 сек, WT = 0,734000 сек
  > B = 142, D =  10, MT = 0,654000 сек, RT = 0,061000 сек, WT = 0,715000 сек
  > B = 142, D =  11, MT = 0,683000 сек, RT = 0,079000 сек, WT = 0,762000 сек
  > B = 142, D =  12, MT = 0,596000 сек, RT = 0,062000 сек, WT = 0,658000 сек
  > B = 142, D =  13, MT = 0,590000 сек, RT = 0,079000 сек, WT = 0,669000 сек
  > B = 142, D =  14, MT = 0,617000 сек, RT = 0,061000 сек, WT = 0,678000 сек
  > B = 142, D =  15, MT = 0,628000 сек, RT = 0,080000 сек, WT = 0,708000 сек
  > B = 142, D =  16, MT = 0,583000 сек, RT = 0,066000 сек, WT = 0,649000 сек
  > B = 142, D =  17, MT = 0,585000 сек, RT = 0,079000 сек, WT = 0,664000 сек
  > B = 142, D =  18, MT = 0,587000 сек, RT = 0,064000 сек, WT = 0,651000 сек
  > B = 142, D =  19, MT = 0,598000 сек, RT = 0,080000 сек, WT = 0,678000 сек
  > B = 142, D =  20, MT = 0,580000 сек, RT = 0,063000 сек, WT = 0,643000 сек
  > B = 142, D =  21, MT = 0,578000 сек, RT = 0,080000 сек, WT = 0,658000 сек
  > B = 142, D =  22, MT = 0,583000 сек, RT = 0,062000 сек, WT = 0,645000 сек
  > B = 142, D =  23, MT = 0,607000 сек, RT = 0,078000 сек, WT = 0,685000 сек
  > B = 142, D =  24, MT = 0,572000 сек, RT = 0,063000 сек, WT = 0,635000 сек
  > B = 142, D =  25, MT = 0,596000 сек, RT = 0,079000 сек, WT = 0,675000 сек
  > B = 142, D =  26, MT = 0,598000 сек, RT = 0,064000 сек, WT = 0,662000 сек
  > B = 142, D =  27, MT = 0,638000 сек, RT = 0,079000 сек, WT = 0,717000 сек
  > B = 142, D =  28, MT = 0,604000 сек, RT = 0,062000 сек, WT = 0,666000 сек
  > B = 142, D =  29, MT = 0,610000 сек, RT = 0,081000 сек, WT = 0,691000 сек
  > B = 142, D =  30, MT = 0,614000 сек, RT = 0,062000 сек, WT = 0,676000 сек
  > B = 142, D =  31, MT = 0,620000 сек, RT = 0,080000 сек, WT = 0,700000 сек
  > B = 142, D =  32, MT = 0,634000 сек, RT = 0,063000 сек, WT = 0,697000 сек
  > B = 142, D =  33, MT = 0,649000 сек, RT = 0,078000 сек, WT = 0,727000 сек
  > B = 142, D =  34, MT = 0,658000 сек, RT = 0,061000 сек, WT = 0,719000 сек
  > B = 142, D =  35, MT = 0,674000 сек, RT = 0,082000 сек, WT = 0,756000 сек
  > B = 142, D =  36, MT = 0,658000 сек, RT = 0,064000 сек, WT = 0,722000 сек
  > B = 142, D =  37, MT = 0,658000 сек, RT = 0,082000 сек, WT = 0,740000 сек
  > B = 142, D =  38, MT = 0,642000 сек, RT = 0,064000 сек, WT = 0,706000 сек
  > B = 142, D =  39, MT = 0,645000 сек, RT = 0,081000 сек, WT = 0,726000 сек
  > B = 142, D =  40, MT = 0,641000 сек, RT = 0,063000 сек, WT = 0,704000 сек
  > B = 143, D =  10, MT = 0,672000 сек, RT = 0,140000 сек, WT = 0,812000 сек
  > B = 143, D =  11, MT = 0,677000 сек, RT = 0,114000 сек, WT = 0,791000 сек
  > B = 143, D =  12, MT = 0,602000 сек, RT = 0,141000 сек, WT = 0,743000 сек
  > B = 143, D =  13, MT = 0,588000 сек, RT = 0,115000 сек, WT = 0,703000 сек
  > B = 143, D =  14, MT = 0,606000 сек, RT = 0,139000 сек, WT = 0,745000 сек
  > B = 143, D =  15, MT = 0,604000 сек, RT = 0,142000 сек, WT = 0,746000 сек
  > B = 143, D =  16, MT = 0,563000 сек, RT = 0,142000 сек, WT = 0,705000 сек
  > B = 143, D =  17, MT = 0,579000 сек, RT = 0,142000 сек, WT = 0,721000 сек
  > B = 143, D =  18, MT = 0,573000 сек, RT = 0,141000 сек, WT = 0,714000 сек
  > B = 143, D =  19, MT = 0,598000 сек, RT = 0,144000 сек, WT = 0,742000 сек
  > B = 143, D =  20, MT = 0,587000 сек, RT = 0,142000 сек, WT = 0,729000 сек
  > B = 143, D =  21, MT = 0,596000 сек, RT = 0,160000 сек, WT = 0,756000 сек
  > B = 143, D =  22, MT = 0,604000 сек, RT = 0,116000 сек, WT = 0,720000 сек
  > B = 143, D =  23, MT = 0,606000 сек, RT = 0,143000 сек, WT = 0,749000 сек
  > B = 143, D =  24, MT = 0,571000 сек, RT = 0,146000 сек, WT = 0,717000 сек
  > B = 143, D =  25, MT = 0,593000 сек, RT = 0,144000 сек, WT = 0,737000 сек
  > B = 143, D =  26, MT = 0,594000 сек, RT = 0,113000 сек, WT = 0,707000 сек
  > B = 143, D =  27, MT = 0,610000 сек, RT = 0,142000 сек, WT = 0,752000 сек
  > B = 143, D =  28, MT = 0,608000 сек, RT = 0,140000 сек, WT = 0,748000 сек
  > B = 143, D =  29, MT = 0,611000 сек, RT = 0,149000 сек, WT = 0,760000 сек
  > B = 143, D =  30, MT = 0,631000 сек, RT = 0,141000 сек, WT = 0,772000 сек
  > B = 143, D =  31, MT = 0,649000 сек, RT = 0,150000 сек, WT = 0,799000 сек
  > B = 143, D =  32, MT = 0,649000 сек, RT = 0,148000 сек, WT = 0,797000 сек
  > B = 143, D =  33, MT = 0,648000 сек, RT = 0,116000 сек, WT = 0,764000 сек
  > B = 143, D =  34, MT = 0,635000 сек, RT = 0,135000 сек, WT = 0,770000 сек
  > B = 143, D =  35, MT = 0,651000 сек, RT = 0,137000 сек, WT = 0,788000 сек
  > B = 143, D =  36, MT = 0,630000 сек, RT = 0,139000 сек, WT = 0,769000 сек
  > B = 143, D =  37, MT = 0,626000 сек, RT = 0,144000 сек, WT = 0,770000 сек
  > B = 143, D =  38, MT = 0,619000 сек, RT = 0,144000 сек, WT = 0,763000 сек
  > B = 143, D =  39, MT = 0,649000 сек, RT = 0,113000 сек, WT = 0,762000 сек
  > B = 143, D =  40, MT = 0,628000 сек, RT = 0,146000 сек, WT = 0,774000 сек
  > B = 144, D =  10, MT = 0,656000 сек, RT = 0,082000 сек, WT = 0,738000 сек
  > B = 144, D =  11, MT = 0,662000 сек, RT = 0,100000 сек, WT = 0,762000 сек
  > B = 144, D =  12, MT = 0,563000 сек, RT = 0,065000 сек, WT = 0,628000 сек
  > B = 144, D =  13, MT = 0,593000 сек, RT = 0,097000 сек, WT = 0,690000 сек
  > B = 144, D =  14, MT = 0,588000 сек, RT = 0,083000 сек, WT = 0,671000 сек
  > B = 144, D =  15, MT = 0,603000 сек, RT = 0,080000 сек, WT = 0,683000 сек
  > B = 144, D =  16, MT = 0,576000 сек, RT = 0,067000 сек, WT = 0,643000 сек
  > B = 144, D =  17, MT = 0,572000 сек, RT = 0,096000 сек, WT = 0,668000 сек
  > B = 144, D =  18, MT = 0,571000 сек, RT = 0,085000 сек, WT = 0,656000 сек
  > B = 144, D =  19, MT = 0,596000 сек, RT = 0,101000 сек, WT = 0,697000 сек
  > B = 144, D =  20, MT = 0,563000 сек, RT = 0,070000 сек, WT = 0,633000 сек
  > B = 144, D =  21, MT = 0,588000 сек, RT = 0,079000 сек, WT = 0,667000 сек
  > B = 144, D =  22, MT = 0,643000 сек, RT = 0,082000 сек, WT = 0,725000 сек
  > B = 144, D =  23, MT = 0,632000 сек, RT = 0,102000 сек, WT = 0,734000 сек
  > B = 144, D =  24, MT = 0,586000 сек, RT = 0,067000 сек, WT = 0,653000 сек
  > B = 144, D =  25, MT = 0,606000 сек, RT = 0,099000 сек, WT = 0,705000 сек
  > B = 144, D =  26, MT = 0,586000 сек, RT = 0,084000 сек, WT = 0,670000 сек
  > B = 144, D =  27, MT = 0,652000 сек, RT = 0,072000 сек, WT = 0,724000 сек
  > B = 144, D =  28, MT = 0,592000 сек, RT = 0,075000 сек, WT = 0,667000 сек
  > B = 144, D =  29, MT = 0,592000 сек, RT = 0,102000 сек, WT = 0,694000 сек
  > B = 144, D =  30, MT = 0,626000 сек, RT = 0,071000 сек, WT = 0,697000 сек
  > B = 144, D =  31, MT = 0,614000 сек, RT = 0,108000 сек, WT = 0,722000 сек
  > B = 144, D =  32, MT = 0,669000 сек, RT = 0,065000 сек, WT = 0,734000 сек
  > B = 144, D =  33, MT = 0,645000 сек, RT = 0,083000 сек, WT = 0,728000 сек
  > B = 144, D =  34, MT = 0,645000 сек, RT = 0,080000 сек, WT = 0,725000 сек
  > B = 144, D =  35, MT = 0,656000 сек, RT = 0,098000 сек, WT = 0,754000 сек
  > B = 144, D =  36, MT = 0,635000 сек, RT = 0,068000 сек, WT = 0,703000 сек
  > B = 144, D =  37, MT = 0,644000 сек, RT = 0,107000 сек, WT = 0,751000 сек
  > B = 144, D =  38, MT = 0,652000 сек, RT = 0,082000 сек, WT = 0,734000 сек
  > B = 144, D =  39, MT = 0,663000 сек, RT = 0,086000 сек, WT = 0,749000 сек
  > B = 144, D =  40, MT = 0,652000 сек, RT = 0,069000 сек, WT = 0,721000 сек
  > B = 145, D =  10, MT = 0,634000 сек, RT = 0,059000 сек, WT = 0,693000 сек
  > B = 145, D =  11, MT = 0,707000 сек, RT = 0,084000 сек, WT = 0,791000 сек
  > B = 145, D =  12, MT = 0,625000 сек, RT = 0,081000 сек, WT = 0,706000 сек
  > B = 145, D =  13, MT = 0,615000 сек, RT = 0,079000 сек, WT = 0,694000 сек
  > B = 145, D =  14, MT = 0,587000 сек, RT = 0,082000 сек, WT = 0,669000 сек
  > B = 145, D =  15, MT = 0,584000 сек, RT = 0,055000 сек, WT = 0,639000 сек
  > B = 145, D =  16, MT = 0,597000 сек, RT = 0,081000 сек, WT = 0,678000 сек
  > B = 145, D =  17, MT = 0,574000 сек, RT = 0,097000 сек, WT = 0,671000 сек
  > B = 145, D =  18, MT = 0,607000 сек, RT = 0,079000 сек, WT = 0,686000 сек
  > B = 145, D =  19, MT = 0,610000 сек, RT = 0,090000 сек, WT = 0,700000 сек
  > B = 145, D =  20, MT = 0,562000 сек, RT = 0,058000 сек, WT = 0,620000 сек
  > B = 145, D =  21, MT = 0,615000 сек, RT = 0,084000 сек, WT = 0,699000 сек
  > B = 145, D =  22, MT = 0,592000 сек, RT = 0,094000 сек, WT = 0,686000 сек
  > B = 145, D =  23, MT = 0,595000 сек, RT = 0,084000 сек, WT = 0,679000 сек
  > B = 145, D =  24, MT = 0,597000 сек, RT = 0,080000 сек, WT = 0,677000 сек
  > B = 145, D =  25, MT = 0,586000 сек, RT = 0,059000 сек, WT = 0,645000 сек
  > B = 145, D =  26, MT = 0,581000 сек, RT = 0,078000 сек, WT = 0,659000 сек
  > B = 145, D =  27, MT = 0,597000 сек, RT = 0,085000 сек, WT = 0,682000 сек
  > B = 145, D =  28, MT = 0,613000 сек, RT = 0,086000 сек, WT = 0,699000 сек
  > B = 145, D =  29, MT = 0,614000 сек, RT = 0,076000 сек, WT = 0,690000 сек
  > B = 145, D =  30, MT = 0,629000 сек, RT = 0,059000 сек, WT = 0,688000 сек
  > B = 145, D =  31, MT = 0,653000 сек, RT = 0,095000 сек, WT = 0,748000 сек
  > B = 145, D =  32, MT = 0,627000 сек, RT = 0,086000 сек, WT = 0,713000 сек
  > B = 145, D =  33, MT = 0,672000 сек, RT = 0,092000 сек, WT = 0,764000 сек
  > B = 145, D =  34, MT = 0,658000 сек, RT = 0,085000 сек, WT = 0,743000 сек
  > B = 145, D =  35, MT = 0,685000 сек, RT = 0,058000 сек, WT = 0,743000 сек
  > B = 145, D =  36, MT = 0,647000 сек, RT = 0,087000 сек, WT = 0,734000 сек
  > B = 145, D =  37, MT = 0,634000 сек, RT = 0,091000 сек, WT = 0,725000 сек
  > B = 145, D =  38, MT = 0,631000 сек, RT = 0,084000 сек, WT = 0,715000 сек
  > B = 145, D =  39, MT = 0,636000 сек, RT = 0,081000 сек, WT = 0,717000 сек
  > B = 145, D =  40, MT = 0,631000 сек, RT = 0,059000 сек, WT = 0,690000 сек
  > B = 146, D =  10, MT = 0,662000 сек, RT = 0,086000 сек, WT = 0,748000 сек
  > B = 146, D =  11, MT = 0,738000 сек, RT = 0,108000 сек, WT = 0,846000 сек
  > B = 146, D =  12, MT = 0,612000 сек, RT = 0,101000 сек, WT = 0,713000 сек
  > B = 146, D =  13, MT = 0,617000 сек, RT = 0,118000 сек, WT = 0,735000 сек
  > B = 146, D =  14, MT = 0,599000 сек, RT = 0,091000 сек, WT = 0,690000 сек
  > B = 146, D =  15, MT = 0,594000 сек, RT = 0,104000 сек, WT = 0,698000 сек
  > B = 146, D =  16, MT = 0,580000 сек, RT = 0,085000 сек, WT = 0,665000 сек
  > B = 146, D =  17, MT = 0,549000 сек, RT = 0,102000 сек, WT = 0,651000 сек
  > B = 146, D =  18, MT = 0,603000 сек, RT = 0,083000 сек, WT = 0,686000 сек
  > B = 146, D =  19, MT = 0,629000 сек, RT = 0,106000 сек, WT = 0,735000 сек
  > B = 146, D =  20, MT = 0,605000 сек, RT = 0,088000 сек, WT = 0,693000 сек
  > B = 146, D =  21, MT = 0,590000 сек, RT = 0,111000 сек, WT = 0,701000 сек
  > B = 146, D =  22, MT = 0,598000 сек, RT = 0,092000 сек, WT = 0,690000 сек
  > B = 146, D =  23, MT = 0,622000 сек, RT = 0,108000 сек, WT = 0,730000 сек
  > B = 146, D =  24, MT = 0,598000 сек, RT = 0,091000 сек, WT = 0,689000 сек
  > B = 146, D =  25, MT = 0,577000 сек, RT = 0,108000 сек, WT = 0,685000 сек
  > B = 146, D =  26, MT = 0,627000 сек, RT = 0,089000 сек, WT = 0,716000 сек
  > B = 146, D =  27, MT = 0,631000 сек, RT = 0,110000 сек, WT = 0,741000 сек
  > B = 146, D =  28, MT = 0,626000 сек, RT = 0,091000 сек, WT = 0,717000 сек
  > B = 146, D =  29, MT = 0,637000 сек, RT = 0,110000 сек, WT = 0,747000 сек
  > B = 146, D =  30, MT = 0,619000 сек, RT = 0,108000 сек, WT = 0,727000 сек
  > B = 146, D =  31, MT = 0,632000 сек, RT = 0,100000 сек, WT = 0,732000 сек
  > B = 146, D =  32, MT = 0,660000 сек, RT = 0,091000 сек, WT = 0,751000 сек
  > B = 146, D =  33, MT = 0,634000 сек, RT = 0,110000 сек, WT = 0,744000 сек
  > B = 146, D =  34, MT = 0,625000 сек, RT = 0,090000 сек, WT = 0,715000 сек
  > B = 146, D =  35, MT = 0,692000 сек, RT = 0,103000 сек, WT = 0,795000 сек
  > B = 146, D =  36, MT = 0,667000 сек, RT = 0,099000 сек, WT = 0,766000 сек
  > B = 146, D =  37, MT = 0,642000 сек, RT = 0,113000 сек, WT = 0,755000 сек
  > B = 146, D =  38, MT = 0,651000 сек, RT = 0,090000 сек, WT = 0,741000 сек
  > B = 146, D =  39, MT = 0,666000 сек, RT = 0,121000 сек, WT = 0,787000 сек
  > B = 146, D =  40, MT = 0,635000 сек, RT = 0,086000 сек, WT = 0,721000 сек
  > B = 147, D =  10, MT = 0,640000 сек, RT = 0,487000 сек, WT = 1,127000 сек
  > B = 147, D =  11, MT = 0,671000 сек, RT = 0,524000 сек, WT = 1,195000 сек
  > B = 147, D =  12, MT = 0,592000 сек, RT = 0,470000 сек, WT = 1,062000 сек
  > B = 147, D =  13, MT = 0,651000 сек, RT = 0,507000 сек, WT = 1,158000 сек
  > B = 147, D =  14, MT = 0,574000 сек, RT = 0,468000 сек, WT = 1,042000 сек
  > B = 147, D =  15, MT = 0,571000 сек, RT = 0,468000 сек, WT = 1,039000 сек
  > B = 147, D =  16, MT = 0,563000 сек, RT = 0,477000 сек, WT = 1,040000 сек
  > B = 147, D =  17, MT = 0,549000 сек, RT = 0,483000 сек, WT = 1,032000 сек
  > B = 147, D =  18, MT = 0,592000 сек, RT = 0,460000 сек, WT = 1,052000 сек
  > B = 147, D =  19, MT = 0,575000 сек, RT = 0,505000 сек, WT = 1,080000 сек
  > B = 147, D =  20, MT = 0,552000 сек, RT = 0,488000 сек, WT = 1,040000 сек
  > B = 147, D =  21, MT = 0,563000 сек, RT = 0,470000 сек, WT = 1,033000 сек
  > B = 147, D =  22, MT = 0,576000 сек, RT = 0,491000 сек, WT = 1,067000 сек
  > B = 147, D =  23, MT = 0,593000 сек, RT = 0,492000 сек, WT = 1,085000 сек
  > B = 147, D =  24, MT = 0,572000 сек, RT = 0,478000 сек, WT = 1,050000 сек
  > B = 147, D =  25, MT = 0,604000 сек, RT = 0,501000 сек, WT = 1,105000 сек
  > B = 147, D =  26, MT = 0,613000 сек, RT = 0,497000 сек, WT = 1,110000 сек
  > B = 147, D =  27, MT = 0,620000 сек, RT = 0,536000 сек, WT = 1,156000 сек
  > B = 147, D =  28, MT = 0,575000 сек, RT = 0,473000 сек, WT = 1,048000 сек
  > B = 147, D =  29, MT = 0,614000 сек, RT = 0,508000 сек, WT = 1,122000 сек
  > B = 147, D =  30, MT = 0,615000 сек, RT = 0,460000 сек, WT = 1,075000 сек
  > B = 147, D =  31, MT = 0,632000 сек, RT = 0,546000 сек, WT = 1,178000 сек
  > B = 147, D =  32, MT = 0,643000 сек, RT = 0,518000 сек, WT = 1,161000 сек
  > B = 147, D =  33, MT = 0,642000 сек, RT = 0,478000 сек, WT = 1,120000 сек
  > B = 147, D =  34, MT = 0,623000 сек, RT = 0,507000 сек, WT = 1,130000 сек
  > B = 147, D =  35, MT = 0,638000 сек, RT = 0,455000 сек, WT = 1,093000 сек
  > B = 147, D =  36, MT = 0,619000 сек, RT = 0,457000 сек, WT = 1,076000 сек
  > B = 147, D =  37, MT = 0,623000 сек, RT = 0,483000 сек, WT = 1,106000 сек
  > B = 147, D =  38, MT = 0,619000 сек, RT = 0,479000 сек, WT = 1,098000 сек
  > B = 147, D =  39, MT = 0,625000 сек, RT = 0,460000 сек, WT = 1,085000 сек
  > B = 147, D =  40, MT = 0,604000 сек, RT = 0,481000 сек, WT = 1,085000 сек
  > B = 148, D =  10, MT = 0,618000 сек, RT = 0,078000 сек, WT = 0,696000 сек
  > B = 148, D =  11, MT = 0,656000 сек, RT = 0,094000 сек, WT = 0,750000 сек
  > B = 148, D =  12, MT = 0,571000 сек, RT = 0,070000 сек, WT = 0,641000 сек
  > B = 148, D =  13, MT = 0,577000 сек, RT = 0,096000 сек, WT = 0,673000 сек
  > B = 148, D =  14, MT = 0,568000 сек, RT = 0,077000 сек, WT = 0,645000 сек
  > B = 148, D =  15, MT = 0,577000 сек, RT = 0,095000 сек, WT = 0,672000 сек
  > B = 148, D =  16, MT = 0,553000 сек, RT = 0,069000 сек, WT = 0,622000 сек
  > B = 148, D =  17, MT = 0,553000 сек, RT = 0,097000 сек, WT = 0,650000 сек
  > B = 148, D =  18, MT = 0,564000 сек, RT = 0,077000 сек, WT = 0,641000 сек
  > B = 148, D =  19, MT = 0,578000 сек, RT = 0,096000 сек, WT = 0,674000 сек
  > B = 148, D =  20, MT = 0,568000 сек, RT = 0,071000 сек, WT = 0,639000 сек
  > B = 148, D =  21, MT = 0,585000 сек, RT = 0,094000 сек, WT = 0,679000 сек
  > B = 148, D =  22, MT = 0,565000 сек, RT = 0,077000 сек, WT = 0,642000 сек
  > B = 148, D =  23, MT = 0,587000 сек, RT = 0,095000 сек, WT = 0,682000 сек
  > B = 148, D =  24, MT = 0,558000 сек, RT = 0,073000 сек, WT = 0,631000 сек
  > B = 148, D =  25, MT = 0,574000 сек, RT = 0,096000 сек, WT = 0,670000 сек
  > B = 148, D =  26, MT = 0,568000 сек, RT = 0,078000 сек, WT = 0,646000 сек
  > B = 148, D =  27, MT = 0,582000 сек, RT = 0,096000 сек, WT = 0,678000 сек
  > B = 148, D =  28, MT = 0,583000 сек, RT = 0,069000 сек, WT = 0,652000 сек
  > B = 148, D =  29, MT = 0,644000 сек, RT = 0,103000 сек, WT = 0,747000 сек
  > B = 148, D =  30, MT = 0,634000 сек, RT = 0,092000 сек, WT = 0,726000 сек
  > B = 148, D =  31, MT = 0,630000 сек, RT = 0,102000 сек, WT = 0,732000 сек
  > B = 148, D =  32, MT = 0,625000 сек, RT = 0,070000 сек, WT = 0,695000 сек
  > B = 148, D =  33, MT = 0,612000 сек, RT = 0,102000 сек, WT = 0,714000 сек
  > B = 148, D =  34, MT = 0,662000 сек, RT = 0,079000 сек, WT = 0,741000 сек
  > B = 148, D =  35, MT = 0,696000 сек, RT = 0,094000 сек, WT = 0,790000 сек
  > B = 148, D =  36, MT = 0,643000 сек, RT = 0,072000 сек, WT = 0,715000 сек
  > B = 148, D =  37, MT = 0,659000 сек, RT = 0,074000 сек, WT = 0,733000 сек
  > B = 148, D =  38, MT = 0,630000 сек, RT = 0,082000 сек, WT = 0,712000 сек
  > B = 148, D =  39, MT = 0,673000 сек, RT = 0,101000 сек, WT = 0,774000 сек
  > B = 148, D =  40, MT = 0,699000 сек, RT = 0,076000 сек, WT = 0,775000 сек
  > B = 149, D =  10, MT = 0,676000 сек, RT = 0,153000 сек, WT = 0,829000 сек
  > B = 149, D =  11, MT = 0,741000 сек, RT = 0,130000 сек, WT = 0,871000 сек
  > B = 149, D =  12, MT = 0,781000 сек, RT = 0,143000 сек, WT = 0,924000 сек
  > B = 149, D =  13, MT = 0,606000 сек, RT = 0,176000 сек, WT = 0,782000 сек
  > B = 149, D =  14, MT = 0,627000 сек, RT = 0,145000 сек, WT = 0,772000 сек
  > B = 149, D =  15, MT = 0,620000 сек, RT = 0,132000 сек, WT = 0,752000 сек
  > B = 149, D =  16, MT = 0,609000 сек, RT = 0,131000 сек, WT = 0,740000 сек
  > B = 149, D =  17, MT = 0,596000 сек, RT = 0,137000 сек, WT = 0,733000 сек
  > B = 149, D =  18, MT = 0,651000 сек, RT = 0,133000 сек, WT = 0,784000 сек
  > B = 149, D =  19, MT = 0,636000 сек, RT = 0,133000 сек, WT = 0,769000 сек
  > B = 149, D =  20, MT = 0,583000 сек, RT = 0,128000 сек, WT = 0,711000 сек
  > B = 149, D =  21, MT = 0,600000 сек, RT = 0,128000 сек, WT = 0,728000 сек
  > B = 149, D =  22, MT = 0,590000 сек, RT = 0,132000 сек, WT = 0,722000 сек
  > B = 149, D =  23, MT = 0,610000 сек, RT = 0,128000 сек, WT = 0,738000 сек
  > B = 149, D =  24, MT = 0,585000 сек, RT = 0,127000 сек, WT = 0,712000 сек
  > B = 149, D =  25, MT = 0,622000 сек, RT = 0,146000 сек, WT = 0,768000 сек
  > B = 149, D =  26, MT = 0,617000 сек, RT = 0,127000 сек, WT = 0,744000 сек
  > B = 149, D =  27, MT = 0,715000 сек, RT = 0,157000 сек, WT = 0,872000 сек
  > B = 149, D =  28, MT = 0,661000 сек, RT = 0,148000 сек, WT = 0,809000 сек
  > B = 149, D =  29, MT = 0,698000 сек, RT = 0,209000 сек, WT = 0,907000 сек
  > B = 149, D =  30, MT = 0,654000 сек, RT = 0,141000 сек, WT = 0,795000 сек
  > B = 149, D =  31, MT = 0,656000 сек, RT = 0,162000 сек, WT = 0,818000 сек
  > B = 149, D =  32, MT = 0,693000 сек, RT = 0,138000 сек, WT = 0,831000 сек
  > B = 149, D =  33, MT = 0,759000 сек, RT = 0,136000 сек, WT = 0,895000 сек
  > B = 149, D =  34, MT = 0,689000 сек, RT = 0,137000 сек, WT = 0,826000 сек
  > B = 149, D =  35, MT = 0,678000 сек, RT = 0,145000 сек, WT = 0,823000 сек
  > B = 149, D =  36, MT = 0,645000 сек, RT = 0,128000 сек, WT = 0,773000 сек
  > B = 149, D =  37, MT = 0,670000 сек, RT = 0,133000 сек, WT = 0,803000 сек
  > B = 149, D =  38, MT = 0,739000 сек, RT = 0,137000 сек, WT = 0,876000 сек
  > B = 149, D =  39, MT = 0,687000 сек, RT = 0,156000 сек, WT = 0,843000 сек
  > B = 149, D =  40, MT = 0,657000 сек, RT = 0,152000 сек, WT = 0,809000 сек
  > B = 150, D =  10, MT = 0,694000 сек, RT = 0,026000 сек, WT = 0,720000 сек
  > B = 150, D =  11, MT = 0,712000 сек, RT = 0,059000 сек, WT = 0,771000 сек
  > B = 150, D =  12, MT = 0,656000 сек, RT = 0,039000 сек, WT = 0,695000 сек
  > B = 150, D =  13, MT = 0,641000 сек, RT = 0,061000 сек, WT = 0,702000 сек
  > B = 150, D =  14, MT = 0,674000 сек, RT = 0,042000 сек, WT = 0,716000 сек
  > B = 150, D =  15, MT = 0,629000 сек, RT = 0,027000 сек, WT = 0,656000 сек
  > B = 150, D =  16, MT = 0,639000 сек, RT = 0,115000 сек, WT = 0,754000 сек
  > B = 150, D =  17, MT = 0,631000 сек, RT = 0,069000 сек, WT = 0,700000 сек
  > B = 150, D =  18, MT = 0,630000 сек, RT = 0,035000 сек, WT = 0,665000 сек
  > B = 150, D =  19, MT = 0,645000 сек, RT = 0,064000 сек, WT = 0,709000 сек
  > B = 150, D =  20, MT = 0,625000 сек, RT = 0,027000 сек, WT = 0,652000 сек
  > B = 150, D =  21, MT = 0,657000 сек, RT = 0,038000 сек, WT = 0,695000 сек
  > B = 150, D =  22, MT = 0,649000 сек, RT = 0,044000 сек, WT = 0,693000 сек
  > B = 150, D =  23, MT = 0,650000 сек, RT = 0,062000 сек, WT = 0,712000 сек
  > B = 150, D =  24, MT = 0,575000 сек, RT = 0,031000 сек, WT = 0,606000 сек
  > B = 150, D =  25, MT = 0,577000 сек, RT = 0,026000 сек, WT = 0,603000 сек
  > B = 150, D =  26, MT = 0,629000 сек, RT = 0,039000 сек, WT = 0,668000 сек
  > B = 150, D =  27, MT = 0,637000 сек, RT = 0,039000 сек, WT = 0,676000 сек
  > B = 150, D =  28, MT = 0,590000 сек, RT = 0,040000 сек, WT = 0,630000 сек
  > B = 150, D =  29, MT = 0,608000 сек, RT = 0,057000 сек, WT = 0,665000 сек
  > B = 150, D =  30, MT = 0,598000 сек, RT = 0,026000 сек, WT = 0,624000 сек
  > B = 150, D =  31, MT = 0,616000 сек, RT = 0,063000 сек, WT = 0,679000 сек
  > B = 150, D =  32, MT = 0,643000 сек, RT = 0,038000 сек, WT = 0,681000 сек
  > B = 150, D =  33, MT = 0,667000 сек, RT = 0,039000 сек, WT = 0,706000 сек
  > B = 150, D =  34, MT = 0,659000 сек, RT = 0,044000 сек, WT = 0,703000 сек
  > B = 150, D =  35, MT = 0,679000 сек, RT = 0,031000 сек, WT = 0,710000 сек
  > B = 150, D =  36, MT = 0,681000 сек, RT = 0,030000 сек, WT = 0,711000 сек
  > B = 150, D =  37, MT = 0,687000 сек, RT = 0,062000 сек, WT = 0,749000 сек
  > B = 150, D =  38, MT = 0,680000 сек, RT = 0,043000 сек, WT = 0,723000 сек
  > B = 150, D =  39, MT = 0,642000 сек, RT = 0,042000 сек, WT = 0,684000 сек
  > B = 150, D =  40, MT = 0,645000 сек, RT = 0,026000 сек, WT = 0,671000 сек
  -----------------------------------------------------------------
  > Оптимальные параметры:
    По времени умножения (только умножение)          : 137 и 24 (0,536000 сек)
    По общему времени (переразмещение + умножение)   : 50 и 20 (0,570000 сек)
